tests/manage.test.ts(697,64): error TS2538: Type 'ReturnNumber' cannot be used as an index type.
tests/scenarios/utils/actions.ts(449,61): error TS2363: The right-hand side of an arithmetic operation must be of type 'any', 'number', 'bigint' or an enum type.
tests/scenarios/utils/actions.ts(456,55): error TS2363: The right-hand side of an arithmetic operation must be of type 'any', 'number', 'bigint' or an enum type.
typechain/build-extrinsic/a_token.ts(30,37): error TS2345: Argument of type 'import("/home/lukas/repos/abax/abacus-protocol/node_modules/@polkadot/api/promise/Api").ApiPromise' is not assignable to parameter of type 'import("/home/lukas/repos/abax/abacus-protocol/node_modules/wookashwackomytest-typechain-types/node_modules/@polkadot/api/promise/Api").ApiPromise'.
typechain/build-extrinsic/a_token.ts(42,37): error TS2345: Argument of type 'import("/home/lukas/repos/abax/abacus-protocol/node_modules/@polkadot/api/promise/Api").ApiPromise' is not assignable to parameter of type 'import("/home/lukas/repos/abax/abacus-protocol/node_modules/wookashwackomytest-typechain-types/node_modules/@polkadot/api/promise/Api").ApiPromise'.
typechain/build-extrinsic/a_token.ts(60,37): error TS2345: Argument of type 'import("/home/lukas/repos/abax/abacus-protocol/node_modules/@polkadot/api/promise/Api").ApiPromise' is not assignable to parameter of type 'import("/home/lukas/repos/abax/abacus-protocol/node_modules/wookashwackomytest-typechain-types/node_modules/@polkadot/api/promise/Api").ApiPromise'.
typechain/build-extrinsic/a_token.ts(70,37): error TS2345: Argument of type 'import("/home/lukas/repos/abax/abacus-protocol/node_modules/@polkadot/api/promise/Api").ApiPromise' is not assignable to parameter of type 'import("/home/lukas/repos/abax/abacus-protocol/node_modules/wookashwackomytest-typechain-types/node_modules/@polkadot/api/promise/Api").ApiPromise'.
typechain/build-extrinsic/a_token.ts(80,37): error TS2345: Argument of type 'import("/home/lukas/repos/abax/abacus-protocol/node_modules/@polkadot/api/promise/Api").ApiPromise' is not assignable to parameter of type 'import("/home/lukas/repos/abax/abacus-protocol/node_modules/wookashwackomytest-typechain-types/node_modules/@polkadot/api/promise/Api").ApiPromise'.
typechain/build-extrinsic/a_token.ts(92,37): error TS2345: Argument of type 'import("/home/lukas/repos/abax/abacus-protocol/node_modules/@polkadot/api/promise/Api").ApiPromise' is not assignable to parameter of type 'import("/home/lukas/repos/abax/abacus-protocol/node_modules/wookashwackomytest-typechain-types/node_modules/@polkadot/api/promise/Api").ApiPromise'.
typechain/build-extrinsic/a_token.ts(106,37): error TS2345: Argument of type 'import("/home/lukas/repos/abax/abacus-protocol/node_modules/@polkadot/api/promise/Api").ApiPromise' is not assignable to parameter of type 'import("/home/lukas/repos/abax/abacus-protocol/node_modules/wookashwackomytest-typechain-types/node_modules/@polkadot/api/promise/Api").ApiPromise'.
typechain/build-extrinsic/a_token.ts(122,37): error TS2345: Argument of type 'import("/home/lukas/repos/abax/abacus-protocol/node_modules/@polkadot/api/promise/Api").ApiPromise' is not assignable to parameter of type 'import("/home/lukas/repos/abax/abacus-protocol/node_modules/wookashwackomytest-typechain-types/node_modules/@polkadot/api/promise/Api").ApiPromise'.
typechain/build-extrinsic/a_token.ts(140,37): error TS2345: Argument of type 'import("/home/lukas/repos/abax/abacus-protocol/node_modules/@polkadot/api/promise/Api").ApiPromise' is not assignable to parameter of type 'import("/home/lukas/repos/abax/abacus-protocol/node_modules/wookashwackomytest-typechain-types/node_modules/@polkadot/api/promise/Api").ApiPromise'.
typechain/build-extrinsic/a_token.ts(154,37): error TS2345: Argument of type 'import("/home/lukas/repos/abax/abacus-protocol/node_modules/@polkadot/api/promise/Api").ApiPromise' is not assignable to parameter of type 'import("/home/lukas/repos/abax/abacus-protocol/node_modules/wookashwackomytest-typechain-types/node_modules/@polkadot/api/promise/Api").ApiPromise'.
typechain/build-extrinsic/a_token.ts(168,37): error TS2345: Argument of type 'import("/home/lukas/repos/abax/abacus-protocol/node_modules/@polkadot/api/promise/Api").ApiPromise' is not assignable to parameter of type 'import("/home/lukas/repos/abax/abacus-protocol/node_modules/wookashwackomytest-typechain-types/node_modules/@polkadot/api/promise/Api").ApiPromise'.
typechain/build-extrinsic/a_token.ts(182,37): error TS2345: Argument of type 'import("/home/lukas/repos/abax/abacus-protocol/node_modules/@polkadot/api/promise/Api").ApiPromise' is not assignable to parameter of type 'import("/home/lukas/repos/abax/abacus-protocol/node_modules/wookashwackomytest-typechain-types/node_modules/@polkadot/api/promise/Api").ApiPromise'.
typechain/build-extrinsic/a_token.ts(192,37): error TS2345: Argument of type 'import("/home/lukas/repos/abax/abacus-protocol/node_modules/@polkadot/api/promise/Api").ApiPromise' is not assignable to parameter of type 'import("/home/lukas/repos/abax/abacus-protocol/node_modules/wookashwackomytest-typechain-types/node_modules/@polkadot/api/promise/Api").ApiPromise'.
typechain/build-extrinsic/a_token.ts(202,37): error TS2345: Argument of type 'import("/home/lukas/repos/abax/abacus-protocol/node_modules/@polkadot/api/promise/Api").ApiPromise' is not assignable to parameter of type 'import("/home/lukas/repos/abax/abacus-protocol/node_modules/wookashwackomytest-typechain-types/node_modules/@polkadot/api/promise/Api").ApiPromise'.
typechain/build-extrinsic/a_token.ts(212,37): error TS2345: Argument of type 'import("/home/lukas/repos/abax/abacus-protocol/node_modules/@polkadot/api/promise/Api").ApiPromise' is not assignable to parameter of type 'import("/home/lukas/repos/abax/abacus-protocol/node_modules/wookashwackomytest-typechain-types/node_modules/@polkadot/api/promise/Api").ApiPromise'.
typechain/build-extrinsic/balance_viewer.ts(34,37): error TS2345: Argument of type 'import("/home/lukas/repos/abax/abacus-protocol/node_modules/@polkadot/api/promise/Api").ApiPromise' is not assignable to parameter of type 'import("/home/lukas/repos/abax/abacus-protocol/node_modules/wookashwackomytest-typechain-types/node_modules/@polkadot/api/promise/Api").ApiPromise'.
typechain/build-extrinsic/balance_viewer.ts(46,37): error TS2345: Argument of type 'import("/home/lukas/repos/abax/abacus-protocol/node_modules/@polkadot/api/promise/Api").ApiPromise' is not assignable to parameter of type 'import("/home/lukas/repos/abax/abacus-protocol/node_modules/wookashwackomytest-typechain-types/node_modules/@polkadot/api/promise/Api").ApiPromise'.
typechain/build-extrinsic/balance_viewer.ts(58,37): error TS2345: Argument of type 'import("/home/lukas/repos/abax/abacus-protocol/node_modules/@polkadot/api/promise/Api").ApiPromise' is not assignable to parameter of type 'import("/home/lukas/repos/abax/abacus-protocol/node_modules/wookashwackomytest-typechain-types/node_modules/@polkadot/api/promise/Api").ApiPromise'.
typechain/build-extrinsic/balance_viewer.ts(72,37): error TS2345: Argument of type 'import("/home/lukas/repos/abax/abacus-protocol/node_modules/@polkadot/api/promise/Api").ApiPromise' is not assignable to parameter of type 'import("/home/lukas/repos/abax/abacus-protocol/node_modules/wookashwackomytest-typechain-types/node_modules/@polkadot/api/promise/Api").ApiPromise'.
typechain/build-extrinsic/balance_viewer.ts(86,37): error TS2345: Argument of type 'import("/home/lukas/repos/abax/abacus-protocol/node_modules/@polkadot/api/promise/Api").ApiPromise' is not assignable to parameter of type 'import("/home/lukas/repos/abax/abacus-protocol/node_modules/wookashwackomytest-typechain-types/node_modules/@polkadot/api/promise/Api").ApiPromise'.
typechain/build-extrinsic/balance_viewer.ts(98,37): error TS2345: Argument of type 'import("/home/lukas/repos/abax/abacus-protocol/node_modules/@polkadot/api/promise/Api").ApiPromise' is not assignable to parameter of type 'import("/home/lukas/repos/abax/abacus-protocol/node_modules/wookashwackomytest-typechain-types/node_modules/@polkadot/api/promise/Api").ApiPromise'.
typechain/build-extrinsic/balance_viewer.ts(110,37): error TS2345: Argument of type 'import("/home/lukas/repos/abax/abacus-protocol/node_modules/@polkadot/api/promise/Api").ApiPromise' is not assignable to parameter of type 'import("/home/lukas/repos/abax/abacus-protocol/node_modules/wookashwackomytest-typechain-types/node_modules/@polkadot/api/promise/Api").ApiPromise'.
typechain/build-extrinsic/dia_oracle.ts(30,37): error TS2345: Argument of type 'import("/home/lukas/repos/abax/abacus-protocol/node_modules/@polkadot/api/promise/Api").ApiPromise' is not assignable to parameter of type 'import("/home/lukas/repos/abax/abacus-protocol/node_modules/wookashwackomytest-typechain-types/node_modules/@polkadot/api/promise/Api").ApiPromise'.
typechain/build-extrinsic/dia_oracle.ts(42,37): error TS2345: Argument of type 'import("/home/lukas/repos/abax/abacus-protocol/node_modules/@polkadot/api/promise/Api").ApiPromise' is not assignable to parameter of type 'import("/home/lukas/repos/abax/abacus-protocol/node_modules/wookashwackomytest-typechain-types/node_modules/@polkadot/api/promise/Api").ApiPromise'.
typechain/build-extrinsic/dia_oracle.ts(54,37): error TS2345: Argument of type 'import("/home/lukas/repos/abax/abacus-protocol/node_modules/@polkadot/api/promise/Api").ApiPromise' is not assignable to parameter of type 'import("/home/lukas/repos/abax/abacus-protocol/node_modules/wookashwackomytest-typechain-types/node_modules/@polkadot/api/promise/Api").ApiPromise'.
typechain/build-extrinsic/dia_oracle.ts(66,37): error TS2345: Argument of type 'import("/home/lukas/repos/abax/abacus-protocol/node_modules/@polkadot/api/promise/Api").ApiPromise' is not assignable to parameter of type 'import("/home/lukas/repos/abax/abacus-protocol/node_modules/wookashwackomytest-typechain-types/node_modules/@polkadot/api/promise/Api").ApiPromise'.
typechain/build-extrinsic/dia_oracle.ts(80,37): error TS2345: Argument of type 'import("/home/lukas/repos/abax/abacus-protocol/node_modules/@polkadot/api/promise/Api").ApiPromise' is not assignable to parameter of type 'import("/home/lukas/repos/abax/abacus-protocol/node_modules/wookashwackomytest-typechain-types/node_modules/@polkadot/api/promise/Api").ApiPromise'.
typechain/build-extrinsic/dia_oracle.ts(92,37): error TS2345: Argument of type 'import("/home/lukas/repos/abax/abacus-protocol/node_modules/@polkadot/api/promise/Api").ApiPromise' is not assignable to parameter of type 'import("/home/lukas/repos/abax/abacus-protocol/node_modules/wookashwackomytest-typechain-types/node_modules/@polkadot/api/promise/Api").ApiPromise'.
typechain/build-extrinsic/dia_oracle.ts(102,37): error TS2345: Argument of type 'import("/home/lukas/repos/abax/abacus-protocol/node_modules/@polkadot/api/promise/Api").ApiPromise' is not assignable to parameter of type 'import("/home/lukas/repos/abax/abacus-protocol/node_modules/wookashwackomytest-typechain-types/node_modules/@polkadot/api/promise/Api").ApiPromise'.
typechain/build-extrinsic/dia_oracle.ts(114,37): error TS2345: Argument of type 'import("/home/lukas/repos/abax/abacus-protocol/node_modules/@polkadot/api/promise/Api").ApiPromise' is not assignable to parameter of type 'import("/home/lukas/repos/abax/abacus-protocol/node_modules/wookashwackomytest-typechain-types/node_modules/@polkadot/api/promise/Api").ApiPromise'.
typechain/build-extrinsic/dia_oracle.ts(126,37): error TS2345: Argument of type 'import("/home/lukas/repos/abax/abacus-protocol/node_modules/@polkadot/api/promise/Api").ApiPromise' is not assignable to parameter of type 'import("/home/lukas/repos/abax/abacus-protocol/node_modules/wookashwackomytest-typechain-types/node_modules/@polkadot/api/promise/Api").ApiPromise'.
typechain/build-extrinsic/flash_loan_receiver_mock.ts(32,37): error TS2345: Argument of type 'import("/home/lukas/repos/abax/abacus-protocol/node_modules/@polkadot/api/promise/Api").ApiPromise' is not assignable to parameter of type 'import("/home/lukas/repos/abax/abacus-protocol/node_modules/wookashwackomytest-typechain-types/node_modules/@polkadot/api/promise/Api").ApiPromise'.
typechain/build-extrinsic/flash_loan_receiver_mock.ts(44,37): error TS2345: Argument of type 'import("/home/lukas/repos/abax/abacus-protocol/node_modules/@polkadot/api/promise/Api").ApiPromise' is not assignable to parameter of type 'import("/home/lukas/repos/abax/abacus-protocol/node_modules/wookashwackomytest-typechain-types/node_modules/@polkadot/api/promise/Api").ApiPromise'.
typechain/build-extrinsic/flash_loan_receiver_mock.ts(56,37): error TS2345: Argument of type 'import("/home/lukas/repos/abax/abacus-protocol/node_modules/@polkadot/api/promise/Api").ApiPromise' is not assignable to parameter of type 'import("/home/lukas/repos/abax/abacus-protocol/node_modules/wookashwackomytest-typechain-types/node_modules/@polkadot/api/promise/Api").ApiPromise'.
typechain/build-extrinsic/flash_loan_receiver_mock.ts(74,37): error TS2345: Argument of type 'import("/home/lukas/repos/abax/abacus-protocol/node_modules/@polkadot/api/promise/Api").ApiPromise' is not assignable to parameter of type 'import("/home/lukas/repos/abax/abacus-protocol/node_modules/wookashwackomytest-typechain-types/node_modules/@polkadot/api/promise/Api").ApiPromise'.
typechain/build-extrinsic/lending_pool.ts(32,37): error TS2345: Argument of type 'import("/home/lukas/repos/abax/abacus-protocol/node_modules/@polkadot/api/promise/Api").ApiPromise' is not assignable to parameter of type 'import("/home/lukas/repos/abax/abacus-protocol/node_modules/wookashwackomytest-typechain-types/node_modules/@polkadot/api/promise/Api").ApiPromise'.
typechain/build-extrinsic/lending_pool.ts(50,37): error TS2345: Argument of type 'import("/home/lukas/repos/abax/abacus-protocol/node_modules/@polkadot/api/promise/Api").ApiPromise' is not assignable to parameter of type 'import("/home/lukas/repos/abax/abacus-protocol/node_modules/wookashwackomytest-typechain-types/node_modules/@polkadot/api/promise/Api").ApiPromise'.
typechain/build-extrinsic/lending_pool.ts(68,37): error TS2345: Argument of type 'import("/home/lukas/repos/abax/abacus-protocol/node_modules/@polkadot/api/promise/Api").ApiPromise' is not assignable to parameter of type 'import("/home/lukas/repos/abax/abacus-protocol/node_modules/wookashwackomytest-typechain-types/node_modules/@polkadot/api/promise/Api").ApiPromise'.
typechain/build-extrinsic/lending_pool.ts(80,37): error TS2345: Argument of type 'import("/home/lukas/repos/abax/abacus-protocol/node_modules/@polkadot/api/promise/Api").ApiPromise' is not assignable to parameter of type 'import("/home/lukas/repos/abax/abacus-protocol/node_modules/wookashwackomytest-typechain-types/node_modules/@polkadot/api/promise/Api").ApiPromise'.
typechain/build-extrinsic/lending_pool.ts(94,37): error TS2345: Argument of type 'import("/home/lukas/repos/abax/abacus-protocol/node_modules/@polkadot/api/promise/Api").ApiPromise' is not assignable to parameter of type 'import("/home/lukas/repos/abax/abacus-protocol/node_modules/wookashwackomytest-typechain-types/node_modules/@polkadot/api/promise/Api").ApiPromise'.
typechain/build-extrinsic/lending_pool.ts(112,37): error TS2345: Argument of type 'import("/home/lukas/repos/abax/abacus-protocol/node_modules/@polkadot/api/promise/Api").ApiPromise' is not assignable to parameter of type 'import("/home/lukas/repos/abax/abacus-protocol/node_modules/wookashwackomytest-typechain-types/node_modules/@polkadot/api/promise/Api").ApiPromise'.
typechain/build-extrinsic/lending_pool.ts(130,37): error TS2345: Argument of type 'import("/home/lukas/repos/abax/abacus-protocol/node_modules/@polkadot/api/promise/Api").ApiPromise' is not assignable to parameter of type 'import("/home/lukas/repos/abax/abacus-protocol/node_modules/wookashwackomytest-typechain-types/node_modules/@polkadot/api/promise/Api").ApiPromise'.
typechain/build-extrinsic/lending_pool.ts(148,37): error TS2345: Argument of type 'import("/home/lukas/repos/abax/abacus-protocol/node_modules/@polkadot/api/promise/Api").ApiPromise' is not assignable to parameter of type 'import("/home/lukas/repos/abax/abacus-protocol/node_modules/wookashwackomytest-typechain-types/node_modules/@polkadot/api/promise/Api").ApiPromise'.
typechain/build-extrinsic/lending_pool.ts(170,37): error TS2345: Argument of type 'import("/home/lukas/repos/abax/abacus-protocol/node_modules/@polkadot/api/promise/Api").ApiPromise' is not assignable to parameter of type 'import("/home/lukas/repos/abax/abacus-protocol/node_modules/wookashwackomytest-typechain-types/node_modules/@polkadot/api/promise/Api").ApiPromise'.
typechain/build-extrinsic/lending_pool.ts(182,37): error TS2345: Argument of type 'import("/home/lukas/repos/abax/abacus-protocol/node_modules/@polkadot/api/promise/Api").ApiPromise' is not assignable to parameter of type 'import("/home/lukas/repos/abax/abacus-protocol/node_modules/wookashwackomytest-typechain-types/node_modules/@polkadot/api/promise/Api").ApiPromise'.
typechain/build-extrinsic/lending_pool.ts(194,37): error TS2345: Argument of type 'import("/home/lukas/repos/abax/abacus-protocol/node_modules/@polkadot/api/promise/Api").ApiPromise' is not assignable to parameter of type 'import("/home/lukas/repos/abax/abacus-protocol/node_modules/wookashwackomytest-typechain-types/node_modules/@polkadot/api/promise/Api").ApiPromise'.
typechain/build-extrinsic/lending_pool.ts(206,37): error TS2345: Argument of type 'import("/home/lukas/repos/abax/abacus-protocol/node_modules/@polkadot/api/promise/Api").ApiPromise' is not assignable to parameter of type 'import("/home/lukas/repos/abax/abacus-protocol/node_modules/wookashwackomytest-typechain-types/node_modules/@polkadot/api/promise/Api").ApiPromise'.
typechain/build-extrinsic/lending_pool.ts(236,37): error TS2345: Argument of type 'import("/home/lukas/repos/abax/abacus-protocol/node_modules/@polkadot/api/promise/Api").ApiPromise' is not assignable to parameter of type 'import("/home/lukas/repos/abax/abacus-protocol/node_modules/wookashwackomytest-typechain-types/node_modules/@polkadot/api/promise/Api").ApiPromise'.
typechain/build-extrinsic/lending_pool.ts(250,37): error TS2345: Argument of type 'import("/home/lukas/repos/abax/abacus-protocol/node_modules/@polkadot/api/promise/Api").ApiPromise' is not assignable to parameter of type 'import("/home/lukas/repos/abax/abacus-protocol/node_modules/wookashwackomytest-typechain-types/node_modules/@polkadot/api/promise/Api").ApiPromise'.
typechain/build-extrinsic/lending_pool.ts(264,37): error TS2345: Argument of type 'import("/home/lukas/repos/abax/abacus-protocol/node_modules/@polkadot/api/promise/Api").ApiPromise' is not assignable to parameter of type 'import("/home/lukas/repos/abax/abacus-protocol/node_modules/wookashwackomytest-typechain-types/node_modules/@polkadot/api/promise/Api").ApiPromise'.
typechain/build-extrinsic/lending_pool.ts(278,37): error TS2345: Argument of type 'import("/home/lukas/repos/abax/abacus-protocol/node_modules/@polkadot/api/promise/Api").ApiPromise' is not assignable to parameter of type 'import("/home/lukas/repos/abax/abacus-protocol/node_modules/wookashwackomytest-typechain-types/node_modules/@polkadot/api/promise/Api").ApiPromise'.
typechain/build-extrinsic/lending_pool.ts(292,37): error TS2345: Argument of type 'import("/home/lukas/repos/abax/abacus-protocol/node_modules/@polkadot/api/promise/Api").ApiPromise' is not assignable to parameter of type 'import("/home/lukas/repos/abax/abacus-protocol/node_modules/wookashwackomytest-typechain-types/node_modules/@polkadot/api/promise/Api").ApiPromise'.
typechain/build-extrinsic/lending_pool.ts(306,37): error TS2345: Argument of type 'import("/home/lukas/repos/abax/abacus-protocol/node_modules/@polkadot/api/promise/Api").ApiPromise' is not assignable to parameter of type 'import("/home/lukas/repos/abax/abacus-protocol/node_modules/wookashwackomytest-typechain-types/node_modules/@polkadot/api/promise/Api").ApiPromise'.
typechain/build-extrinsic/lending_pool.ts(318,37): error TS2345: Argument of type 'import("/home/lukas/repos/abax/abacus-protocol/node_modules/@polkadot/api/promise/Api").ApiPromise' is not assignable to parameter of type 'import("/home/lukas/repos/abax/abacus-protocol/node_modules/wookashwackomytest-typechain-types/node_modules/@polkadot/api/promise/Api").ApiPromise'.
typechain/build-extrinsic/lending_pool.ts(334,37): error TS2345: Argument of type 'import("/home/lukas/repos/abax/abacus-protocol/node_modules/@polkadot/api/promise/Api").ApiPromise' is not assignable to parameter of type 'import("/home/lukas/repos/abax/abacus-protocol/node_modules/wookashwackomytest-typechain-types/node_modules/@polkadot/api/promise/Api").ApiPromise'.
typechain/build-extrinsic/lending_pool.ts(348,37): error TS2345: Argument of type 'import("/home/lukas/repos/abax/abacus-protocol/node_modules/@polkadot/api/promise/Api").ApiPromise' is not assignable to parameter of type 'import("/home/lukas/repos/abax/abacus-protocol/node_modules/wookashwackomytest-typechain-types/node_modules/@polkadot/api/promise/Api").ApiPromise'.
typechain/build-extrinsic/lending_pool.ts(362,37): error TS2345: Argument of type 'import("/home/lukas/repos/abax/abacus-protocol/node_modules/@polkadot/api/promise/Api").ApiPromise' is not assignable to parameter of type 'import("/home/lukas/repos/abax/abacus-protocol/node_modules/wookashwackomytest-typechain-types/node_modules/@polkadot/api/promise/Api").ApiPromise'.
typechain/build-extrinsic/lending_pool.ts(372,37): error TS2345: Argument of type 'import("/home/lukas/repos/abax/abacus-protocol/node_modules/@polkadot/api/promise/Api").ApiPromise' is not assignable to parameter of type 'import("/home/lukas/repos/abax/abacus-protocol/node_modules/wookashwackomytest-typechain-types/node_modules/@polkadot/api/promise/Api").ApiPromise'.
typechain/build-extrinsic/lending_pool.ts(384,37): error TS2345: Argument of type 'import("/home/lukas/repos/abax/abacus-protocol/node_modules/@polkadot/api/promise/Api").ApiPromise' is not assignable to parameter of type 'import("/home/lukas/repos/abax/abacus-protocol/node_modules/wookashwackomytest-typechain-types/node_modules/@polkadot/api/promise/Api").ApiPromise'.
typechain/build-extrinsic/lending_pool.ts(394,37): error TS2345: Argument of type 'import("/home/lukas/repos/abax/abacus-protocol/node_modules/@polkadot/api/promise/Api").ApiPromise' is not assignable to parameter of type 'import("/home/lukas/repos/abax/abacus-protocol/node_modules/wookashwackomytest-typechain-types/node_modules/@polkadot/api/promise/Api").ApiPromise'.
typechain/build-extrinsic/lending_pool.ts(406,37): error TS2345: Argument of type 'import("/home/lukas/repos/abax/abacus-protocol/node_modules/@polkadot/api/promise/Api").ApiPromise' is not assignable to parameter of type 'import("/home/lukas/repos/abax/abacus-protocol/node_modules/wookashwackomytest-typechain-types/node_modules/@polkadot/api/promise/Api").ApiPromise'.
typechain/build-extrinsic/lending_pool.ts(418,37): error TS2345: Argument of type 'import("/home/lukas/repos/abax/abacus-protocol/node_modules/@polkadot/api/promise/Api").ApiPromise' is not assignable to parameter of type 'import("/home/lukas/repos/abax/abacus-protocol/node_modules/wookashwackomytest-typechain-types/node_modules/@polkadot/api/promise/Api").ApiPromise'.
typechain/build-extrinsic/lending_pool.ts(430,37): error TS2345: Argument of type 'import("/home/lukas/repos/abax/abacus-protocol/node_modules/@polkadot/api/promise/Api").ApiPromise' is not assignable to parameter of type 'import("/home/lukas/repos/abax/abacus-protocol/node_modules/wookashwackomytest-typechain-types/node_modules/@polkadot/api/promise/Api").ApiPromise'.
typechain/build-extrinsic/lending_pool.ts(442,37): error TS2345: Argument of type 'import("/home/lukas/repos/abax/abacus-protocol/node_modules/@polkadot/api/promise/Api").ApiPromise' is not assignable to parameter of type 'import("/home/lukas/repos/abax/abacus-protocol/node_modules/wookashwackomytest-typechain-types/node_modules/@polkadot/api/promise/Api").ApiPromise'.
typechain/build-extrinsic/lending_pool.ts(454,37): error TS2345: Argument of type 'import("/home/lukas/repos/abax/abacus-protocol/node_modules/@polkadot/api/promise/Api").ApiPromise' is not assignable to parameter of type 'import("/home/lukas/repos/abax/abacus-protocol/node_modules/wookashwackomytest-typechain-types/node_modules/@polkadot/api/promise/Api").ApiPromise'.
typechain/build-extrinsic/lending_pool.ts(466,37): error TS2345: Argument of type 'import("/home/lukas/repos/abax/abacus-protocol/node_modules/@polkadot/api/promise/Api").ApiPromise' is not assignable to parameter of type 'import("/home/lukas/repos/abax/abacus-protocol/node_modules/wookashwackomytest-typechain-types/node_modules/@polkadot/api/promise/Api").ApiPromise'.
typechain/build-extrinsic/lending_pool.ts(478,37): error TS2345: Argument of type 'import("/home/lukas/repos/abax/abacus-protocol/node_modules/@polkadot/api/promise/Api").ApiPromise' is not assignable to parameter of type 'import("/home/lukas/repos/abax/abacus-protocol/node_modules/wookashwackomytest-typechain-types/node_modules/@polkadot/api/promise/Api").ApiPromise'.
typechain/build-extrinsic/lending_pool.ts(490,37): error TS2345: Argument of type 'import("/home/lukas/repos/abax/abacus-protocol/node_modules/@polkadot/api/promise/Api").ApiPromise' is not assignable to parameter of type 'import("/home/lukas/repos/abax/abacus-protocol/node_modules/wookashwackomytest-typechain-types/node_modules/@polkadot/api/promise/Api").ApiPromise'.
typechain/build-extrinsic/lending_pool.ts(504,37): error TS2345: Argument of type 'import("/home/lukas/repos/abax/abacus-protocol/node_modules/@polkadot/api/promise/Api").ApiPromise' is not assignable to parameter of type 'import("/home/lukas/repos/abax/abacus-protocol/node_modules/wookashwackomytest-typechain-types/node_modules/@polkadot/api/promise/Api").ApiPromise'.
typechain/build-extrinsic/lending_pool.ts(518,37): error TS2345: Argument of type 'import("/home/lukas/repos/abax/abacus-protocol/node_modules/@polkadot/api/promise/Api").ApiPromise' is not assignable to parameter of type 'import("/home/lukas/repos/abax/abacus-protocol/node_modules/wookashwackomytest-typechain-types/node_modules/@polkadot/api/promise/Api").ApiPromise'.
typechain/build-extrinsic/lending_pool.ts(530,37): error TS2345: Argument of type 'import("/home/lukas/repos/abax/abacus-protocol/node_modules/@polkadot/api/promise/Api").ApiPromise' is not assignable to parameter of type 'import("/home/lukas/repos/abax/abacus-protocol/node_modules/wookashwackomytest-typechain-types/node_modules/@polkadot/api/promise/Api").ApiPromise'.
typechain/build-extrinsic/lending_pool.ts(542,37): error TS2345: Argument of type 'import("/home/lukas/repos/abax/abacus-protocol/node_modules/@polkadot/api/promise/Api").ApiPromise' is not assignable to parameter of type 'import("/home/lukas/repos/abax/abacus-protocol/node_modules/wookashwackomytest-typechain-types/node_modules/@polkadot/api/promise/Api").ApiPromise'.
typechain/build-extrinsic/lending_pool.ts(554,37): error TS2345: Argument of type 'import("/home/lukas/repos/abax/abacus-protocol/node_modules/@polkadot/api/promise/Api").ApiPromise' is not assignable to parameter of type 'import("/home/lukas/repos/abax/abacus-protocol/node_modules/wookashwackomytest-typechain-types/node_modules/@polkadot/api/promise/Api").ApiPromise'.
typechain/build-extrinsic/lending_pool.ts(566,37): error TS2345: Argument of type 'import("/home/lukas/repos/abax/abacus-protocol/node_modules/@polkadot/api/promise/Api").ApiPromise' is not assignable to parameter of type 'import("/home/lukas/repos/abax/abacus-protocol/node_modules/wookashwackomytest-typechain-types/node_modules/@polkadot/api/promise/Api").ApiPromise'.
typechain/build-extrinsic/lending_pool.ts(578,37): error TS2345: Argument of type 'import("/home/lukas/repos/abax/abacus-protocol/node_modules/@polkadot/api/promise/Api").ApiPromise' is not assignable to parameter of type 'import("/home/lukas/repos/abax/abacus-protocol/node_modules/wookashwackomytest-typechain-types/node_modules/@polkadot/api/promise/Api").ApiPromise'.
typechain/build-extrinsic/lending_pool.ts(592,37): error TS2345: Argument of type 'import("/home/lukas/repos/abax/abacus-protocol/node_modules/@polkadot/api/promise/Api").ApiPromise' is not assignable to parameter of type 'import("/home/lukas/repos/abax/abacus-protocol/node_modules/wookashwackomytest-typechain-types/node_modules/@polkadot/api/promise/Api").ApiPromise'.
typechain/build-extrinsic/lending_pool.ts(610,37): error TS2345: Argument of type 'import("/home/lukas/repos/abax/abacus-protocol/node_modules/@polkadot/api/promise/Api").ApiPromise' is not assignable to parameter of type 'import("/home/lukas/repos/abax/abacus-protocol/node_modules/wookashwackomytest-typechain-types/node_modules/@polkadot/api/promise/Api").ApiPromise'.
typechain/build-extrinsic/lending_pool.ts(622,37): error TS2345: Argument of type 'import("/home/lukas/repos/abax/abacus-protocol/node_modules/@polkadot/api/promise/Api").ApiPromise' is not assignable to parameter of type 'import("/home/lukas/repos/abax/abacus-protocol/node_modules/wookashwackomytest-typechain-types/node_modules/@polkadot/api/promise/Api").ApiPromise'.
typechain/build-extrinsic/lending_pool.ts(636,37): error TS2345: Argument of type 'import("/home/lukas/repos/abax/abacus-protocol/node_modules/@polkadot/api/promise/Api").ApiPromise' is not assignable to parameter of type 'import("/home/lukas/repos/abax/abacus-protocol/node_modules/wookashwackomytest-typechain-types/node_modules/@polkadot/api/promise/Api").ApiPromise'.
typechain/build-extrinsic/lending_pool.ts(654,37): error TS2345: Argument of type 'import("/home/lukas/repos/abax/abacus-protocol/node_modules/@polkadot/api/promise/Api").ApiPromise' is not assignable to parameter of type 'import("/home/lukas/repos/abax/abacus-protocol/node_modules/wookashwackomytest-typechain-types/node_modules/@polkadot/api/promise/Api").ApiPromise'.
typechain/build-extrinsic/lending_pool.ts(668,37): error TS2345: Argument of type 'import("/home/lukas/repos/abax/abacus-protocol/node_modules/@polkadot/api/promise/Api").ApiPromise' is not assignable to parameter of type 'import("/home/lukas/repos/abax/abacus-protocol/node_modules/wookashwackomytest-typechain-types/node_modules/@polkadot/api/promise/Api").ApiPromise'.
typechain/build-extrinsic/lending_pool.ts(680,37): error TS2345: Argument of type 'import("/home/lukas/repos/abax/abacus-protocol/node_modules/@polkadot/api/promise/Api").ApiPromise' is not assignable to parameter of type 'import("/home/lukas/repos/abax/abacus-protocol/node_modules/wookashwackomytest-typechain-types/node_modules/@polkadot/api/promise/Api").ApiPromise'.
typechain/build-extrinsic/lending_pool.ts(694,37): error TS2345: Argument of type 'import("/home/lukas/repos/abax/abacus-protocol/node_modules/@polkadot/api/promise/Api").ApiPromise' is not assignable to parameter of type 'import("/home/lukas/repos/abax/abacus-protocol/node_modules/wookashwackomytest-typechain-types/node_modules/@polkadot/api/promise/Api").ApiPromise'.
typechain/build-extrinsic/lending_pool.ts(708,37): error TS2345: Argument of type 'import("/home/lukas/repos/abax/abacus-protocol/node_modules/@polkadot/api/promise/Api").ApiPromise' is not assignable to parameter of type 'import("/home/lukas/repos/abax/abacus-protocol/node_modules/wookashwackomytest-typechain-types/node_modules/@polkadot/api/promise/Api").ApiPromise'.
typechain/build-extrinsic/lending_pool.ts(722,37): error TS2345: Argument of type 'import("/home/lukas/repos/abax/abacus-protocol/node_modules/@polkadot/api/promise/Api").ApiPromise' is not assignable to parameter of type 'import("/home/lukas/repos/abax/abacus-protocol/node_modules/wookashwackomytest-typechain-types/node_modules/@polkadot/api/promise/Api").ApiPromise'.
typechain/build-extrinsic/price_feed_provider.ts(34,37): error TS2345: Argument of type 'import("/home/lukas/repos/abax/abacus-protocol/node_modules/@polkadot/api/promise/Api").ApiPromise' is not assignable to parameter of type 'import("/home/lukas/repos/abax/abacus-protocol/node_modules/wookashwackomytest-typechain-types/node_modules/@polkadot/api/promise/Api").ApiPromise'.
typechain/build-extrinsic/price_feed_provider.ts(46,37): error TS2345: Argument of type 'import("/home/lukas/repos/abax/abacus-protocol/node_modules/@polkadot/api/promise/Api").ApiPromise' is not assignable to parameter of type 'import("/home/lukas/repos/abax/abacus-protocol/node_modules/wookashwackomytest-typechain-types/node_modules/@polkadot/api/promise/Api").ApiPromise'.
typechain/build-extrinsic/price_feed_provider.ts(58,37): error TS2345: Argument of type 'import("/home/lukas/repos/abax/abacus-protocol/node_modules/@polkadot/api/promise/Api").ApiPromise' is not assignable to parameter of type 'import("/home/lukas/repos/abax/abacus-protocol/node_modules/wookashwackomytest-typechain-types/node_modules/@polkadot/api/promise/Api").ApiPromise'.
typechain/build-extrinsic/price_feed_provider.ts(68,37): error TS2345: Argument of type 'import("/home/lukas/repos/abax/abacus-protocol/node_modules/@polkadot/api/promise/Api").ApiPromise' is not assignable to parameter of type 'import("/home/lukas/repos/abax/abacus-protocol/node_modules/wookashwackomytest-typechain-types/node_modules/@polkadot/api/promise/Api").ApiPromise'.
typechain/build-extrinsic/price_feed_provider.ts(78,37): error TS2345: Argument of type 'import("/home/lukas/repos/abax/abacus-protocol/node_modules/@polkadot/api/promise/Api").ApiPromise' is not assignable to parameter of type 'import("/home/lukas/repos/abax/abacus-protocol/node_modules/wookashwackomytest-typechain-types/node_modules/@polkadot/api/promise/Api").ApiPromise'.
typechain/build-extrinsic/price_feed_provider.ts(90,37): error TS2345: Argument of type 'import("/home/lukas/repos/abax/abacus-protocol/node_modules/@polkadot/api/promise/Api").ApiPromise' is not assignable to parameter of type 'import("/home/lukas/repos/abax/abacus-protocol/node_modules/wookashwackomytest-typechain-types/node_modules/@polkadot/api/promise/Api").ApiPromise'.
typechain/build-extrinsic/psp22_emitable.ts(30,37): error TS2345: Argument of type 'import("/home/lukas/repos/abax/abacus-protocol/node_modules/@polkadot/api/promise/Api").ApiPromise' is not assignable to parameter of type 'import("/home/lukas/repos/abax/abacus-protocol/node_modules/wookashwackomytest-typechain-types/node_modules/@polkadot/api/promise/Api").ApiPromise'.
typechain/build-extrinsic/psp22_emitable.ts(42,37): error TS2345: Argument of type 'import("/home/lukas/repos/abax/abacus-protocol/node_modules/@polkadot/api/promise/Api").ApiPromise' is not assignable to parameter of type 'import("/home/lukas/repos/abax/abacus-protocol/node_modules/wookashwackomytest-typechain-types/node_modules/@polkadot/api/promise/Api").ApiPromise'.
typechain/build-extrinsic/psp22_emitable.ts(56,37): error TS2345: Argument of type 'import("/home/lukas/repos/abax/abacus-protocol/node_modules/@polkadot/api/promise/Api").ApiPromise' is not assignable to parameter of type 'import("/home/lukas/repos/abax/abacus-protocol/node_modules/wookashwackomytest-typechain-types/node_modules/@polkadot/api/promise/Api").ApiPromise'.
typechain/build-extrinsic/psp22_emitable.ts(72,37): error TS2345: Argument of type 'import("/home/lukas/repos/abax/abacus-protocol/node_modules/@polkadot/api/promise/Api").ApiPromise' is not assignable to parameter of type 'import("/home/lukas/repos/abax/abacus-protocol/node_modules/wookashwackomytest-typechain-types/node_modules/@polkadot/api/promise/Api").ApiPromise'.
typechain/build-extrinsic/psp22_emitable.ts(90,37): error TS2345: Argument of type 'import("/home/lukas/repos/abax/abacus-protocol/node_modules/@polkadot/api/promise/Api").ApiPromise' is not assignable to parameter of type 'import("/home/lukas/repos/abax/abacus-protocol/node_modules/wookashwackomytest-typechain-types/node_modules/@polkadot/api/promise/Api").ApiPromise'.
typechain/build-extrinsic/psp22_emitable.ts(104,37): error TS2345: Argument of type 'import("/home/lukas/repos/abax/abacus-protocol/node_modules/@polkadot/api/promise/Api").ApiPromise' is not assignable to parameter of type 'import("/home/lukas/repos/abax/abacus-protocol/node_modules/wookashwackomytest-typechain-types/node_modules/@polkadot/api/promise/Api").ApiPromise'.
typechain/build-extrinsic/psp22_emitable.ts(118,37): error TS2345: Argument of type 'import("/home/lukas/repos/abax/abacus-protocol/node_modules/@polkadot/api/promise/Api").ApiPromise' is not assignable to parameter of type 'import("/home/lukas/repos/abax/abacus-protocol/node_modules/wookashwackomytest-typechain-types/node_modules/@polkadot/api/promise/Api").ApiPromise'.
typechain/build-extrinsic/psp22_emitable.ts(132,37): error TS2345: Argument of type 'import("/home/lukas/repos/abax/abacus-protocol/node_modules/@polkadot/api/promise/Api").ApiPromise' is not assignable to parameter of type 'import("/home/lukas/repos/abax/abacus-protocol/node_modules/wookashwackomytest-typechain-types/node_modules/@polkadot/api/promise/Api").ApiPromise'.
typechain/build-extrinsic/psp22_emitable.ts(142,37): error TS2345: Argument of type 'import("/home/lukas/repos/abax/abacus-protocol/node_modules/@polkadot/api/promise/Api").ApiPromise' is not assignable to parameter of type 'import("/home/lukas/repos/abax/abacus-protocol/node_modules/wookashwackomytest-typechain-types/node_modules/@polkadot/api/promise/Api").ApiPromise'.
typechain/build-extrinsic/psp22_emitable.ts(152,37): error TS2345: Argument of type 'import("/home/lukas/repos/abax/abacus-protocol/node_modules/@polkadot/api/promise/Api").ApiPromise' is not assignable to parameter of type 'import("/home/lukas/repos/abax/abacus-protocol/node_modules/wookashwackomytest-typechain-types/node_modules/@polkadot/api/promise/Api").ApiPromise'.
typechain/build-extrinsic/psp22_emitable.ts(162,37): error TS2345: Argument of type 'import("/home/lukas/repos/abax/abacus-protocol/node_modules/@polkadot/api/promise/Api").ApiPromise' is not assignable to parameter of type 'import("/home/lukas/repos/abax/abacus-protocol/node_modules/wookashwackomytest-typechain-types/node_modules/@polkadot/api/promise/Api").ApiPromise'.
typechain/build-extrinsic/psp22_emitable.ts(176,37): error TS2345: Argument of type 'import("/home/lukas/repos/abax/abacus-protocol/node_modules/@polkadot/api/promise/Api").ApiPromise' is not assignable to parameter of type 'import("/home/lukas/repos/abax/abacus-protocol/node_modules/wookashwackomytest-typechain-types/node_modules/@polkadot/api/promise/Api").ApiPromise'.
typechain/build-extrinsic/psp22_ownable.ts(30,37): error TS2345: Argument of type 'import("/home/lukas/repos/abax/abacus-protocol/node_modules/@polkadot/api/promise/Api").ApiPromise' is not assignable to parameter of type 'import("/home/lukas/repos/abax/abacus-protocol/node_modules/wookashwackomytest-typechain-types/node_modules/@polkadot/api/promise/Api").ApiPromise'.
typechain/build-extrinsic/psp22_ownable.ts(42,37): error TS2345: Argument of type 'import("/home/lukas/repos/abax/abacus-protocol/node_modules/@polkadot/api/promise/Api").ApiPromise' is not assignable to parameter of type 'import("/home/lukas/repos/abax/abacus-protocol/node_modules/wookashwackomytest-typechain-types/node_modules/@polkadot/api/promise/Api").ApiPromise'.
typechain/build-extrinsic/psp22_ownable.ts(56,37): error TS2345: Argument of type 'import("/home/lukas/repos/abax/abacus-protocol/node_modules/@polkadot/api/promise/Api").ApiPromise' is not assignable to parameter of type 'import("/home/lukas/repos/abax/abacus-protocol/node_modules/wookashwackomytest-typechain-types/node_modules/@polkadot/api/promise/Api").ApiPromise'.
typechain/build-extrinsic/psp22_ownable.ts(72,37): error TS2345: Argument of type 'import("/home/lukas/repos/abax/abacus-protocol/node_modules/@polkadot/api/promise/Api").ApiPromise' is not assignable to parameter of type 'import("/home/lukas/repos/abax/abacus-protocol/node_modules/wookashwackomytest-typechain-types/node_modules/@polkadot/api/promise/Api").ApiPromise'.
typechain/build-extrinsic/psp22_ownable.ts(90,37): error TS2345: Argument of type 'import("/home/lukas/repos/abax/abacus-protocol/node_modules/@polkadot/api/promise/Api").ApiPromise' is not assignable to parameter of type 'import("/home/lukas/repos/abax/abacus-protocol/node_modules/wookashwackomytest-typechain-types/node_modules/@polkadot/api/promise/Api").ApiPromise'.
typechain/build-extrinsic/psp22_ownable.ts(104,37): error TS2345: Argument of type 'import("/home/lukas/repos/abax/abacus-protocol/node_modules/@polkadot/api/promise/Api").ApiPromise' is not assignable to parameter of type 'import("/home/lukas/repos/abax/abacus-protocol/node_modules/wookashwackomytest-typechain-types/node_modules/@polkadot/api/promise/Api").ApiPromise'.
typechain/build-extrinsic/psp22_ownable.ts(118,37): error TS2345: Argument of type 'import("/home/lukas/repos/abax/abacus-protocol/node_modules/@polkadot/api/promise/Api").ApiPromise' is not assignable to parameter of type 'import("/home/lukas/repos/abax/abacus-protocol/node_modules/wookashwackomytest-typechain-types/node_modules/@polkadot/api/promise/Api").ApiPromise'.
typechain/build-extrinsic/psp22_ownable.ts(132,37): error TS2345: Argument of type 'import("/home/lukas/repos/abax/abacus-protocol/node_modules/@polkadot/api/promise/Api").ApiPromise' is not assignable to parameter of type 'import("/home/lukas/repos/abax/abacus-protocol/node_modules/wookashwackomytest-typechain-types/node_modules/@polkadot/api/promise/Api").ApiPromise'.
typechain/build-extrinsic/psp22_ownable.ts(146,37): error TS2345: Argument of type 'import("/home/lukas/repos/abax/abacus-protocol/node_modules/@polkadot/api/promise/Api").ApiPromise' is not assignable to parameter of type 'import("/home/lukas/repos/abax/abacus-protocol/node_modules/wookashwackomytest-typechain-types/node_modules/@polkadot/api/promise/Api").ApiPromise'.
typechain/build-extrinsic/psp22_ownable.ts(156,37): error TS2345: Argument of type 'import("/home/lukas/repos/abax/abacus-protocol/node_modules/@polkadot/api/promise/Api").ApiPromise' is not assignable to parameter of type 'import("/home/lukas/repos/abax/abacus-protocol/node_modules/wookashwackomytest-typechain-types/node_modules/@polkadot/api/promise/Api").ApiPromise'.
typechain/build-extrinsic/psp22_ownable.ts(166,37): error TS2345: Argument of type 'import("/home/lukas/repos/abax/abacus-protocol/node_modules/@polkadot/api/promise/Api").ApiPromise' is not assignable to parameter of type 'import("/home/lukas/repos/abax/abacus-protocol/node_modules/wookashwackomytest-typechain-types/node_modules/@polkadot/api/promise/Api").ApiPromise'.
typechain/build-extrinsic/psp22_ownable.ts(176,37): error TS2345: Argument of type 'import("/home/lukas/repos/abax/abacus-protocol/node_modules/@polkadot/api/promise/Api").ApiPromise' is not assignable to parameter of type 'import("/home/lukas/repos/abax/abacus-protocol/node_modules/wookashwackomytest-typechain-types/node_modules/@polkadot/api/promise/Api").ApiPromise'.
typechain/build-extrinsic/psp22_ownable.ts(186,37): error TS2345: Argument of type 'import("/home/lukas/repos/abax/abacus-protocol/node_modules/@polkadot/api/promise/Api").ApiPromise' is not assignable to parameter of type 'import("/home/lukas/repos/abax/abacus-protocol/node_modules/wookashwackomytest-typechain-types/node_modules/@polkadot/api/promise/Api").ApiPromise'.
typechain/build-extrinsic/psp22_ownable.ts(196,37): error TS2345: Argument of type 'import("/home/lukas/repos/abax/abacus-protocol/node_modules/@polkadot/api/promise/Api").ApiPromise' is not assignable to parameter of type 'import("/home/lukas/repos/abax/abacus-protocol/node_modules/wookashwackomytest-typechain-types/node_modules/@polkadot/api/promise/Api").ApiPromise'.
typechain/build-extrinsic/psp22_ownable.ts(208,37): error TS2345: Argument of type 'import("/home/lukas/repos/abax/abacus-protocol/node_modules/@polkadot/api/promise/Api").ApiPromise' is not assignable to parameter of type 'import("/home/lukas/repos/abax/abacus-protocol/node_modules/wookashwackomytest-typechain-types/node_modules/@polkadot/api/promise/Api").ApiPromise'.
typechain/build-extrinsic/stable_token.ts(30,37): error TS2345: Argument of type 'import("/home/lukas/repos/abax/abacus-protocol/node_modules/@polkadot/api/promise/Api").ApiPromise' is not assignable to parameter of type 'import("/home/lukas/repos/abax/abacus-protocol/node_modules/wookashwackomytest-typechain-types/node_modules/@polkadot/api/promise/Api").ApiPromise'.
typechain/build-extrinsic/stable_token.ts(42,37): error TS2345: Argument of type 'import("/home/lukas/repos/abax/abacus-protocol/node_modules/@polkadot/api/promise/Api").ApiPromise' is not assignable to parameter of type 'import("/home/lukas/repos/abax/abacus-protocol/node_modules/wookashwackomytest-typechain-types/node_modules/@polkadot/api/promise/Api").ApiPromise'.
typechain/build-extrinsic/stable_token.ts(56,37): error TS2345: Argument of type 'import("/home/lukas/repos/abax/abacus-protocol/node_modules/@polkadot/api/promise/Api").ApiPromise' is not assignable to parameter of type 'import("/home/lukas/repos/abax/abacus-protocol/node_modules/wookashwackomytest-typechain-types/node_modules/@polkadot/api/promise/Api").ApiPromise'.
typechain/build-extrinsic/stable_token.ts(72,37): error TS2345: Argument of type 'import("/home/lukas/repos/abax/abacus-protocol/node_modules/@polkadot/api/promise/Api").ApiPromise' is not assignable to parameter of type 'import("/home/lukas/repos/abax/abacus-protocol/node_modules/wookashwackomytest-typechain-types/node_modules/@polkadot/api/promise/Api").ApiPromise'.
typechain/build-extrinsic/stable_token.ts(90,37): error TS2345: Argument of type 'import("/home/lukas/repos/abax/abacus-protocol/node_modules/@polkadot/api/promise/Api").ApiPromise' is not assignable to parameter of type 'import("/home/lukas/repos/abax/abacus-protocol/node_modules/wookashwackomytest-typechain-types/node_modules/@polkadot/api/promise/Api").ApiPromise'.
typechain/build-extrinsic/stable_token.ts(104,37): error TS2345: Argument of type 'import("/home/lukas/repos/abax/abacus-protocol/node_modules/@polkadot/api/promise/Api").ApiPromise' is not assignable to parameter of type 'import("/home/lukas/repos/abax/abacus-protocol/node_modules/wookashwackomytest-typechain-types/node_modules/@polkadot/api/promise/Api").ApiPromise'.
typechain/build-extrinsic/stable_token.ts(118,37): error TS2345: Argument of type 'import("/home/lukas/repos/abax/abacus-protocol/node_modules/@polkadot/api/promise/Api").ApiPromise' is not assignable to parameter of type 'import("/home/lukas/repos/abax/abacus-protocol/node_modules/wookashwackomytest-typechain-types/node_modules/@polkadot/api/promise/Api").ApiPromise'.
typechain/build-extrinsic/stable_token.ts(132,37): error TS2345: Argument of type 'import("/home/lukas/repos/abax/abacus-protocol/node_modules/@polkadot/api/promise/Api").ApiPromise' is not assignable to parameter of type 'import("/home/lukas/repos/abax/abacus-protocol/node_modules/wookashwackomytest-typechain-types/node_modules/@polkadot/api/promise/Api").ApiPromise'.
typechain/build-extrinsic/stable_token.ts(142,37): error TS2345: Argument of type 'import("/home/lukas/repos/abax/abacus-protocol/node_modules/@polkadot/api/promise/Api").ApiPromise' is not assignable to parameter of type 'import("/home/lukas/repos/abax/abacus-protocol/node_modules/wookashwackomytest-typechain-types/node_modules/@polkadot/api/promise/Api").ApiPromise'.
typechain/build-extrinsic/stable_token.ts(152,37): error TS2345: Argument of type 'import("/home/lukas/repos/abax/abacus-protocol/node_modules/@polkadot/api/promise/Api").ApiPromise' is not assignable to parameter of type 'import("/home/lukas/repos/abax/abacus-protocol/node_modules/wookashwackomytest-typechain-types/node_modules/@polkadot/api/promise/Api").ApiPromise'.
typechain/build-extrinsic/stable_token.ts(162,37): error TS2345: Argument of type 'import("/home/lukas/repos/abax/abacus-protocol/node_modules/@polkadot/api/promise/Api").ApiPromise' is not assignable to parameter of type 'import("/home/lukas/repos/abax/abacus-protocol/node_modules/wookashwackomytest-typechain-types/node_modules/@polkadot/api/promise/Api").ApiPromise'.
typechain/build-extrinsic/stable_token.ts(176,37): error TS2345: Argument of type 'import("/home/lukas/repos/abax/abacus-protocol/node_modules/@polkadot/api/promise/Api").ApiPromise' is not assignable to parameter of type 'import("/home/lukas/repos/abax/abacus-protocol/node_modules/wookashwackomytest-typechain-types/node_modules/@polkadot/api/promise/Api").ApiPromise'.
typechain/build-extrinsic/stable_token.ts(188,37): error TS2345: Argument of type 'import("/home/lukas/repos/abax/abacus-protocol/node_modules/@polkadot/api/promise/Api").ApiPromise' is not assignable to parameter of type 'import("/home/lukas/repos/abax/abacus-protocol/node_modules/wookashwackomytest-typechain-types/node_modules/@polkadot/api/promise/Api").ApiPromise'.
typechain/build-extrinsic/stable_token.ts(202,37): error TS2345: Argument of type 'import("/home/lukas/repos/abax/abacus-protocol/node_modules/@polkadot/api/promise/Api").ApiPromise' is not assignable to parameter of type 'import("/home/lukas/repos/abax/abacus-protocol/node_modules/wookashwackomytest-typechain-types/node_modules/@polkadot/api/promise/Api").ApiPromise'.
typechain/build-extrinsic/stable_token.ts(216,37): error TS2345: Argument of type 'import("/home/lukas/repos/abax/abacus-protocol/node_modules/@polkadot/api/promise/Api").ApiPromise' is not assignable to parameter of type 'import("/home/lukas/repos/abax/abacus-protocol/node_modules/wookashwackomytest-typechain-types/node_modules/@polkadot/api/promise/Api").ApiPromise'.
typechain/build-extrinsic/stable_token.ts(230,37): error TS2345: Argument of type 'import("/home/lukas/repos/abax/abacus-protocol/node_modules/@polkadot/api/promise/Api").ApiPromise' is not assignable to parameter of type 'import("/home/lukas/repos/abax/abacus-protocol/node_modules/wookashwackomytest-typechain-types/node_modules/@polkadot/api/promise/Api").ApiPromise'.
typechain/build-extrinsic/stable_token.ts(244,37): error TS2345: Argument of type 'import("/home/lukas/repos/abax/abacus-protocol/node_modules/@polkadot/api/promise/Api").ApiPromise' is not assignable to parameter of type 'import("/home/lukas/repos/abax/abacus-protocol/node_modules/wookashwackomytest-typechain-types/node_modules/@polkadot/api/promise/Api").ApiPromise'.
typechain/build-extrinsic/stable_token.ts(258,37): error TS2345: Argument of type 'import("/home/lukas/repos/abax/abacus-protocol/node_modules/@polkadot/api/promise/Api").ApiPromise' is not assignable to parameter of type 'import("/home/lukas/repos/abax/abacus-protocol/node_modules/wookashwackomytest-typechain-types/node_modules/@polkadot/api/promise/Api").ApiPromise'.
typechain/build-extrinsic/test_reserves_minter.ts(34,37): error TS2345: Argument of type 'import("/home/lukas/repos/abax/abacus-protocol/node_modules/@polkadot/api/promise/Api").ApiPromise' is not assignable to parameter of type 'import("/home/lukas/repos/abax/abacus-protocol/node_modules/wookashwackomytest-typechain-types/node_modules/@polkadot/api/promise/Api").ApiPromise'.
typechain/build-extrinsic/test_reserves_minter.ts(44,37): error TS2345: Argument of type 'import("/home/lukas/repos/abax/abacus-protocol/node_modules/@polkadot/api/promise/Api").ApiPromise' is not assignable to parameter of type 'import("/home/lukas/repos/abax/abacus-protocol/node_modules/wookashwackomytest-typechain-types/node_modules/@polkadot/api/promise/Api").ApiPromise'.
typechain/build-extrinsic/test_reserves_minter.ts(54,37): error TS2345: Argument of type 'import("/home/lukas/repos/abax/abacus-protocol/node_modules/@polkadot/api/promise/Api").ApiPromise' is not assignable to parameter of type 'import("/home/lukas/repos/abax/abacus-protocol/node_modules/wookashwackomytest-typechain-types/node_modules/@polkadot/api/promise/Api").ApiPromise'.
typechain/build-extrinsic/test_reserves_minter.ts(66,37): error TS2345: Argument of type 'import("/home/lukas/repos/abax/abacus-protocol/node_modules/@polkadot/api/promise/Api").ApiPromise' is not assignable to parameter of type 'import("/home/lukas/repos/abax/abacus-protocol/node_modules/wookashwackomytest-typechain-types/node_modules/@polkadot/api/promise/Api").ApiPromise'.
typechain/build-extrinsic/v_token.ts(32,37): error TS2345: Argument of type 'import("/home/lukas/repos/abax/abacus-protocol/node_modules/@polkadot/api/promise/Api").ApiPromise' is not assignable to parameter of type 'import("/home/lukas/repos/abax/abacus-protocol/node_modules/wookashwackomytest-typechain-types/node_modules/@polkadot/api/promise/Api").ApiPromise'.
typechain/build-extrinsic/v_token.ts(50,37): error TS2345: Argument of type 'import("/home/lukas/repos/abax/abacus-protocol/node_modules/@polkadot/api/promise/Api").ApiPromise' is not assignable to parameter of type 'import("/home/lukas/repos/abax/abacus-protocol/node_modules/wookashwackomytest-typechain-types/node_modules/@polkadot/api/promise/Api").ApiPromise'.
typechain/build-extrinsic/v_token.ts(60,37): error TS2345: Argument of type 'import("/home/lukas/repos/abax/abacus-protocol/node_modules/@polkadot/api/promise/Api").ApiPromise' is not assignable to parameter of type 'import("/home/lukas/repos/abax/abacus-protocol/node_modules/wookashwackomytest-typechain-types/node_modules/@polkadot/api/promise/Api").ApiPromise'.
typechain/build-extrinsic/v_token.ts(70,37): error TS2345: Argument of type 'import("/home/lukas/repos/abax/abacus-protocol/node_modules/@polkadot/api/promise/Api").ApiPromise' is not assignable to parameter of type 'import("/home/lukas/repos/abax/abacus-protocol/node_modules/wookashwackomytest-typechain-types/node_modules/@polkadot/api/promise/Api").ApiPromise'.
typechain/build-extrinsic/v_token.ts(82,37): error TS2345: Argument of type 'import("/home/lukas/repos/abax/abacus-protocol/node_modules/@polkadot/api/promise/Api").ApiPromise' is not assignable to parameter of type 'import("/home/lukas/repos/abax/abacus-protocol/node_modules/wookashwackomytest-typechain-types/node_modules/@polkadot/api/promise/Api").ApiPromise'.
typechain/build-extrinsic/v_token.ts(96,37): error TS2345: Argument of type 'import("/home/lukas/repos/abax/abacus-protocol/node_modules/@polkadot/api/promise/Api").ApiPromise' is not assignable to parameter of type 'import("/home/lukas/repos/abax/abacus-protocol/node_modules/wookashwackomytest-typechain-types/node_modules/@polkadot/api/promise/Api").ApiPromise'.
typechain/build-extrinsic/v_token.ts(112,37): error TS2345: Argument of type 'import("/home/lukas/repos/abax/abacus-protocol/node_modules/@polkadot/api/promise/Api").ApiPromise' is not assignable to parameter of type 'import("/home/lukas/repos/abax/abacus-protocol/node_modules/wookashwackomytest-typechain-types/node_modules/@polkadot/api/promise/Api").ApiPromise'.
typechain/build-extrinsic/v_token.ts(130,37): error TS2345: Argument of type 'import("/home/lukas/repos/abax/abacus-protocol/node_modules/@polkadot/api/promise/Api").ApiPromise' is not assignable to parameter of type 'import("/home/lukas/repos/abax/abacus-protocol/node_modules/wookashwackomytest-typechain-types/node_modules/@polkadot/api/promise/Api").ApiPromise'.
typechain/build-extrinsic/v_token.ts(144,37): error TS2345: Argument of type 'import("/home/lukas/repos/abax/abacus-protocol/node_modules/@polkadot/api/promise/Api").ApiPromise' is not assignable to parameter of type 'import("/home/lukas/repos/abax/abacus-protocol/node_modules/wookashwackomytest-typechain-types/node_modules/@polkadot/api/promise/Api").ApiPromise'.
typechain/build-extrinsic/v_token.ts(158,37): error TS2345: Argument of type 'import("/home/lukas/repos/abax/abacus-protocol/node_modules/@polkadot/api/promise/Api").ApiPromise' is not assignable to parameter of type 'import("/home/lukas/repos/abax/abacus-protocol/node_modules/wookashwackomytest-typechain-types/node_modules/@polkadot/api/promise/Api").ApiPromise'.
typechain/build-extrinsic/v_token.ts(172,37): error TS2345: Argument of type 'import("/home/lukas/repos/abax/abacus-protocol/node_modules/@polkadot/api/promise/Api").ApiPromise' is not assignable to parameter of type 'import("/home/lukas/repos/abax/abacus-protocol/node_modules/wookashwackomytest-typechain-types/node_modules/@polkadot/api/promise/Api").ApiPromise'.
typechain/build-extrinsic/v_token.ts(182,37): error TS2345: Argument of type 'import("/home/lukas/repos/abax/abacus-protocol/node_modules/@polkadot/api/promise/Api").ApiPromise' is not assignable to parameter of type 'import("/home/lukas/repos/abax/abacus-protocol/node_modules/wookashwackomytest-typechain-types/node_modules/@polkadot/api/promise/Api").ApiPromise'.
typechain/build-extrinsic/v_token.ts(192,37): error TS2345: Argument of type 'import("/home/lukas/repos/abax/abacus-protocol/node_modules/@polkadot/api/promise/Api").ApiPromise' is not assignable to parameter of type 'import("/home/lukas/repos/abax/abacus-protocol/node_modules/wookashwackomytest-typechain-types/node_modules/@polkadot/api/promise/Api").ApiPromise'.
typechain/build-extrinsic/v_token.ts(202,37): error TS2345: Argument of type 'import("/home/lukas/repos/abax/abacus-protocol/node_modules/@polkadot/api/promise/Api").ApiPromise' is not assignable to parameter of type 'import("/home/lukas/repos/abax/abacus-protocol/node_modules/wookashwackomytest-typechain-types/node_modules/@polkadot/api/promise/Api").ApiPromise'.
typechain/constructors/a_token.ts(42,20): error TS2352: Conversion of type 'WeightV2 | null | undefined' to type 'WeightV2' may be a mistake because neither type sufficiently overlaps with the other. If this was intentional, convert the expression to 'unknown' first.
  Type 'import("/home/lukas/repos/abax/abacus-protocol/node_modules/wookashwackomytest-typechain-types/node_modules/@polkadot/types/interfaces/runtime/types").WeightV2' is not comparable to type 'import("/home/lukas/repos/abax/abacus-protocol/node_modules/@polkadot/types/interfaces/runtime/types").WeightV2'.
typechain/constructors/a_token.ts(42,53): error TS2345: Argument of type 'import("/home/lukas/repos/abax/abacus-protocol/node_modules/@polkadot/api/promise/Api").ApiPromise' is not assignable to parameter of type 'import("/home/lukas/repos/abax/abacus-protocol/node_modules/wookashwackomytest-typechain-types/node_modules/@polkadot/api/promise/Api").ApiPromise'.
typechain/constructors/a_token.ts(49,35): error TS2345: Argument of type 'import("/home/lukas/repos/abax/abacus-protocol/node_modules/@polkadot/types-codec/types/registry").Registry' is not assignable to parameter of type 'import("/home/lukas/repos/abax/abacus-protocol/node_modules/wookashwackomytest-typechain-types/node_modules/@polkadot/types-codec/types/registry").Registry'.
typechain/constructors/balance_viewer.ts(34,20): error TS2352: Conversion of type 'WeightV2 | null | undefined' to type 'WeightV2' may be a mistake because neither type sufficiently overlaps with the other. If this was intentional, convert the expression to 'unknown' first.
  Type 'import("/home/lukas/repos/abax/abacus-protocol/node_modules/wookashwackomytest-typechain-types/node_modules/@polkadot/types/interfaces/runtime/types").WeightV2' is not comparable to type 'import("/home/lukas/repos/abax/abacus-protocol/node_modules/@polkadot/types/interfaces/runtime/types").WeightV2'.
typechain/constructors/balance_viewer.ts(34,53): error TS2345: Argument of type 'import("/home/lukas/repos/abax/abacus-protocol/node_modules/@polkadot/api/promise/Api").ApiPromise' is not assignable to parameter of type 'import("/home/lukas/repos/abax/abacus-protocol/node_modules/wookashwackomytest-typechain-types/node_modules/@polkadot/api/promise/Api").ApiPromise'.
typechain/constructors/balance_viewer.ts(41,35): error TS2345: Argument of type 'import("/home/lukas/repos/abax/abacus-protocol/node_modules/@polkadot/types-codec/types/registry").Registry' is not assignable to parameter of type 'import("/home/lukas/repos/abax/abacus-protocol/node_modules/wookashwackomytest-typechain-types/node_modules/@polkadot/types-codec/types/registry").Registry'.
typechain/constructors/dia_oracle.ts(32,20): error TS2352: Conversion of type 'WeightV2 | null | undefined' to type 'WeightV2' may be a mistake because neither type sufficiently overlaps with the other. If this was intentional, convert the expression to 'unknown' first.
  Type 'import("/home/lukas/repos/abax/abacus-protocol/node_modules/wookashwackomytest-typechain-types/node_modules/@polkadot/types/interfaces/runtime/types").WeightV2' is not comparable to type 'import("/home/lukas/repos/abax/abacus-protocol/node_modules/@polkadot/types/interfaces/runtime/types").WeightV2'.
typechain/constructors/dia_oracle.ts(32,53): error TS2345: Argument of type 'import("/home/lukas/repos/abax/abacus-protocol/node_modules/@polkadot/api/promise/Api").ApiPromise' is not assignable to parameter of type 'import("/home/lukas/repos/abax/abacus-protocol/node_modules/wookashwackomytest-typechain-types/node_modules/@polkadot/api/promise/Api").ApiPromise'.
typechain/constructors/dia_oracle.ts(39,35): error TS2345: Argument of type 'import("/home/lukas/repos/abax/abacus-protocol/node_modules/@polkadot/types-codec/types/registry").Registry' is not assignable to parameter of type 'import("/home/lukas/repos/abax/abacus-protocol/node_modules/wookashwackomytest-typechain-types/node_modules/@polkadot/types-codec/types/registry").Registry'.
typechain/constructors/flash_loan_receiver_mock.ts(32,20): error TS2352: Conversion of type 'WeightV2 | null | undefined' to type 'WeightV2' may be a mistake because neither type sufficiently overlaps with the other. If this was intentional, convert the expression to 'unknown' first.
  Property '#private' is missing in type 'import("/home/lukas/repos/abax/abacus-protocol/node_modules/wookashwackomytest-typechain-types/node_modules/@polkadot/types/interfaces/runtime/types").WeightV2' but required in type 'import("/home/lukas/repos/abax/abacus-protocol/node_modules/@polkadot/types/interfaces/runtime/types").WeightV2'.
typechain/constructors/flash_loan_receiver_mock.ts(32,53): error TS2345: Argument of type 'import("/home/lukas/repos/abax/abacus-protocol/node_modules/@polkadot/api/promise/Api").ApiPromise' is not assignable to parameter of type 'import("/home/lukas/repos/abax/abacus-protocol/node_modules/wookashwackomytest-typechain-types/node_modules/@polkadot/api/promise/Api").ApiPromise'.
typechain/constructors/flash_loan_receiver_mock.ts(39,35): error TS2345: Argument of type 'import("/home/lukas/repos/abax/abacus-protocol/node_modules/@polkadot/types-codec/types/registry").Registry' is not assignable to parameter of type 'import("/home/lukas/repos/abax/abacus-protocol/node_modules/wookashwackomytest-typechain-types/node_modules/@polkadot/types-codec/types/registry").Registry'.
  The types of 'findMetaCall(...).argsDef' are incompatible between these types.
    Type 'import("/home/lukas/repos/abax/abacus-protocol/node_modules/@polkadot/types-codec/types/codec").ArgsDef' is not assignable to type 'import("/home/lukas/repos/abax/abacus-protocol/node_modules/wookashwackomytest-typechain-types/node_modules/@polkadot/types-codec/types/codec").ArgsDef'.
      'string' index signatures are incompatible.
        Type 'string | import("/home/lukas/repos/abax/abacus-protocol/node_modules/@polkadot/types-codec/types/codec").CodecClass<import("/home/lukas/repos/abax/abacus-protocol/node_modules/@polkadot/types-codec/types/codec").Codec, any[]>' is not assignable to type 'string | import("/home/lukas/repos/abax/abacus-protocol/node_modules/wookashwackomytest-typechain-types/node_modules/@polkadot/types-codec/types/codec").CodecClass<import("/home/lukas/repos/abax/abacus-protocol/node_modules/wookashwackomytest-typechain-types/node_modules/@polkadot/types-codec/types/codec").Codec, an...'.
          Type 'CodecClass<Codec, any[]>' is not assignable to type 'string | CodecClass<Codec, any[]>'.
            Type 'import("/home/lukas/repos/abax/abacus-protocol/node_modules/@polkadot/types-codec/types/codec").CodecClass<import("/home/lukas/repos/abax/abacus-protocol/node_modules/@polkadot/types-codec/types/codec").Codec, any[]>' is not assignable to type 'import("/home/lukas/repos/abax/abacus-protocol/node_modules/wookashwackomytest-typechain-types/node_modules/@polkadot/types-codec/types/codec").CodecClass<import("/home/lukas/repos/abax/abacus-protocol/node_modules/wookashwackomytest-typechain-types/node_modules/@polkadot/types-codec/types/codec").Codec, any[]>'.
              Types of parameters 'registry' and 'registry' are incompatible.
                Type 'import("/home/lukas/repos/abax/abacus-protocol/node_modules/wookashwackomytest-typechain-types/node_modules/@polkadot/types-codec/types/registry").Registry' is not assignable to type 'import("/home/lukas/repos/abax/abacus-protocol/node_modules/@polkadot/types-codec/types/registry").Registry'.
                  The types of 'findMetaCall(...).argsDef' are incompatible between these types.
                    Type 'import("/home/lukas/repos/abax/abacus-protocol/node_modules/wookashwackomytest-typechain-types/node_modules/@polkadot/types-codec/types/codec").ArgsDef' is not assignable to type 'import("/home/lukas/repos/abax/abacus-protocol/node_modules/@polkadot/types-codec/types/codec").ArgsDef'.
                      'string' index signatures are incompatible.
                        Type 'string | import("/home/lukas/repos/abax/abacus-protocol/node_modules/wookashwackomytest-typechain-types/node_modules/@polkadot/types-codec/types/codec").CodecClass<import("/home/lukas/repos/abax/abacus-protocol/node_modules/wookashwackomytest-typechain-types/node_modules/@polkadot/types-codec/types/codec").Codec, an...' is not assignable to type 'string | import("/home/lukas/repos/abax/abacus-protocol/node_modules/@polkadot/types-codec/types/codec").CodecClass<import("/home/lukas/repos/abax/abacus-protocol/node_modules/@polkadot/types-codec/types/codec").Codec, any[]>'.
                          Type 'CodecClass<Codec, any[]>' is not assignable to type 'string | CodecClass<Codec, any[]>'.
typechain/constructors/lending_pool.ts(32,20): error TS2352: Conversion of type 'WeightV2 | null | undefined' to type 'WeightV2' may be a mistake because neither type sufficiently overlaps with the other. If this was intentional, convert the expression to 'unknown' first.
  Type 'import("/home/lukas/repos/abax/abacus-protocol/node_modules/wookashwackomytest-typechain-types/node_modules/@polkadot/types/interfaces/runtime/types").WeightV2' is not comparable to type 'import("/home/lukas/repos/abax/abacus-protocol/node_modules/@polkadot/types/interfaces/runtime/types").WeightV2'.
typechain/constructors/lending_pool.ts(32,53): error TS2345: Argument of type 'import("/home/lukas/repos/abax/abacus-protocol/node_modules/@polkadot/api/promise/Api").ApiPromise' is not assignable to parameter of type 'import("/home/lukas/repos/abax/abacus-protocol/node_modules/wookashwackomytest-typechain-types/node_modules/@polkadot/api/promise/Api").ApiPromise'.
typechain/constructors/lending_pool.ts(39,35): error TS2345: Argument of type 'import("/home/lukas/repos/abax/abacus-protocol/node_modules/@polkadot/types-codec/types/registry").Registry' is not assignable to parameter of type 'import("/home/lukas/repos/abax/abacus-protocol/node_modules/wookashwackomytest-typechain-types/node_modules/@polkadot/types-codec/types/registry").Registry'.
typechain/constructors/price_feed_provider.ts(34,20): error TS2352: Conversion of type 'WeightV2 | null | undefined' to type 'WeightV2' may be a mistake because neither type sufficiently overlaps with the other. If this was intentional, convert the expression to 'unknown' first.
  Type 'import("/home/lukas/repos/abax/abacus-protocol/node_modules/wookashwackomytest-typechain-types/node_modules/@polkadot/types/interfaces/runtime/types").WeightV2' is not comparable to type 'import("/home/lukas/repos/abax/abacus-protocol/node_modules/@polkadot/types/interfaces/runtime/types").WeightV2'.
typechain/constructors/price_feed_provider.ts(34,53): error TS2345: Argument of type 'import("/home/lukas/repos/abax/abacus-protocol/node_modules/@polkadot/api/promise/Api").ApiPromise' is not assignable to parameter of type 'import("/home/lukas/repos/abax/abacus-protocol/node_modules/wookashwackomytest-typechain-types/node_modules/@polkadot/api/promise/Api").ApiPromise'.
typechain/constructors/price_feed_provider.ts(41,35): error TS2345: Argument of type 'import("/home/lukas/repos/abax/abacus-protocol/node_modules/@polkadot/types-codec/types/registry").Registry' is not assignable to parameter of type 'import("/home/lukas/repos/abax/abacus-protocol/node_modules/wookashwackomytest-typechain-types/node_modules/@polkadot/types-codec/types/registry").Registry'.
typechain/constructors/psp22_emitable.ts(38,20): error TS2352: Conversion of type 'WeightV2 | null | undefined' to type 'WeightV2' may be a mistake because neither type sufficiently overlaps with the other. If this was intentional, convert the expression to 'unknown' first.
  Type 'import("/home/lukas/repos/abax/abacus-protocol/node_modules/wookashwackomytest-typechain-types/node_modules/@polkadot/types/interfaces/runtime/types").WeightV2' is not comparable to type 'import("/home/lukas/repos/abax/abacus-protocol/node_modules/@polkadot/types/interfaces/runtime/types").WeightV2'.
typechain/constructors/psp22_emitable.ts(38,53): error TS2345: Argument of type 'import("/home/lukas/repos/abax/abacus-protocol/node_modules/@polkadot/api/promise/Api").ApiPromise' is not assignable to parameter of type 'import("/home/lukas/repos/abax/abacus-protocol/node_modules/wookashwackomytest-typechain-types/node_modules/@polkadot/api/promise/Api").ApiPromise'.
typechain/constructors/psp22_emitable.ts(45,35): error TS2345: Argument of type 'import("/home/lukas/repos/abax/abacus-protocol/node_modules/@polkadot/types-codec/types/registry").Registry' is not assignable to parameter of type 'import("/home/lukas/repos/abax/abacus-protocol/node_modules/wookashwackomytest-typechain-types/node_modules/@polkadot/types-codec/types/registry").Registry'.
typechain/constructors/psp22_ownable.ts(40,20): error TS2352: Conversion of type 'WeightV2 | null | undefined' to type 'WeightV2' may be a mistake because neither type sufficiently overlaps with the other. If this was intentional, convert the expression to 'unknown' first.
  Type 'import("/home/lukas/repos/abax/abacus-protocol/node_modules/wookashwackomytest-typechain-types/node_modules/@polkadot/types/interfaces/runtime/types").WeightV2' is not comparable to type 'import("/home/lukas/repos/abax/abacus-protocol/node_modules/@polkadot/types/interfaces/runtime/types").WeightV2'.
typechain/constructors/psp22_ownable.ts(40,53): error TS2345: Argument of type 'import("/home/lukas/repos/abax/abacus-protocol/node_modules/@polkadot/api/promise/Api").ApiPromise' is not assignable to parameter of type 'import("/home/lukas/repos/abax/abacus-protocol/node_modules/wookashwackomytest-typechain-types/node_modules/@polkadot/api/promise/Api").ApiPromise'.
typechain/constructors/psp22_ownable.ts(47,35): error TS2345: Argument of type 'import("/home/lukas/repos/abax/abacus-protocol/node_modules/@polkadot/types-codec/types/registry").Registry' is not assignable to parameter of type 'import("/home/lukas/repos/abax/abacus-protocol/node_modules/wookashwackomytest-typechain-types/node_modules/@polkadot/types-codec/types/registry").Registry'.
typechain/constructors/stable_token.ts(38,20): error TS2352: Conversion of type 'WeightV2 | null | undefined' to type 'WeightV2' may be a mistake because neither type sufficiently overlaps with the other. If this was intentional, convert the expression to 'unknown' first.
  Type 'import("/home/lukas/repos/abax/abacus-protocol/node_modules/wookashwackomytest-typechain-types/node_modules/@polkadot/types/interfaces/runtime/types").WeightV2' is not comparable to type 'import("/home/lukas/repos/abax/abacus-protocol/node_modules/@polkadot/types/interfaces/runtime/types").WeightV2'.
typechain/constructors/stable_token.ts(38,53): error TS2345: Argument of type 'import("/home/lukas/repos/abax/abacus-protocol/node_modules/@polkadot/api/promise/Api").ApiPromise' is not assignable to parameter of type 'import("/home/lukas/repos/abax/abacus-protocol/node_modules/wookashwackomytest-typechain-types/node_modules/@polkadot/api/promise/Api").ApiPromise'.
typechain/constructors/stable_token.ts(45,35): error TS2345: Argument of type 'import("/home/lukas/repos/abax/abacus-protocol/node_modules/@polkadot/types-codec/types/registry").Registry' is not assignable to parameter of type 'import("/home/lukas/repos/abax/abacus-protocol/node_modules/wookashwackomytest-typechain-types/node_modules/@polkadot/types-codec/types/registry").Registry'.
typechain/constructors/test_reserves_minter.ts(32,20): error TS2352: Conversion of type 'WeightV2 | null | undefined' to type 'WeightV2' may be a mistake because neither type sufficiently overlaps with the other. If this was intentional, convert the expression to 'unknown' first.
  Type 'import("/home/lukas/repos/abax/abacus-protocol/node_modules/wookashwackomytest-typechain-types/node_modules/@polkadot/types/interfaces/runtime/types").WeightV2' is not comparable to type 'import("/home/lukas/repos/abax/abacus-protocol/node_modules/@polkadot/types/interfaces/runtime/types").WeightV2'.
typechain/constructors/test_reserves_minter.ts(32,53): error TS2345: Argument of type 'import("/home/lukas/repos/abax/abacus-protocol/node_modules/@polkadot/api/promise/Api").ApiPromise' is not assignable to parameter of type 'import("/home/lukas/repos/abax/abacus-protocol/node_modules/wookashwackomytest-typechain-types/node_modules/@polkadot/api/promise/Api").ApiPromise'.
typechain/constructors/test_reserves_minter.ts(39,35): error TS2345: Argument of type 'import("/home/lukas/repos/abax/abacus-protocol/node_modules/@polkadot/types-codec/types/registry").Registry' is not assignable to parameter of type 'import("/home/lukas/repos/abax/abacus-protocol/node_modules/wookashwackomytest-typechain-types/node_modules/@polkadot/types-codec/types/registry").Registry'.
typechain/constructors/v_token.ts(42,20): error TS2352: Conversion of type 'WeightV2 | null | undefined' to type 'WeightV2' may be a mistake because neither type sufficiently overlaps with the other. If this was intentional, convert the expression to 'unknown' first.
  Type 'import("/home/lukas/repos/abax/abacus-protocol/node_modules/wookashwackomytest-typechain-types/node_modules/@polkadot/types/interfaces/runtime/types").WeightV2' is not comparable to type 'import("/home/lukas/repos/abax/abacus-protocol/node_modules/@polkadot/types/interfaces/runtime/types").WeightV2'.
typechain/constructors/v_token.ts(42,53): error TS2345: Argument of type 'import("/home/lukas/repos/abax/abacus-protocol/node_modules/@polkadot/api/promise/Api").ApiPromise' is not assignable to parameter of type 'import("/home/lukas/repos/abax/abacus-protocol/node_modules/wookashwackomytest-typechain-types/node_modules/@polkadot/api/promise/Api").ApiPromise'.
typechain/constructors/v_token.ts(49,35): error TS2345: Argument of type 'import("/home/lukas/repos/abax/abacus-protocol/node_modules/@polkadot/types-codec/types/registry").Registry' is not assignable to parameter of type 'import("/home/lukas/repos/abax/abacus-protocol/node_modules/wookashwackomytest-typechain-types/node_modules/@polkadot/types-codec/types/registry").Registry'.
typechain/mixed-methods/a_token.ts(50,25): error TS2345: Argument of type 'import("/home/lukas/repos/abax/abacus-protocol/node_modules/@polkadot/api/promise/Api").ApiPromise' is not assignable to parameter of type 'import("/home/lukas/repos/abax/abacus-protocol/node_modules/wookashwackomytest-typechain-types/node_modules/@polkadot/api/promise/Api").ApiPromise'.
typechain/mixed-methods/a_token.ts(65,25): error TS2345: Argument of type 'import("/home/lukas/repos/abax/abacus-protocol/node_modules/@polkadot/api/promise/Api").ApiPromise' is not assignable to parameter of type 'import("/home/lukas/repos/abax/abacus-protocol/node_modules/wookashwackomytest-typechain-types/node_modules/@polkadot/api/promise/Api").ApiPromise'.
typechain/mixed-methods/a_token.ts(86,25): error TS2345: Argument of type 'import("/home/lukas/repos/abax/abacus-protocol/node_modules/@polkadot/api/promise/Api").ApiPromise' is not assignable to parameter of type 'import("/home/lukas/repos/abax/abacus-protocol/node_modules/wookashwackomytest-typechain-types/node_modules/@polkadot/api/promise/Api").ApiPromise'.
typechain/mixed-methods/a_token.ts(99,23): error TS2345: Argument of type 'import("/home/lukas/repos/abax/abacus-protocol/node_modules/@polkadot/api/promise/Api").ApiPromise' is not assignable to parameter of type 'import("/home/lukas/repos/abax/abacus-protocol/node_modules/wookashwackomytest-typechain-types/node_modules/@polkadot/api/promise/Api").ApiPromise'.
typechain/mixed-methods/a_token.ts(110,23): error TS2345: Argument of type 'import("/home/lukas/repos/abax/abacus-protocol/node_modules/@polkadot/api/promise/Api").ApiPromise' is not assignable to parameter of type 'import("/home/lukas/repos/abax/abacus-protocol/node_modules/wookashwackomytest-typechain-types/node_modules/@polkadot/api/promise/Api").ApiPromise'.
typechain/mixed-methods/a_token.ts(123,23): error TS2345: Argument of type 'import("/home/lukas/repos/abax/abacus-protocol/node_modules/@polkadot/api/promise/Api").ApiPromise' is not assignable to parameter of type 'import("/home/lukas/repos/abax/abacus-protocol/node_modules/wookashwackomytest-typechain-types/node_modules/@polkadot/api/promise/Api").ApiPromise'.
typechain/mixed-methods/a_token.ts(138,23): error TS2345: Argument of type 'import("/home/lukas/repos/abax/abacus-protocol/node_modules/@polkadot/api/promise/Api").ApiPromise' is not assignable to parameter of type 'import("/home/lukas/repos/abax/abacus-protocol/node_modules/wookashwackomytest-typechain-types/node_modules/@polkadot/api/promise/Api").ApiPromise'.
typechain/mixed-methods/a_token.ts(155,25): error TS2345: Argument of type 'import("/home/lukas/repos/abax/abacus-protocol/node_modules/@polkadot/api/promise/Api").ApiPromise' is not assignable to parameter of type 'import("/home/lukas/repos/abax/abacus-protocol/node_modules/wookashwackomytest-typechain-types/node_modules/@polkadot/api/promise/Api").ApiPromise'.
typechain/mixed-methods/a_token.ts(176,25): error TS2345: Argument of type 'import("/home/lukas/repos/abax/abacus-protocol/node_modules/@polkadot/api/promise/Api").ApiPromise' is not assignable to parameter of type 'import("/home/lukas/repos/abax/abacus-protocol/node_modules/wookashwackomytest-typechain-types/node_modules/@polkadot/api/promise/Api").ApiPromise'.
typechain/mixed-methods/a_token.ts(193,25): error TS2345: Argument of type 'import("/home/lukas/repos/abax/abacus-protocol/node_modules/@polkadot/api/promise/Api").ApiPromise' is not assignable to parameter of type 'import("/home/lukas/repos/abax/abacus-protocol/node_modules/wookashwackomytest-typechain-types/node_modules/@polkadot/api/promise/Api").ApiPromise'.
typechain/mixed-methods/a_token.ts(210,25): error TS2345: Argument of type 'import("/home/lukas/repos/abax/abacus-protocol/node_modules/@polkadot/api/promise/Api").ApiPromise' is not assignable to parameter of type 'import("/home/lukas/repos/abax/abacus-protocol/node_modules/wookashwackomytest-typechain-types/node_modules/@polkadot/api/promise/Api").ApiPromise'.
typechain/mixed-methods/a_token.ts(227,25): error TS2345: Argument of type 'import("/home/lukas/repos/abax/abacus-protocol/node_modules/@polkadot/api/promise/Api").ApiPromise' is not assignable to parameter of type 'import("/home/lukas/repos/abax/abacus-protocol/node_modules/wookashwackomytest-typechain-types/node_modules/@polkadot/api/promise/Api").ApiPromise'.
typechain/mixed-methods/a_token.ts(240,23): error TS2345: Argument of type 'import("/home/lukas/repos/abax/abacus-protocol/node_modules/@polkadot/api/promise/Api").ApiPromise' is not assignable to parameter of type 'import("/home/lukas/repos/abax/abacus-protocol/node_modules/wookashwackomytest-typechain-types/node_modules/@polkadot/api/promise/Api").ApiPromise'.
typechain/mixed-methods/a_token.ts(251,23): error TS2345: Argument of type 'import("/home/lukas/repos/abax/abacus-protocol/node_modules/@polkadot/api/promise/Api").ApiPromise' is not assignable to parameter of type 'import("/home/lukas/repos/abax/abacus-protocol/node_modules/wookashwackomytest-typechain-types/node_modules/@polkadot/api/promise/Api").ApiPromise'.
typechain/mixed-methods/a_token.ts(262,23): error TS2345: Argument of type 'import("/home/lukas/repos/abax/abacus-protocol/node_modules/@polkadot/api/promise/Api").ApiPromise' is not assignable to parameter of type 'import("/home/lukas/repos/abax/abacus-protocol/node_modules/wookashwackomytest-typechain-types/node_modules/@polkadot/api/promise/Api").ApiPromise'.
typechain/mixed-methods/balance_viewer.ts(54,23): error TS2345: Argument of type 'import("/home/lukas/repos/abax/abacus-protocol/node_modules/@polkadot/api/promise/Api").ApiPromise' is not assignable to parameter of type 'import("/home/lukas/repos/abax/abacus-protocol/node_modules/wookashwackomytest-typechain-types/node_modules/@polkadot/api/promise/Api").ApiPromise'.
typechain/mixed-methods/balance_viewer.ts(67,23): error TS2345: Argument of type 'import("/home/lukas/repos/abax/abacus-protocol/node_modules/@polkadot/api/promise/Api").ApiPromise' is not assignable to parameter of type 'import("/home/lukas/repos/abax/abacus-protocol/node_modules/wookashwackomytest-typechain-types/node_modules/@polkadot/api/promise/Api").ApiPromise'.
typechain/mixed-methods/balance_viewer.ts(80,23): error TS2345: Argument of type 'import("/home/lukas/repos/abax/abacus-protocol/node_modules/@polkadot/api/promise/Api").ApiPromise' is not assignable to parameter of type 'import("/home/lukas/repos/abax/abacus-protocol/node_modules/wookashwackomytest-typechain-types/node_modules/@polkadot/api/promise/Api").ApiPromise'.
typechain/mixed-methods/balance_viewer.ts(95,23): error TS2345: Argument of type 'import("/home/lukas/repos/abax/abacus-protocol/node_modules/@polkadot/api/promise/Api").ApiPromise' is not assignable to parameter of type 'import("/home/lukas/repos/abax/abacus-protocol/node_modules/wookashwackomytest-typechain-types/node_modules/@polkadot/api/promise/Api").ApiPromise'.
typechain/mixed-methods/balance_viewer.ts(110,23): error TS2345: Argument of type 'import("/home/lukas/repos/abax/abacus-protocol/node_modules/@polkadot/api/promise/Api").ApiPromise' is not assignable to parameter of type 'import("/home/lukas/repos/abax/abacus-protocol/node_modules/wookashwackomytest-typechain-types/node_modules/@polkadot/api/promise/Api").ApiPromise'.
typechain/mixed-methods/balance_viewer.ts(123,23): error TS2345: Argument of type 'import("/home/lukas/repos/abax/abacus-protocol/node_modules/@polkadot/api/promise/Api").ApiPromise' is not assignable to parameter of type 'import("/home/lukas/repos/abax/abacus-protocol/node_modules/wookashwackomytest-typechain-types/node_modules/@polkadot/api/promise/Api").ApiPromise'.
typechain/mixed-methods/balance_viewer.ts(136,23): error TS2345: Argument of type 'import("/home/lukas/repos/abax/abacus-protocol/node_modules/@polkadot/api/promise/Api").ApiPromise' is not assignable to parameter of type 'import("/home/lukas/repos/abax/abacus-protocol/node_modules/wookashwackomytest-typechain-types/node_modules/@polkadot/api/promise/Api").ApiPromise'.
typechain/mixed-methods/dia_oracle.ts(50,23): error TS2345: Argument of type 'import("/home/lukas/repos/abax/abacus-protocol/node_modules/@polkadot/api/promise/Api").ApiPromise' is not assignable to parameter of type 'import("/home/lukas/repos/abax/abacus-protocol/node_modules/wookashwackomytest-typechain-types/node_modules/@polkadot/api/promise/Api").ApiPromise'.
typechain/mixed-methods/dia_oracle.ts(63,25): error TS2345: Argument of type 'import("/home/lukas/repos/abax/abacus-protocol/node_modules/@polkadot/api/promise/Api").ApiPromise' is not assignable to parameter of type 'import("/home/lukas/repos/abax/abacus-protocol/node_modules/wookashwackomytest-typechain-types/node_modules/@polkadot/api/promise/Api").ApiPromise'.
typechain/mixed-methods/dia_oracle.ts(78,25): error TS2345: Argument of type 'import("/home/lukas/repos/abax/abacus-protocol/node_modules/@polkadot/api/promise/Api").ApiPromise' is not assignable to parameter of type 'import("/home/lukas/repos/abax/abacus-protocol/node_modules/wookashwackomytest-typechain-types/node_modules/@polkadot/api/promise/Api").ApiPromise'.
typechain/mixed-methods/dia_oracle.ts(93,25): error TS2345: Argument of type 'import("/home/lukas/repos/abax/abacus-protocol/node_modules/@polkadot/api/promise/Api").ApiPromise' is not assignable to parameter of type 'import("/home/lukas/repos/abax/abacus-protocol/node_modules/wookashwackomytest-typechain-types/node_modules/@polkadot/api/promise/Api").ApiPromise'.
typechain/mixed-methods/dia_oracle.ts(110,25): error TS2345: Argument of type 'import("/home/lukas/repos/abax/abacus-protocol/node_modules/@polkadot/api/promise/Api").ApiPromise' is not assignable to parameter of type 'import("/home/lukas/repos/abax/abacus-protocol/node_modules/wookashwackomytest-typechain-types/node_modules/@polkadot/api/promise/Api").ApiPromise'.
typechain/mixed-methods/dia_oracle.ts(125,25): error TS2345: Argument of type 'import("/home/lukas/repos/abax/abacus-protocol/node_modules/@polkadot/api/promise/Api").ApiPromise' is not assignable to parameter of type 'import("/home/lukas/repos/abax/abacus-protocol/node_modules/wookashwackomytest-typechain-types/node_modules/@polkadot/api/promise/Api").ApiPromise'.
typechain/mixed-methods/dia_oracle.ts(138,23): error TS2345: Argument of type 'import("/home/lukas/repos/abax/abacus-protocol/node_modules/@polkadot/api/promise/Api").ApiPromise' is not assignable to parameter of type 'import("/home/lukas/repos/abax/abacus-protocol/node_modules/wookashwackomytest-typechain-types/node_modules/@polkadot/api/promise/Api").ApiPromise'.
typechain/mixed-methods/dia_oracle.ts(151,23): error TS2345: Argument of type 'import("/home/lukas/repos/abax/abacus-protocol/node_modules/@polkadot/api/promise/Api").ApiPromise' is not assignable to parameter of type 'import("/home/lukas/repos/abax/abacus-protocol/node_modules/wookashwackomytest-typechain-types/node_modules/@polkadot/api/promise/Api").ApiPromise'.
typechain/mixed-methods/dia_oracle.ts(164,23): error TS2345: Argument of type 'import("/home/lukas/repos/abax/abacus-protocol/node_modules/@polkadot/api/promise/Api").ApiPromise' is not assignable to parameter of type 'import("/home/lukas/repos/abax/abacus-protocol/node_modules/wookashwackomytest-typechain-types/node_modules/@polkadot/api/promise/Api").ApiPromise'.
typechain/mixed-methods/flash_loan_receiver_mock.ts(52,25): error TS2345: Argument of type 'import("/home/lukas/repos/abax/abacus-protocol/node_modules/@polkadot/api/promise/Api").ApiPromise' is not assignable to parameter of type 'import("/home/lukas/repos/abax/abacus-protocol/node_modules/wookashwackomytest-typechain-types/node_modules/@polkadot/api/promise/Api").ApiPromise'.
typechain/mixed-methods/flash_loan_receiver_mock.ts(67,25): error TS2345: Argument of type 'import("/home/lukas/repos/abax/abacus-protocol/node_modules/@polkadot/api/promise/Api").ApiPromise' is not assignable to parameter of type 'import("/home/lukas/repos/abax/abacus-protocol/node_modules/wookashwackomytest-typechain-types/node_modules/@polkadot/api/promise/Api").ApiPromise'.
typechain/mixed-methods/flash_loan_receiver_mock.ts(82,25): error TS2345: Argument of type 'import("/home/lukas/repos/abax/abacus-protocol/node_modules/@polkadot/api/promise/Api").ApiPromise' is not assignable to parameter of type 'import("/home/lukas/repos/abax/abacus-protocol/node_modules/wookashwackomytest-typechain-types/node_modules/@polkadot/api/promise/Api").ApiPromise'.
typechain/mixed-methods/flash_loan_receiver_mock.ts(103,25): error TS2345: Argument of type 'import("/home/lukas/repos/abax/abacus-protocol/node_modules/@polkadot/api/promise/Api").ApiPromise' is not assignable to parameter of type 'import("/home/lukas/repos/abax/abacus-protocol/node_modules/wookashwackomytest-typechain-types/node_modules/@polkadot/api/promise/Api").ApiPromise'.
typechain/mixed-methods/lending_pool.ts(52,25): error TS2345: Argument of type 'import("/home/lukas/repos/abax/abacus-protocol/node_modules/@polkadot/api/promise/Api").ApiPromise' is not assignable to parameter of type 'import("/home/lukas/repos/abax/abacus-protocol/node_modules/wookashwackomytest-typechain-types/node_modules/@polkadot/api/promise/Api").ApiPromise'.
typechain/mixed-methods/lending_pool.ts(73,25): error TS2345: Argument of type 'import("/home/lukas/repos/abax/abacus-protocol/node_modules/@polkadot/api/promise/Api").ApiPromise' is not assignable to parameter of type 'import("/home/lukas/repos/abax/abacus-protocol/node_modules/wookashwackomytest-typechain-types/node_modules/@polkadot/api/promise/Api").ApiPromise'.
typechain/mixed-methods/lending_pool.ts(94,25): error TS2345: Argument of type 'import("/home/lukas/repos/abax/abacus-protocol/node_modules/@polkadot/api/promise/Api").ApiPromise' is not assignable to parameter of type 'import("/home/lukas/repos/abax/abacus-protocol/node_modules/wookashwackomytest-typechain-types/node_modules/@polkadot/api/promise/Api").ApiPromise'.
typechain/mixed-methods/lending_pool.ts(109,25): error TS2345: Argument of type 'import("/home/lukas/repos/abax/abacus-protocol/node_modules/@polkadot/api/promise/Api").ApiPromise' is not assignable to parameter of type 'import("/home/lukas/repos/abax/abacus-protocol/node_modules/wookashwackomytest-typechain-types/node_modules/@polkadot/api/promise/Api").ApiPromise'.
typechain/mixed-methods/lending_pool.ts(126,25): error TS2345: Argument of type 'import("/home/lukas/repos/abax/abacus-protocol/node_modules/@polkadot/api/promise/Api").ApiPromise' is not assignable to parameter of type 'import("/home/lukas/repos/abax/abacus-protocol/node_modules/wookashwackomytest-typechain-types/node_modules/@polkadot/api/promise/Api").ApiPromise'.
typechain/mixed-methods/lending_pool.ts(147,25): error TS2345: Argument of type 'import("/home/lukas/repos/abax/abacus-protocol/node_modules/@polkadot/api/promise/Api").ApiPromise' is not assignable to parameter of type 'import("/home/lukas/repos/abax/abacus-protocol/node_modules/wookashwackomytest-typechain-types/node_modules/@polkadot/api/promise/Api").ApiPromise'.
typechain/mixed-methods/lending_pool.ts(168,25): error TS2345: Argument of type 'import("/home/lukas/repos/abax/abacus-protocol/node_modules/@polkadot/api/promise/Api").ApiPromise' is not assignable to parameter of type 'import("/home/lukas/repos/abax/abacus-protocol/node_modules/wookashwackomytest-typechain-types/node_modules/@polkadot/api/promise/Api").ApiPromise'.
typechain/mixed-methods/lending_pool.ts(189,25): error TS2345: Argument of type 'import("/home/lukas/repos/abax/abacus-protocol/node_modules/@polkadot/api/promise/Api").ApiPromise' is not assignable to parameter of type 'import("/home/lukas/repos/abax/abacus-protocol/node_modules/wookashwackomytest-typechain-types/node_modules/@polkadot/api/promise/Api").ApiPromise'.
typechain/mixed-methods/lending_pool.ts(214,25): error TS2345: Argument of type 'import("/home/lukas/repos/abax/abacus-protocol/node_modules/@polkadot/api/promise/Api").ApiPromise' is not assignable to parameter of type 'import("/home/lukas/repos/abax/abacus-protocol/node_modules/wookashwackomytest-typechain-types/node_modules/@polkadot/api/promise/Api").ApiPromise'.
typechain/mixed-methods/lending_pool.ts(229,25): error TS2345: Argument of type 'import("/home/lukas/repos/abax/abacus-protocol/node_modules/@polkadot/api/promise/Api").ApiPromise' is not assignable to parameter of type 'import("/home/lukas/repos/abax/abacus-protocol/node_modules/wookashwackomytest-typechain-types/node_modules/@polkadot/api/promise/Api").ApiPromise'.
typechain/mixed-methods/lending_pool.ts(244,25): error TS2345: Argument of type 'import("/home/lukas/repos/abax/abacus-protocol/node_modules/@polkadot/api/promise/Api").ApiPromise' is not assignable to parameter of type 'import("/home/lukas/repos/abax/abacus-protocol/node_modules/wookashwackomytest-typechain-types/node_modules/@polkadot/api/promise/Api").ApiPromise'.
typechain/mixed-methods/lending_pool.ts(259,25): error TS2345: Argument of type 'import("/home/lukas/repos/abax/abacus-protocol/node_modules/@polkadot/api/promise/Api").ApiPromise' is not assignable to parameter of type 'import("/home/lukas/repos/abax/abacus-protocol/node_modules/wookashwackomytest-typechain-types/node_modules/@polkadot/api/promise/Api").ApiPromise'.
typechain/mixed-methods/lending_pool.ts(292,25): error TS2345: Argument of type 'import("/home/lukas/repos/abax/abacus-protocol/node_modules/@polkadot/api/promise/Api").ApiPromise' is not assignable to parameter of type 'import("/home/lukas/repos/abax/abacus-protocol/node_modules/wookashwackomytest-typechain-types/node_modules/@polkadot/api/promise/Api").ApiPromise'.
typechain/mixed-methods/lending_pool.ts(309,25): error TS2345: Argument of type 'import("/home/lukas/repos/abax/abacus-protocol/node_modules/@polkadot/api/promise/Api").ApiPromise' is not assignable to parameter of type 'import("/home/lukas/repos/abax/abacus-protocol/node_modules/wookashwackomytest-typechain-types/node_modules/@polkadot/api/promise/Api").ApiPromise'.
typechain/mixed-methods/lending_pool.ts(326,25): error TS2345: Argument of type 'import("/home/lukas/repos/abax/abacus-protocol/node_modules/@polkadot/api/promise/Api").ApiPromise' is not assignable to parameter of type 'import("/home/lukas/repos/abax/abacus-protocol/node_modules/wookashwackomytest-typechain-types/node_modules/@polkadot/api/promise/Api").ApiPromise'.
typechain/mixed-methods/lending_pool.ts(343,25): error TS2345: Argument of type 'import("/home/lukas/repos/abax/abacus-protocol/node_modules/@polkadot/api/promise/Api").ApiPromise' is not assignable to parameter of type 'import("/home/lukas/repos/abax/abacus-protocol/node_modules/wookashwackomytest-typechain-types/node_modules/@polkadot/api/promise/Api").ApiPromise'.
typechain/mixed-methods/lending_pool.ts(360,25): error TS2345: Argument of type 'import("/home/lukas/repos/abax/abacus-protocol/node_modules/@polkadot/api/promise/Api").ApiPromise' is not assignable to parameter of type 'import("/home/lukas/repos/abax/abacus-protocol/node_modules/wookashwackomytest-typechain-types/node_modules/@polkadot/api/promise/Api").ApiPromise'.
typechain/mixed-methods/lending_pool.ts(377,25): error TS2345: Argument of type 'import("/home/lukas/repos/abax/abacus-protocol/node_modules/@polkadot/api/promise/Api").ApiPromise' is not assignable to parameter of type 'import("/home/lukas/repos/abax/abacus-protocol/node_modules/wookashwackomytest-typechain-types/node_modules/@polkadot/api/promise/Api").ApiPromise'.
typechain/mixed-methods/lending_pool.ts(392,25): error TS2345: Argument of type 'import("/home/lukas/repos/abax/abacus-protocol/node_modules/@polkadot/api/promise/Api").ApiPromise' is not assignable to parameter of type 'import("/home/lukas/repos/abax/abacus-protocol/node_modules/wookashwackomytest-typechain-types/node_modules/@polkadot/api/promise/Api").ApiPromise'.
typechain/mixed-methods/lending_pool.ts(411,25): error TS2345: Argument of type 'import("/home/lukas/repos/abax/abacus-protocol/node_modules/@polkadot/api/promise/Api").ApiPromise' is not assignable to parameter of type 'import("/home/lukas/repos/abax/abacus-protocol/node_modules/wookashwackomytest-typechain-types/node_modules/@polkadot/api/promise/Api").ApiPromise'.
typechain/mixed-methods/lending_pool.ts(428,25): error TS2345: Argument of type 'import("/home/lukas/repos/abax/abacus-protocol/node_modules/@polkadot/api/promise/Api").ApiPromise' is not assignable to parameter of type 'import("/home/lukas/repos/abax/abacus-protocol/node_modules/wookashwackomytest-typechain-types/node_modules/@polkadot/api/promise/Api").ApiPromise'.
typechain/mixed-methods/lending_pool.ts(445,25): error TS2345: Argument of type 'import("/home/lukas/repos/abax/abacus-protocol/node_modules/@polkadot/api/promise/Api").ApiPromise' is not assignable to parameter of type 'import("/home/lukas/repos/abax/abacus-protocol/node_modules/wookashwackomytest-typechain-types/node_modules/@polkadot/api/promise/Api").ApiPromise'.
typechain/mixed-methods/lending_pool.ts(458,23): error TS2345: Argument of type 'import("/home/lukas/repos/abax/abacus-protocol/node_modules/@polkadot/api/promise/Api").ApiPromise' is not assignable to parameter of type 'import("/home/lukas/repos/abax/abacus-protocol/node_modules/wookashwackomytest-typechain-types/node_modules/@polkadot/api/promise/Api").ApiPromise'.
typechain/mixed-methods/lending_pool.ts(471,23): error TS2345: Argument of type 'import("/home/lukas/repos/abax/abacus-protocol/node_modules/@polkadot/api/promise/Api").ApiPromise' is not assignable to parameter of type 'import("/home/lukas/repos/abax/abacus-protocol/node_modules/wookashwackomytest-typechain-types/node_modules/@polkadot/api/promise/Api").ApiPromise'.
typechain/mixed-methods/lending_pool.ts(482,23): error TS2345: Argument of type 'import("/home/lukas/repos/abax/abacus-protocol/node_modules/@polkadot/api/promise/Api").ApiPromise' is not assignable to parameter of type 'import("/home/lukas/repos/abax/abacus-protocol/node_modules/wookashwackomytest-typechain-types/node_modules/@polkadot/api/promise/Api").ApiPromise'.
typechain/mixed-methods/lending_pool.ts(495,23): error TS2345: Argument of type 'import("/home/lukas/repos/abax/abacus-protocol/node_modules/@polkadot/api/promise/Api").ApiPromise' is not assignable to parameter of type 'import("/home/lukas/repos/abax/abacus-protocol/node_modules/wookashwackomytest-typechain-types/node_modules/@polkadot/api/promise/Api").ApiPromise'.
typechain/mixed-methods/lending_pool.ts(508,23): error TS2345: Argument of type 'import("/home/lukas/repos/abax/abacus-protocol/node_modules/@polkadot/api/promise/Api").ApiPromise' is not assignable to parameter of type 'import("/home/lukas/repos/abax/abacus-protocol/node_modules/wookashwackomytest-typechain-types/node_modules/@polkadot/api/promise/Api").ApiPromise'.
typechain/mixed-methods/lending_pool.ts(521,23): error TS2345: Argument of type 'import("/home/lukas/repos/abax/abacus-protocol/node_modules/@polkadot/api/promise/Api").ApiPromise' is not assignable to parameter of type 'import("/home/lukas/repos/abax/abacus-protocol/node_modules/wookashwackomytest-typechain-types/node_modules/@polkadot/api/promise/Api").ApiPromise'.
typechain/mixed-methods/lending_pool.ts(534,23): error TS2345: Argument of type 'import("/home/lukas/repos/abax/abacus-protocol/node_modules/@polkadot/api/promise/Api").ApiPromise' is not assignable to parameter of type 'import("/home/lukas/repos/abax/abacus-protocol/node_modules/wookashwackomytest-typechain-types/node_modules/@polkadot/api/promise/Api").ApiPromise'.
typechain/mixed-methods/lending_pool.ts(547,23): error TS2345: Argument of type 'import("/home/lukas/repos/abax/abacus-protocol/node_modules/@polkadot/api/promise/Api").ApiPromise' is not assignable to parameter of type 'import("/home/lukas/repos/abax/abacus-protocol/node_modules/wookashwackomytest-typechain-types/node_modules/@polkadot/api/promise/Api").ApiPromise'.
typechain/mixed-methods/lending_pool.ts(560,23): error TS2345: Argument of type 'import("/home/lukas/repos/abax/abacus-protocol/node_modules/@polkadot/api/promise/Api").ApiPromise' is not assignable to parameter of type 'import("/home/lukas/repos/abax/abacus-protocol/node_modules/wookashwackomytest-typechain-types/node_modules/@polkadot/api/promise/Api").ApiPromise'.
typechain/mixed-methods/lending_pool.ts(573,23): error TS2345: Argument of type 'import("/home/lukas/repos/abax/abacus-protocol/node_modules/@polkadot/api/promise/Api").ApiPromise' is not assignable to parameter of type 'import("/home/lukas/repos/abax/abacus-protocol/node_modules/wookashwackomytest-typechain-types/node_modules/@polkadot/api/promise/Api").ApiPromise'.
typechain/mixed-methods/lending_pool.ts(586,23): error TS2345: Argument of type 'import("/home/lukas/repos/abax/abacus-protocol/node_modules/@polkadot/api/promise/Api").ApiPromise' is not assignable to parameter of type 'import("/home/lukas/repos/abax/abacus-protocol/node_modules/wookashwackomytest-typechain-types/node_modules/@polkadot/api/promise/Api").ApiPromise'.
typechain/mixed-methods/lending_pool.ts(601,23): error TS2345: Argument of type 'import("/home/lukas/repos/abax/abacus-protocol/node_modules/@polkadot/api/promise/Api").ApiPromise' is not assignable to parameter of type 'import("/home/lukas/repos/abax/abacus-protocol/node_modules/wookashwackomytest-typechain-types/node_modules/@polkadot/api/promise/Api").ApiPromise'.
typechain/mixed-methods/lending_pool.ts(616,23): error TS2345: Argument of type 'import("/home/lukas/repos/abax/abacus-protocol/node_modules/@polkadot/api/promise/Api").ApiPromise' is not assignable to parameter of type 'import("/home/lukas/repos/abax/abacus-protocol/node_modules/wookashwackomytest-typechain-types/node_modules/@polkadot/api/promise/Api").ApiPromise'.
typechain/mixed-methods/lending_pool.ts(629,23): error TS2345: Argument of type 'import("/home/lukas/repos/abax/abacus-protocol/node_modules/@polkadot/api/promise/Api").ApiPromise' is not assignable to parameter of type 'import("/home/lukas/repos/abax/abacus-protocol/node_modules/wookashwackomytest-typechain-types/node_modules/@polkadot/api/promise/Api").ApiPromise'.
typechain/mixed-methods/lending_pool.ts(642,23): error TS2345: Argument of type 'import("/home/lukas/repos/abax/abacus-protocol/node_modules/@polkadot/api/promise/Api").ApiPromise' is not assignable to parameter of type 'import("/home/lukas/repos/abax/abacus-protocol/node_modules/wookashwackomytest-typechain-types/node_modules/@polkadot/api/promise/Api").ApiPromise'.
typechain/mixed-methods/lending_pool.ts(655,23): error TS2345: Argument of type 'import("/home/lukas/repos/abax/abacus-protocol/node_modules/@polkadot/api/promise/Api").ApiPromise' is not assignable to parameter of type 'import("/home/lukas/repos/abax/abacus-protocol/node_modules/wookashwackomytest-typechain-types/node_modules/@polkadot/api/promise/Api").ApiPromise'.
typechain/mixed-methods/lending_pool.ts(668,23): error TS2345: Argument of type 'import("/home/lukas/repos/abax/abacus-protocol/node_modules/@polkadot/api/promise/Api").ApiPromise' is not assignable to parameter of type 'import("/home/lukas/repos/abax/abacus-protocol/node_modules/wookashwackomytest-typechain-types/node_modules/@polkadot/api/promise/Api").ApiPromise'.
typechain/mixed-methods/lending_pool.ts(681,23): error TS2345: Argument of type 'import("/home/lukas/repos/abax/abacus-protocol/node_modules/@polkadot/api/promise/Api").ApiPromise' is not assignable to parameter of type 'import("/home/lukas/repos/abax/abacus-protocol/node_modules/wookashwackomytest-typechain-types/node_modules/@polkadot/api/promise/Api").ApiPromise'.
typechain/mixed-methods/lending_pool.ts(696,23): error TS2345: Argument of type 'import("/home/lukas/repos/abax/abacus-protocol/node_modules/@polkadot/api/promise/Api").ApiPromise' is not assignable to parameter of type 'import("/home/lukas/repos/abax/abacus-protocol/node_modules/wookashwackomytest-typechain-types/node_modules/@polkadot/api/promise/Api").ApiPromise'.
typechain/mixed-methods/lending_pool.ts(715,25): error TS2345: Argument of type 'import("/home/lukas/repos/abax/abacus-protocol/node_modules/@polkadot/api/promise/Api").ApiPromise' is not assignable to parameter of type 'import("/home/lukas/repos/abax/abacus-protocol/node_modules/wookashwackomytest-typechain-types/node_modules/@polkadot/api/promise/Api").ApiPromise'.
typechain/mixed-methods/lending_pool.ts(730,23): error TS2345: Argument of type 'import("/home/lukas/repos/abax/abacus-protocol/node_modules/@polkadot/api/promise/Api").ApiPromise' is not assignable to parameter of type 'import("/home/lukas/repos/abax/abacus-protocol/node_modules/wookashwackomytest-typechain-types/node_modules/@polkadot/api/promise/Api").ApiPromise'.
typechain/mixed-methods/lending_pool.ts(745,23): error TS2345: Argument of type 'import("/home/lukas/repos/abax/abacus-protocol/node_modules/@polkadot/api/promise/Api").ApiPromise' is not assignable to parameter of type 'import("/home/lukas/repos/abax/abacus-protocol/node_modules/wookashwackomytest-typechain-types/node_modules/@polkadot/api/promise/Api").ApiPromise'.
typechain/mixed-methods/lending_pool.ts(764,25): error TS2345: Argument of type 'import("/home/lukas/repos/abax/abacus-protocol/node_modules/@polkadot/api/promise/Api").ApiPromise' is not assignable to parameter of type 'import("/home/lukas/repos/abax/abacus-protocol/node_modules/wookashwackomytest-typechain-types/node_modules/@polkadot/api/promise/Api").ApiPromise'.
typechain/mixed-methods/lending_pool.ts(781,23): error TS2345: Argument of type 'import("/home/lukas/repos/abax/abacus-protocol/node_modules/@polkadot/api/promise/Api").ApiPromise' is not assignable to parameter of type 'import("/home/lukas/repos/abax/abacus-protocol/node_modules/wookashwackomytest-typechain-types/node_modules/@polkadot/api/promise/Api").ApiPromise'.
typechain/mixed-methods/lending_pool.ts(794,23): error TS2345: Argument of type 'import("/home/lukas/repos/abax/abacus-protocol/node_modules/@polkadot/api/promise/Api").ApiPromise' is not assignable to parameter of type 'import("/home/lukas/repos/abax/abacus-protocol/node_modules/wookashwackomytest-typechain-types/node_modules/@polkadot/api/promise/Api").ApiPromise'.
typechain/mixed-methods/lending_pool.ts(809,25): error TS2345: Argument of type 'import("/home/lukas/repos/abax/abacus-protocol/node_modules/@polkadot/api/promise/Api").ApiPromise' is not assignable to parameter of type 'import("/home/lukas/repos/abax/abacus-protocol/node_modules/wookashwackomytest-typechain-types/node_modules/@polkadot/api/promise/Api").ApiPromise'.
typechain/mixed-methods/lending_pool.ts(826,25): error TS2345: Argument of type 'import("/home/lukas/repos/abax/abacus-protocol/node_modules/@polkadot/api/promise/Api").ApiPromise' is not assignable to parameter of type 'import("/home/lukas/repos/abax/abacus-protocol/node_modules/wookashwackomytest-typechain-types/node_modules/@polkadot/api/promise/Api").ApiPromise'.
typechain/mixed-methods/lending_pool.ts(843,25): error TS2345: Argument of type 'import("/home/lukas/repos/abax/abacus-protocol/node_modules/@polkadot/api/promise/Api").ApiPromise' is not assignable to parameter of type 'import("/home/lukas/repos/abax/abacus-protocol/node_modules/wookashwackomytest-typechain-types/node_modules/@polkadot/api/promise/Api").ApiPromise'.
typechain/mixed-methods/price_feed_provider.ts(54,25): error TS2345: Argument of type 'import("/home/lukas/repos/abax/abacus-protocol/node_modules/@polkadot/api/promise/Api").ApiPromise' is not assignable to parameter of type 'import("/home/lukas/repos/abax/abacus-protocol/node_modules/wookashwackomytest-typechain-types/node_modules/@polkadot/api/promise/Api").ApiPromise'.
typechain/mixed-methods/price_feed_provider.ts(69,25): error TS2345: Argument of type 'import("/home/lukas/repos/abax/abacus-protocol/node_modules/@polkadot/api/promise/Api").ApiPromise' is not assignable to parameter of type 'import("/home/lukas/repos/abax/abacus-protocol/node_modules/wookashwackomytest-typechain-types/node_modules/@polkadot/api/promise/Api").ApiPromise'.
typechain/mixed-methods/price_feed_provider.ts(84,23): error TS2345: Argument of type 'import("/home/lukas/repos/abax/abacus-protocol/node_modules/@polkadot/api/promise/Api").ApiPromise' is not assignable to parameter of type 'import("/home/lukas/repos/abax/abacus-protocol/node_modules/wookashwackomytest-typechain-types/node_modules/@polkadot/api/promise/Api").ApiPromise'.
typechain/mixed-methods/price_feed_provider.ts(95,23): error TS2345: Argument of type 'import("/home/lukas/repos/abax/abacus-protocol/node_modules/@polkadot/api/promise/Api").ApiPromise' is not assignable to parameter of type 'import("/home/lukas/repos/abax/abacus-protocol/node_modules/wookashwackomytest-typechain-types/node_modules/@polkadot/api/promise/Api").ApiPromise'.
typechain/mixed-methods/price_feed_provider.ts(106,25): error TS2345: Argument of type 'import("/home/lukas/repos/abax/abacus-protocol/node_modules/@polkadot/api/promise/Api").ApiPromise' is not assignable to parameter of type 'import("/home/lukas/repos/abax/abacus-protocol/node_modules/wookashwackomytest-typechain-types/node_modules/@polkadot/api/promise/Api").ApiPromise'.
typechain/mixed-methods/price_feed_provider.ts(121,25): error TS2345: Argument of type 'import("/home/lukas/repos/abax/abacus-protocol/node_modules/@polkadot/api/promise/Api").ApiPromise' is not assignable to parameter of type 'import("/home/lukas/repos/abax/abacus-protocol/node_modules/wookashwackomytest-typechain-types/node_modules/@polkadot/api/promise/Api").ApiPromise'.
typechain/mixed-methods/psp22_emitable.ts(50,23): error TS2345: Argument of type 'import("/home/lukas/repos/abax/abacus-protocol/node_modules/@polkadot/api/promise/Api").ApiPromise' is not assignable to parameter of type 'import("/home/lukas/repos/abax/abacus-protocol/node_modules/wookashwackomytest-typechain-types/node_modules/@polkadot/api/promise/Api").ApiPromise'.
typechain/mixed-methods/psp22_emitable.ts(63,23): error TS2345: Argument of type 'import("/home/lukas/repos/abax/abacus-protocol/node_modules/@polkadot/api/promise/Api").ApiPromise' is not assignable to parameter of type 'import("/home/lukas/repos/abax/abacus-protocol/node_modules/wookashwackomytest-typechain-types/node_modules/@polkadot/api/promise/Api").ApiPromise'.
typechain/mixed-methods/psp22_emitable.ts(78,23): error TS2345: Argument of type 'import("/home/lukas/repos/abax/abacus-protocol/node_modules/@polkadot/api/promise/Api").ApiPromise' is not assignable to parameter of type 'import("/home/lukas/repos/abax/abacus-protocol/node_modules/wookashwackomytest-typechain-types/node_modules/@polkadot/api/promise/Api").ApiPromise'.
typechain/mixed-methods/psp22_emitable.ts(95,25): error TS2345: Argument of type 'import("/home/lukas/repos/abax/abacus-protocol/node_modules/@polkadot/api/promise/Api").ApiPromise' is not assignable to parameter of type 'import("/home/lukas/repos/abax/abacus-protocol/node_modules/wookashwackomytest-typechain-types/node_modules/@polkadot/api/promise/Api").ApiPromise'.
typechain/mixed-methods/psp22_emitable.ts(116,25): error TS2345: Argument of type 'import("/home/lukas/repos/abax/abacus-protocol/node_modules/@polkadot/api/promise/Api").ApiPromise' is not assignable to parameter of type 'import("/home/lukas/repos/abax/abacus-protocol/node_modules/wookashwackomytest-typechain-types/node_modules/@polkadot/api/promise/Api").ApiPromise'.
typechain/mixed-methods/psp22_emitable.ts(133,25): error TS2345: Argument of type 'import("/home/lukas/repos/abax/abacus-protocol/node_modules/@polkadot/api/promise/Api").ApiPromise' is not assignable to parameter of type 'import("/home/lukas/repos/abax/abacus-protocol/node_modules/wookashwackomytest-typechain-types/node_modules/@polkadot/api/promise/Api").ApiPromise'.
typechain/mixed-methods/psp22_emitable.ts(150,25): error TS2345: Argument of type 'import("/home/lukas/repos/abax/abacus-protocol/node_modules/@polkadot/api/promise/Api").ApiPromise' is not assignable to parameter of type 'import("/home/lukas/repos/abax/abacus-protocol/node_modules/wookashwackomytest-typechain-types/node_modules/@polkadot/api/promise/Api").ApiPromise'.
typechain/mixed-methods/psp22_emitable.ts(167,25): error TS2345: Argument of type 'import("/home/lukas/repos/abax/abacus-protocol/node_modules/@polkadot/api/promise/Api").ApiPromise' is not assignable to parameter of type 'import("/home/lukas/repos/abax/abacus-protocol/node_modules/wookashwackomytest-typechain-types/node_modules/@polkadot/api/promise/Api").ApiPromise'.
typechain/mixed-methods/psp22_emitable.ts(180,23): error TS2345: Argument of type 'import("/home/lukas/repos/abax/abacus-protocol/node_modules/@polkadot/api/promise/Api").ApiPromise' is not assignable to parameter of type 'import("/home/lukas/repos/abax/abacus-protocol/node_modules/wookashwackomytest-typechain-types/node_modules/@polkadot/api/promise/Api").ApiPromise'.
typechain/mixed-methods/psp22_emitable.ts(191,23): error TS2345: Argument of type 'import("/home/lukas/repos/abax/abacus-protocol/node_modules/@polkadot/api/promise/Api").ApiPromise' is not assignable to parameter of type 'import("/home/lukas/repos/abax/abacus-protocol/node_modules/wookashwackomytest-typechain-types/node_modules/@polkadot/api/promise/Api").ApiPromise'.
typechain/mixed-methods/psp22_emitable.ts(202,23): error TS2345: Argument of type 'import("/home/lukas/repos/abax/abacus-protocol/node_modules/@polkadot/api/promise/Api").ApiPromise' is not assignable to parameter of type 'import("/home/lukas/repos/abax/abacus-protocol/node_modules/wookashwackomytest-typechain-types/node_modules/@polkadot/api/promise/Api").ApiPromise'.
typechain/mixed-methods/psp22_emitable.ts(217,25): error TS2345: Argument of type 'import("/home/lukas/repos/abax/abacus-protocol/node_modules/@polkadot/api/promise/Api").ApiPromise' is not assignable to parameter of type 'import("/home/lukas/repos/abax/abacus-protocol/node_modules/wookashwackomytest-typechain-types/node_modules/@polkadot/api/promise/Api").ApiPromise'.
typechain/mixed-methods/psp22_ownable.ts(50,23): error TS2345: Argument of type 'import("/home/lukas/repos/abax/abacus-protocol/node_modules/@polkadot/api/promise/Api").ApiPromise' is not assignable to parameter of type 'import("/home/lukas/repos/abax/abacus-protocol/node_modules/wookashwackomytest-typechain-types/node_modules/@polkadot/api/promise/Api").ApiPromise'.
typechain/mixed-methods/psp22_ownable.ts(63,23): error TS2345: Argument of type 'import("/home/lukas/repos/abax/abacus-protocol/node_modules/@polkadot/api/promise/Api").ApiPromise' is not assignable to parameter of type 'import("/home/lukas/repos/abax/abacus-protocol/node_modules/wookashwackomytest-typechain-types/node_modules/@polkadot/api/promise/Api").ApiPromise'.
typechain/mixed-methods/psp22_ownable.ts(78,23): error TS2345: Argument of type 'import("/home/lukas/repos/abax/abacus-protocol/node_modules/@polkadot/api/promise/Api").ApiPromise' is not assignable to parameter of type 'import("/home/lukas/repos/abax/abacus-protocol/node_modules/wookashwackomytest-typechain-types/node_modules/@polkadot/api/promise/Api").ApiPromise'.
typechain/mixed-methods/psp22_ownable.ts(95,25): error TS2345: Argument of type 'import("/home/lukas/repos/abax/abacus-protocol/node_modules/@polkadot/api/promise/Api").ApiPromise' is not assignable to parameter of type 'import("/home/lukas/repos/abax/abacus-protocol/node_modules/wookashwackomytest-typechain-types/node_modules/@polkadot/api/promise/Api").ApiPromise'.
typechain/mixed-methods/psp22_ownable.ts(116,25): error TS2345: Argument of type 'import("/home/lukas/repos/abax/abacus-protocol/node_modules/@polkadot/api/promise/Api").ApiPromise' is not assignable to parameter of type 'import("/home/lukas/repos/abax/abacus-protocol/node_modules/wookashwackomytest-typechain-types/node_modules/@polkadot/api/promise/Api").ApiPromise'.
typechain/mixed-methods/psp22_ownable.ts(133,25): error TS2345: Argument of type 'import("/home/lukas/repos/abax/abacus-protocol/node_modules/@polkadot/api/promise/Api").ApiPromise' is not assignable to parameter of type 'import("/home/lukas/repos/abax/abacus-protocol/node_modules/wookashwackomytest-typechain-types/node_modules/@polkadot/api/promise/Api").ApiPromise'.
typechain/mixed-methods/psp22_ownable.ts(150,25): error TS2345: Argument of type 'import("/home/lukas/repos/abax/abacus-protocol/node_modules/@polkadot/api/promise/Api").ApiPromise' is not assignable to parameter of type 'import("/home/lukas/repos/abax/abacus-protocol/node_modules/wookashwackomytest-typechain-types/node_modules/@polkadot/api/promise/Api").ApiPromise'.
typechain/mixed-methods/psp22_ownable.ts(167,25): error TS2345: Argument of type 'import("/home/lukas/repos/abax/abacus-protocol/node_modules/@polkadot/api/promise/Api").ApiPromise' is not assignable to parameter of type 'import("/home/lukas/repos/abax/abacus-protocol/node_modules/wookashwackomytest-typechain-types/node_modules/@polkadot/api/promise/Api").ApiPromise'.
typechain/mixed-methods/psp22_ownable.ts(184,25): error TS2345: Argument of type 'import("/home/lukas/repos/abax/abacus-protocol/node_modules/@polkadot/api/promise/Api").ApiPromise' is not assignable to parameter of type 'import("/home/lukas/repos/abax/abacus-protocol/node_modules/wookashwackomytest-typechain-types/node_modules/@polkadot/api/promise/Api").ApiPromise'.
typechain/mixed-methods/psp22_ownable.ts(197,23): error TS2345: Argument of type 'import("/home/lukas/repos/abax/abacus-protocol/node_modules/@polkadot/api/promise/Api").ApiPromise' is not assignable to parameter of type 'import("/home/lukas/repos/abax/abacus-protocol/node_modules/wookashwackomytest-typechain-types/node_modules/@polkadot/api/promise/Api").ApiPromise'.
typechain/mixed-methods/psp22_ownable.ts(208,23): error TS2345: Argument of type 'import("/home/lukas/repos/abax/abacus-protocol/node_modules/@polkadot/api/promise/Api").ApiPromise' is not assignable to parameter of type 'import("/home/lukas/repos/abax/abacus-protocol/node_modules/wookashwackomytest-typechain-types/node_modules/@polkadot/api/promise/Api").ApiPromise'.
typechain/mixed-methods/psp22_ownable.ts(219,23): error TS2345: Argument of type 'import("/home/lukas/repos/abax/abacus-protocol/node_modules/@polkadot/api/promise/Api").ApiPromise' is not assignable to parameter of type 'import("/home/lukas/repos/abax/abacus-protocol/node_modules/wookashwackomytest-typechain-types/node_modules/@polkadot/api/promise/Api").ApiPromise'.
typechain/mixed-methods/psp22_ownable.ts(230,23): error TS2345: Argument of type 'import("/home/lukas/repos/abax/abacus-protocol/node_modules/@polkadot/api/promise/Api").ApiPromise' is not assignable to parameter of type 'import("/home/lukas/repos/abax/abacus-protocol/node_modules/wookashwackomytest-typechain-types/node_modules/@polkadot/api/promise/Api").ApiPromise'.
typechain/mixed-methods/psp22_ownable.ts(241,25): error TS2345: Argument of type 'import("/home/lukas/repos/abax/abacus-protocol/node_modules/@polkadot/api/promise/Api").ApiPromise' is not assignable to parameter of type 'import("/home/lukas/repos/abax/abacus-protocol/node_modules/wookashwackomytest-typechain-types/node_modules/@polkadot/api/promise/Api").ApiPromise'.
typechain/mixed-methods/psp22_ownable.ts(256,25): error TS2345: Argument of type 'import("/home/lukas/repos/abax/abacus-protocol/node_modules/@polkadot/api/promise/Api").ApiPromise' is not assignable to parameter of type 'import("/home/lukas/repos/abax/abacus-protocol/node_modules/wookashwackomytest-typechain-types/node_modules/@polkadot/api/promise/Api").ApiPromise'.
typechain/mixed-methods/stable_token.ts(50,23): error TS2345: Argument of type 'import("/home/lukas/repos/abax/abacus-protocol/node_modules/@polkadot/api/promise/Api").ApiPromise' is not assignable to parameter of type 'import("/home/lukas/repos/abax/abacus-protocol/node_modules/wookashwackomytest-typechain-types/node_modules/@polkadot/api/promise/Api").ApiPromise'.
typechain/mixed-methods/stable_token.ts(63,23): error TS2345: Argument of type 'import("/home/lukas/repos/abax/abacus-protocol/node_modules/@polkadot/api/promise/Api").ApiPromise' is not assignable to parameter of type 'import("/home/lukas/repos/abax/abacus-protocol/node_modules/wookashwackomytest-typechain-types/node_modules/@polkadot/api/promise/Api").ApiPromise'.
typechain/mixed-methods/stable_token.ts(78,23): error TS2345: Argument of type 'import("/home/lukas/repos/abax/abacus-protocol/node_modules/@polkadot/api/promise/Api").ApiPromise' is not assignable to parameter of type 'import("/home/lukas/repos/abax/abacus-protocol/node_modules/wookashwackomytest-typechain-types/node_modules/@polkadot/api/promise/Api").ApiPromise'.
typechain/mixed-methods/stable_token.ts(95,25): error TS2345: Argument of type 'import("/home/lukas/repos/abax/abacus-protocol/node_modules/@polkadot/api/promise/Api").ApiPromise' is not assignable to parameter of type 'import("/home/lukas/repos/abax/abacus-protocol/node_modules/wookashwackomytest-typechain-types/node_modules/@polkadot/api/promise/Api").ApiPromise'.
typechain/mixed-methods/stable_token.ts(116,25): error TS2345: Argument of type 'import("/home/lukas/repos/abax/abacus-protocol/node_modules/@polkadot/api/promise/Api").ApiPromise' is not assignable to parameter of type 'import("/home/lukas/repos/abax/abacus-protocol/node_modules/wookashwackomytest-typechain-types/node_modules/@polkadot/api/promise/Api").ApiPromise'.
typechain/mixed-methods/stable_token.ts(133,25): error TS2345: Argument of type 'import("/home/lukas/repos/abax/abacus-protocol/node_modules/@polkadot/api/promise/Api").ApiPromise' is not assignable to parameter of type 'import("/home/lukas/repos/abax/abacus-protocol/node_modules/wookashwackomytest-typechain-types/node_modules/@polkadot/api/promise/Api").ApiPromise'.
typechain/mixed-methods/stable_token.ts(150,25): error TS2345: Argument of type 'import("/home/lukas/repos/abax/abacus-protocol/node_modules/@polkadot/api/promise/Api").ApiPromise' is not assignable to parameter of type 'import("/home/lukas/repos/abax/abacus-protocol/node_modules/wookashwackomytest-typechain-types/node_modules/@polkadot/api/promise/Api").ApiPromise'.
typechain/mixed-methods/stable_token.ts(167,25): error TS2345: Argument of type 'import("/home/lukas/repos/abax/abacus-protocol/node_modules/@polkadot/api/promise/Api").ApiPromise' is not assignable to parameter of type 'import("/home/lukas/repos/abax/abacus-protocol/node_modules/wookashwackomytest-typechain-types/node_modules/@polkadot/api/promise/Api").ApiPromise'.
typechain/mixed-methods/stable_token.ts(180,23): error TS2345: Argument of type 'import("/home/lukas/repos/abax/abacus-protocol/node_modules/@polkadot/api/promise/Api").ApiPromise' is not assignable to parameter of type 'import("/home/lukas/repos/abax/abacus-protocol/node_modules/wookashwackomytest-typechain-types/node_modules/@polkadot/api/promise/Api").ApiPromise'.
typechain/mixed-methods/stable_token.ts(191,23): error TS2345: Argument of type 'import("/home/lukas/repos/abax/abacus-protocol/node_modules/@polkadot/api/promise/Api").ApiPromise' is not assignable to parameter of type 'import("/home/lukas/repos/abax/abacus-protocol/node_modules/wookashwackomytest-typechain-types/node_modules/@polkadot/api/promise/Api").ApiPromise'.
typechain/mixed-methods/stable_token.ts(202,23): error TS2345: Argument of type 'import("/home/lukas/repos/abax/abacus-protocol/node_modules/@polkadot/api/promise/Api").ApiPromise' is not assignable to parameter of type 'import("/home/lukas/repos/abax/abacus-protocol/node_modules/wookashwackomytest-typechain-types/node_modules/@polkadot/api/promise/Api").ApiPromise'.
typechain/mixed-methods/stable_token.ts(217,23): error TS2345: Argument of type 'import("/home/lukas/repos/abax/abacus-protocol/node_modules/@polkadot/api/promise/Api").ApiPromise' is not assignable to parameter of type 'import("/home/lukas/repos/abax/abacus-protocol/node_modules/wookashwackomytest-typechain-types/node_modules/@polkadot/api/promise/Api").ApiPromise'.
typechain/mixed-methods/stable_token.ts(230,23): error TS2345: Argument of type 'import("/home/lukas/repos/abax/abacus-protocol/node_modules/@polkadot/api/promise/Api").ApiPromise' is not assignable to parameter of type 'import("/home/lukas/repos/abax/abacus-protocol/node_modules/wookashwackomytest-typechain-types/node_modules/@polkadot/api/promise/Api").ApiPromise'.
typechain/mixed-methods/stable_token.ts(245,25): error TS2345: Argument of type 'import("/home/lukas/repos/abax/abacus-protocol/node_modules/@polkadot/api/promise/Api").ApiPromise' is not assignable to parameter of type 'import("/home/lukas/repos/abax/abacus-protocol/node_modules/wookashwackomytest-typechain-types/node_modules/@polkadot/api/promise/Api").ApiPromise'.
typechain/mixed-methods/stable_token.ts(262,25): error TS2345: Argument of type 'import("/home/lukas/repos/abax/abacus-protocol/node_modules/@polkadot/api/promise/Api").ApiPromise' is not assignable to parameter of type 'import("/home/lukas/repos/abax/abacus-protocol/node_modules/wookashwackomytest-typechain-types/node_modules/@polkadot/api/promise/Api").ApiPromise'.
typechain/mixed-methods/stable_token.ts(279,25): error TS2345: Argument of type 'import("/home/lukas/repos/abax/abacus-protocol/node_modules/@polkadot/api/promise/Api").ApiPromise' is not assignable to parameter of type 'import("/home/lukas/repos/abax/abacus-protocol/node_modules/wookashwackomytest-typechain-types/node_modules/@polkadot/api/promise/Api").ApiPromise'.
typechain/mixed-methods/stable_token.ts(296,25): error TS2345: Argument of type 'import("/home/lukas/repos/abax/abacus-protocol/node_modules/@polkadot/api/promise/Api").ApiPromise' is not assignable to parameter of type 'import("/home/lukas/repos/abax/abacus-protocol/node_modules/wookashwackomytest-typechain-types/node_modules/@polkadot/api/promise/Api").ApiPromise'.
typechain/mixed-methods/stable_token.ts(313,25): error TS2345: Argument of type 'import("/home/lukas/repos/abax/abacus-protocol/node_modules/@polkadot/api/promise/Api").ApiPromise' is not assignable to parameter of type 'import("/home/lukas/repos/abax/abacus-protocol/node_modules/wookashwackomytest-typechain-types/node_modules/@polkadot/api/promise/Api").ApiPromise'.
typechain/mixed-methods/test_reserves_minter.ts(54,25): error TS2345: Argument of type 'import("/home/lukas/repos/abax/abacus-protocol/node_modules/@polkadot/api/promise/Api").ApiPromise' is not assignable to parameter of type 'import("/home/lukas/repos/abax/abacus-protocol/node_modules/wookashwackomytest-typechain-types/node_modules/@polkadot/api/promise/Api").ApiPromise'.
typechain/mixed-methods/test_reserves_minter.ts(67,23): error TS2345: Argument of type 'import("/home/lukas/repos/abax/abacus-protocol/node_modules/@polkadot/api/promise/Api").ApiPromise' is not assignable to parameter of type 'import("/home/lukas/repos/abax/abacus-protocol/node_modules/wookashwackomytest-typechain-types/node_modules/@polkadot/api/promise/Api").ApiPromise'.
typechain/mixed-methods/test_reserves_minter.ts(78,25): error TS2345: Argument of type 'import("/home/lukas/repos/abax/abacus-protocol/node_modules/@polkadot/api/promise/Api").ApiPromise' is not assignable to parameter of type 'import("/home/lukas/repos/abax/abacus-protocol/node_modules/wookashwackomytest-typechain-types/node_modules/@polkadot/api/promise/Api").ApiPromise'.
typechain/mixed-methods/test_reserves_minter.ts(93,25): error TS2345: Argument of type 'import("/home/lukas/repos/abax/abacus-protocol/node_modules/@polkadot/api/promise/Api").ApiPromise' is not assignable to parameter of type 'import("/home/lukas/repos/abax/abacus-protocol/node_modules/wookashwackomytest-typechain-types/node_modules/@polkadot/api/promise/Api").ApiPromise'.
typechain/mixed-methods/v_token.ts(52,25): error TS2345: Argument of type 'import("/home/lukas/repos/abax/abacus-protocol/node_modules/@polkadot/api/promise/Api").ApiPromise' is not assignable to parameter of type 'import("/home/lukas/repos/abax/abacus-protocol/node_modules/wookashwackomytest-typechain-types/node_modules/@polkadot/api/promise/Api").ApiPromise'.
typechain/mixed-methods/v_token.ts(73,25): error TS2345: Argument of type 'import("/home/lukas/repos/abax/abacus-protocol/node_modules/@polkadot/api/promise/Api").ApiPromise' is not assignable to parameter of type 'import("/home/lukas/repos/abax/abacus-protocol/node_modules/wookashwackomytest-typechain-types/node_modules/@polkadot/api/promise/Api").ApiPromise'.
typechain/mixed-methods/v_token.ts(86,23): error TS2345: Argument of type 'import("/home/lukas/repos/abax/abacus-protocol/node_modules/@polkadot/api/promise/Api").ApiPromise' is not assignable to parameter of type 'import("/home/lukas/repos/abax/abacus-protocol/node_modules/wookashwackomytest-typechain-types/node_modules/@polkadot/api/promise/Api").ApiPromise'.
typechain/mixed-methods/v_token.ts(97,23): error TS2345: Argument of type 'import("/home/lukas/repos/abax/abacus-protocol/node_modules/@polkadot/api/promise/Api").ApiPromise' is not assignable to parameter of type 'import("/home/lukas/repos/abax/abacus-protocol/node_modules/wookashwackomytest-typechain-types/node_modules/@polkadot/api/promise/Api").ApiPromise'.
typechain/mixed-methods/v_token.ts(110,23): error TS2345: Argument of type 'import("/home/lukas/repos/abax/abacus-protocol/node_modules/@polkadot/api/promise/Api").ApiPromise' is not assignable to parameter of type 'import("/home/lukas/repos/abax/abacus-protocol/node_modules/wookashwackomytest-typechain-types/node_modules/@polkadot/api/promise/Api").ApiPromise'.
typechain/mixed-methods/v_token.ts(125,23): error TS2345: Argument of type 'import("/home/lukas/repos/abax/abacus-protocol/node_modules/@polkadot/api/promise/Api").ApiPromise' is not assignable to parameter of type 'import("/home/lukas/repos/abax/abacus-protocol/node_modules/wookashwackomytest-typechain-types/node_modules/@polkadot/api/promise/Api").ApiPromise'.
typechain/mixed-methods/v_token.ts(142,25): error TS2345: Argument of type 'import("/home/lukas/repos/abax/abacus-protocol/node_modules/@polkadot/api/promise/Api").ApiPromise' is not assignable to parameter of type 'import("/home/lukas/repos/abax/abacus-protocol/node_modules/wookashwackomytest-typechain-types/node_modules/@polkadot/api/promise/Api").ApiPromise'.
typechain/mixed-methods/v_token.ts(163,25): error TS2345: Argument of type 'import("/home/lukas/repos/abax/abacus-protocol/node_modules/@polkadot/api/promise/Api").ApiPromise' is not assignable to parameter of type 'import("/home/lukas/repos/abax/abacus-protocol/node_modules/wookashwackomytest-typechain-types/node_modules/@polkadot/api/promise/Api").ApiPromise'.
typechain/mixed-methods/v_token.ts(180,25): error TS2345: Argument of type 'import("/home/lukas/repos/abax/abacus-protocol/node_modules/@polkadot/api/promise/Api").ApiPromise' is not assignable to parameter of type 'import("/home/lukas/repos/abax/abacus-protocol/node_modules/wookashwackomytest-typechain-types/node_modules/@polkadot/api/promise/Api").ApiPromise'.
typechain/mixed-methods/v_token.ts(197,25): error TS2345: Argument of type 'import("/home/lukas/repos/abax/abacus-protocol/node_modules/@polkadot/api/promise/Api").ApiPromise' is not assignable to parameter of type 'import("/home/lukas/repos/abax/abacus-protocol/node_modules/wookashwackomytest-typechain-types/node_modules/@polkadot/api/promise/Api").ApiPromise'.
typechain/mixed-methods/v_token.ts(214,25): error TS2345: Argument of type 'import("/home/lukas/repos/abax/abacus-protocol/node_modules/@polkadot/api/promise/Api").ApiPromise' is not assignable to parameter of type 'import("/home/lukas/repos/abax/abacus-protocol/node_modules/wookashwackomytest-typechain-types/node_modules/@polkadot/api/promise/Api").ApiPromise'.
typechain/mixed-methods/v_token.ts(227,23): error TS2345: Argument of type 'import("/home/lukas/repos/abax/abacus-protocol/node_modules/@polkadot/api/promise/Api").ApiPromise' is not assignable to parameter of type 'import("/home/lukas/repos/abax/abacus-protocol/node_modules/wookashwackomytest-typechain-types/node_modules/@polkadot/api/promise/Api").ApiPromise'.
typechain/mixed-methods/v_token.ts(238,23): error TS2345: Argument of type 'import("/home/lukas/repos/abax/abacus-protocol/node_modules/@polkadot/api/promise/Api").ApiPromise' is not assignable to parameter of type 'import("/home/lukas/repos/abax/abacus-protocol/node_modules/wookashwackomytest-typechain-types/node_modules/@polkadot/api/promise/Api").ApiPromise'.
typechain/mixed-methods/v_token.ts(249,23): error TS2345: Argument of type 'import("/home/lukas/repos/abax/abacus-protocol/node_modules/@polkadot/api/promise/Api").ApiPromise' is not assignable to parameter of type 'import("/home/lukas/repos/abax/abacus-protocol/node_modules/wookashwackomytest-typechain-types/node_modules/@polkadot/api/promise/Api").ApiPromise'.
typechain/query/a_token.ts(41,23): error TS2345: Argument of type 'import("/home/lukas/repos/abax/abacus-protocol/node_modules/@polkadot/api/promise/Api").ApiPromise' is not assignable to parameter of type 'import("/home/lukas/repos/abax/abacus-protocol/node_modules/wookashwackomytest-typechain-types/node_modules/@polkadot/api/promise/Api").ApiPromise'.
  Property '#private' in type 'ApiPromise' refers to a different member that cannot be accessed from within type 'ApiPromise'.
typechain/query/a_token.ts(54,23): error TS2345: Argument of type 'import("/home/lukas/repos/abax/abacus-protocol/node_modules/@polkadot/api/promise/Api").ApiPromise' is not assignable to parameter of type 'import("/home/lukas/repos/abax/abacus-protocol/node_modules/wookashwackomytest-typechain-types/node_modules/@polkadot/api/promise/Api").ApiPromise'.
typechain/query/a_token.ts(73,23): error TS2345: Argument of type 'import("/home/lukas/repos/abax/abacus-protocol/node_modules/@polkadot/api/promise/Api").ApiPromise' is not assignable to parameter of type 'import("/home/lukas/repos/abax/abacus-protocol/node_modules/wookashwackomytest-typechain-types/node_modules/@polkadot/api/promise/Api").ApiPromise'.
typechain/query/a_token.ts(84,23): error TS2345: Argument of type 'import("/home/lukas/repos/abax/abacus-protocol/node_modules/@polkadot/api/promise/Api").ApiPromise' is not assignable to parameter of type 'import("/home/lukas/repos/abax/abacus-protocol/node_modules/wookashwackomytest-typechain-types/node_modules/@polkadot/api/promise/Api").ApiPromise'.
typechain/query/a_token.ts(95,23): error TS2345: Argument of type 'import("/home/lukas/repos/abax/abacus-protocol/node_modules/@polkadot/api/promise/Api").ApiPromise' is not assignable to parameter of type 'import("/home/lukas/repos/abax/abacus-protocol/node_modules/wookashwackomytest-typechain-types/node_modules/@polkadot/api/promise/Api").ApiPromise'.
typechain/query/a_token.ts(108,23): error TS2345: Argument of type 'import("/home/lukas/repos/abax/abacus-protocol/node_modules/@polkadot/api/promise/Api").ApiPromise' is not assignable to parameter of type 'import("/home/lukas/repos/abax/abacus-protocol/node_modules/wookashwackomytest-typechain-types/node_modules/@polkadot/api/promise/Api").ApiPromise'.
typechain/query/a_token.ts(123,23): error TS2345: Argument of type 'import("/home/lukas/repos/abax/abacus-protocol/node_modules/@polkadot/api/promise/Api").ApiPromise' is not assignable to parameter of type 'import("/home/lukas/repos/abax/abacus-protocol/node_modules/wookashwackomytest-typechain-types/node_modules/@polkadot/api/promise/Api").ApiPromise'.
typechain/query/a_token.ts(140,23): error TS2345: Argument of type 'import("/home/lukas/repos/abax/abacus-protocol/node_modules/@polkadot/api/promise/Api").ApiPromise' is not assignable to parameter of type 'import("/home/lukas/repos/abax/abacus-protocol/node_modules/wookashwackomytest-typechain-types/node_modules/@polkadot/api/promise/Api").ApiPromise'.
typechain/query/a_token.ts(159,23): error TS2345: Argument of type 'import("/home/lukas/repos/abax/abacus-protocol/node_modules/@polkadot/api/promise/Api").ApiPromise' is not assignable to parameter of type 'import("/home/lukas/repos/abax/abacus-protocol/node_modules/wookashwackomytest-typechain-types/node_modules/@polkadot/api/promise/Api").ApiPromise'.
typechain/query/a_token.ts(174,23): error TS2345: Argument of type 'import("/home/lukas/repos/abax/abacus-protocol/node_modules/@polkadot/api/promise/Api").ApiPromise' is not assignable to parameter of type 'import("/home/lukas/repos/abax/abacus-protocol/node_modules/wookashwackomytest-typechain-types/node_modules/@polkadot/api/promise/Api").ApiPromise'.
typechain/query/a_token.ts(189,23): error TS2345: Argument of type 'import("/home/lukas/repos/abax/abacus-protocol/node_modules/@polkadot/api/promise/Api").ApiPromise' is not assignable to parameter of type 'import("/home/lukas/repos/abax/abacus-protocol/node_modules/wookashwackomytest-typechain-types/node_modules/@polkadot/api/promise/Api").ApiPromise'.
typechain/query/a_token.ts(204,23): error TS2345: Argument of type 'import("/home/lukas/repos/abax/abacus-protocol/node_modules/@polkadot/api/promise/Api").ApiPromise' is not assignable to parameter of type 'import("/home/lukas/repos/abax/abacus-protocol/node_modules/wookashwackomytest-typechain-types/node_modules/@polkadot/api/promise/Api").ApiPromise'.
typechain/query/a_token.ts(215,23): error TS2345: Argument of type 'import("/home/lukas/repos/abax/abacus-protocol/node_modules/@polkadot/api/promise/Api").ApiPromise' is not assignable to parameter of type 'import("/home/lukas/repos/abax/abacus-protocol/node_modules/wookashwackomytest-typechain-types/node_modules/@polkadot/api/promise/Api").ApiPromise'.
typechain/query/a_token.ts(226,23): error TS2345: Argument of type 'import("/home/lukas/repos/abax/abacus-protocol/node_modules/@polkadot/api/promise/Api").ApiPromise' is not assignable to parameter of type 'import("/home/lukas/repos/abax/abacus-protocol/node_modules/wookashwackomytest-typechain-types/node_modules/@polkadot/api/promise/Api").ApiPromise'.
typechain/query/a_token.ts(237,23): error TS2345: Argument of type 'import("/home/lukas/repos/abax/abacus-protocol/node_modules/@polkadot/api/promise/Api").ApiPromise' is not assignable to parameter of type 'import("/home/lukas/repos/abax/abacus-protocol/node_modules/wookashwackomytest-typechain-types/node_modules/@polkadot/api/promise/Api").ApiPromise'.
typechain/query/balance_viewer.ts(45,23): error TS2345: Argument of type 'import("/home/lukas/repos/abax/abacus-protocol/node_modules/@polkadot/api/promise/Api").ApiPromise' is not assignable to parameter of type 'import("/home/lukas/repos/abax/abacus-protocol/node_modules/wookashwackomytest-typechain-types/node_modules/@polkadot/api/promise/Api").ApiPromise'.
typechain/query/balance_viewer.ts(58,23): error TS2345: Argument of type 'import("/home/lukas/repos/abax/abacus-protocol/node_modules/@polkadot/api/promise/Api").ApiPromise' is not assignable to parameter of type 'import("/home/lukas/repos/abax/abacus-protocol/node_modules/wookashwackomytest-typechain-types/node_modules/@polkadot/api/promise/Api").ApiPromise'.
typechain/query/balance_viewer.ts(71,23): error TS2345: Argument of type 'import("/home/lukas/repos/abax/abacus-protocol/node_modules/@polkadot/api/promise/Api").ApiPromise' is not assignable to parameter of type 'import("/home/lukas/repos/abax/abacus-protocol/node_modules/wookashwackomytest-typechain-types/node_modules/@polkadot/api/promise/Api").ApiPromise'.
typechain/query/balance_viewer.ts(86,23): error TS2345: Argument of type 'import("/home/lukas/repos/abax/abacus-protocol/node_modules/@polkadot/api/promise/Api").ApiPromise' is not assignable to parameter of type 'import("/home/lukas/repos/abax/abacus-protocol/node_modules/wookashwackomytest-typechain-types/node_modules/@polkadot/api/promise/Api").ApiPromise'.
typechain/query/balance_viewer.ts(101,23): error TS2345: Argument of type 'import("/home/lukas/repos/abax/abacus-protocol/node_modules/@polkadot/api/promise/Api").ApiPromise' is not assignable to parameter of type 'import("/home/lukas/repos/abax/abacus-protocol/node_modules/wookashwackomytest-typechain-types/node_modules/@polkadot/api/promise/Api").ApiPromise'.
typechain/query/balance_viewer.ts(114,23): error TS2345: Argument of type 'import("/home/lukas/repos/abax/abacus-protocol/node_modules/@polkadot/api/promise/Api").ApiPromise' is not assignable to parameter of type 'import("/home/lukas/repos/abax/abacus-protocol/node_modules/wookashwackomytest-typechain-types/node_modules/@polkadot/api/promise/Api").ApiPromise'.
typechain/query/balance_viewer.ts(127,23): error TS2345: Argument of type 'import("/home/lukas/repos/abax/abacus-protocol/node_modules/@polkadot/api/promise/Api").ApiPromise' is not assignable to parameter of type 'import("/home/lukas/repos/abax/abacus-protocol/node_modules/wookashwackomytest-typechain-types/node_modules/@polkadot/api/promise/Api").ApiPromise'.
typechain/query/dia_oracle.ts(41,23): error TS2345: Argument of type 'import("/home/lukas/repos/abax/abacus-protocol/node_modules/@polkadot/api/promise/Api").ApiPromise' is not assignable to parameter of type 'import("/home/lukas/repos/abax/abacus-protocol/node_modules/wookashwackomytest-typechain-types/node_modules/@polkadot/api/promise/Api").ApiPromise'.
typechain/query/dia_oracle.ts(54,23): error TS2345: Argument of type 'import("/home/lukas/repos/abax/abacus-protocol/node_modules/@polkadot/api/promise/Api").ApiPromise' is not assignable to parameter of type 'import("/home/lukas/repos/abax/abacus-protocol/node_modules/wookashwackomytest-typechain-types/node_modules/@polkadot/api/promise/Api").ApiPromise'.
typechain/query/dia_oracle.ts(67,23): error TS2345: Argument of type 'import("/home/lukas/repos/abax/abacus-protocol/node_modules/@polkadot/api/promise/Api").ApiPromise' is not assignable to parameter of type 'import("/home/lukas/repos/abax/abacus-protocol/node_modules/wookashwackomytest-typechain-types/node_modules/@polkadot/api/promise/Api").ApiPromise'.
typechain/query/dia_oracle.ts(80,23): error TS2345: Argument of type 'import("/home/lukas/repos/abax/abacus-protocol/node_modules/@polkadot/api/promise/Api").ApiPromise' is not assignable to parameter of type 'import("/home/lukas/repos/abax/abacus-protocol/node_modules/wookashwackomytest-typechain-types/node_modules/@polkadot/api/promise/Api").ApiPromise'.
typechain/query/dia_oracle.ts(95,23): error TS2345: Argument of type 'import("/home/lukas/repos/abax/abacus-protocol/node_modules/@polkadot/api/promise/Api").ApiPromise' is not assignable to parameter of type 'import("/home/lukas/repos/abax/abacus-protocol/node_modules/wookashwackomytest-typechain-types/node_modules/@polkadot/api/promise/Api").ApiPromise'.
typechain/query/dia_oracle.ts(108,23): error TS2345: Argument of type 'import("/home/lukas/repos/abax/abacus-protocol/node_modules/@polkadot/api/promise/Api").ApiPromise' is not assignable to parameter of type 'import("/home/lukas/repos/abax/abacus-protocol/node_modules/wookashwackomytest-typechain-types/node_modules/@polkadot/api/promise/Api").ApiPromise'.
typechain/query/dia_oracle.ts(119,23): error TS2345: Argument of type 'import("/home/lukas/repos/abax/abacus-protocol/node_modules/@polkadot/api/promise/Api").ApiPromise' is not assignable to parameter of type 'import("/home/lukas/repos/abax/abacus-protocol/node_modules/wookashwackomytest-typechain-types/node_modules/@polkadot/api/promise/Api").ApiPromise'.
typechain/query/dia_oracle.ts(132,23): error TS2345: Argument of type 'import("/home/lukas/repos/abax/abacus-protocol/node_modules/@polkadot/api/promise/Api").ApiPromise' is not assignable to parameter of type 'import("/home/lukas/repos/abax/abacus-protocol/node_modules/wookashwackomytest-typechain-types/node_modules/@polkadot/api/promise/Api").ApiPromise'.
typechain/query/dia_oracle.ts(145,23): error TS2345: Argument of type 'import("/home/lukas/repos/abax/abacus-protocol/node_modules/@polkadot/api/promise/Api").ApiPromise' is not assignable to parameter of type 'import("/home/lukas/repos/abax/abacus-protocol/node_modules/wookashwackomytest-typechain-types/node_modules/@polkadot/api/promise/Api").ApiPromise'.
typechain/query/flash_loan_receiver_mock.ts(43,23): error TS2345: Argument of type 'import("/home/lukas/repos/abax/abacus-protocol/node_modules/@polkadot/api/promise/Api").ApiPromise' is not assignable to parameter of type 'import("/home/lukas/repos/abax/abacus-protocol/node_modules/wookashwackomytest-typechain-types/node_modules/@polkadot/api/promise/Api").ApiPromise'.
typechain/query/flash_loan_receiver_mock.ts(56,23): error TS2345: Argument of type 'import("/home/lukas/repos/abax/abacus-protocol/node_modules/@polkadot/api/promise/Api").ApiPromise' is not assignable to parameter of type 'import("/home/lukas/repos/abax/abacus-protocol/node_modules/wookashwackomytest-typechain-types/node_modules/@polkadot/api/promise/Api").ApiPromise'.
typechain/query/flash_loan_receiver_mock.ts(69,23): error TS2345: Argument of type 'import("/home/lukas/repos/abax/abacus-protocol/node_modules/@polkadot/api/promise/Api").ApiPromise' is not assignable to parameter of type 'import("/home/lukas/repos/abax/abacus-protocol/node_modules/wookashwackomytest-typechain-types/node_modules/@polkadot/api/promise/Api").ApiPromise'.
typechain/query/flash_loan_receiver_mock.ts(88,23): error TS2345: Argument of type 'import("/home/lukas/repos/abax/abacus-protocol/node_modules/@polkadot/api/promise/Api").ApiPromise' is not assignable to parameter of type 'import("/home/lukas/repos/abax/abacus-protocol/node_modules/wookashwackomytest-typechain-types/node_modules/@polkadot/api/promise/Api").ApiPromise'.
typechain/query/lending_pool.ts(43,23): error TS2345: Argument of type 'import("/home/lukas/repos/abax/abacus-protocol/node_modules/@polkadot/api/promise/Api").ApiPromise' is not assignable to parameter of type 'import("/home/lukas/repos/abax/abacus-protocol/node_modules/wookashwackomytest-typechain-types/node_modules/@polkadot/api/promise/Api").ApiPromise'.
typechain/query/lending_pool.ts(62,23): error TS2345: Argument of type 'import("/home/lukas/repos/abax/abacus-protocol/node_modules/@polkadot/api/promise/Api").ApiPromise' is not assignable to parameter of type 'import("/home/lukas/repos/abax/abacus-protocol/node_modules/wookashwackomytest-typechain-types/node_modules/@polkadot/api/promise/Api").ApiPromise'.
typechain/query/lending_pool.ts(81,23): error TS2345: Argument of type 'import("/home/lukas/repos/abax/abacus-protocol/node_modules/@polkadot/api/promise/Api").ApiPromise' is not assignable to parameter of type 'import("/home/lukas/repos/abax/abacus-protocol/node_modules/wookashwackomytest-typechain-types/node_modules/@polkadot/api/promise/Api").ApiPromise'.
typechain/query/lending_pool.ts(94,23): error TS2345: Argument of type 'import("/home/lukas/repos/abax/abacus-protocol/node_modules/@polkadot/api/promise/Api").ApiPromise' is not assignable to parameter of type 'import("/home/lukas/repos/abax/abacus-protocol/node_modules/wookashwackomytest-typechain-types/node_modules/@polkadot/api/promise/Api").ApiPromise'.
typechain/query/lending_pool.ts(109,23): error TS2345: Argument of type 'import("/home/lukas/repos/abax/abacus-protocol/node_modules/@polkadot/api/promise/Api").ApiPromise' is not assignable to parameter of type 'import("/home/lukas/repos/abax/abacus-protocol/node_modules/wookashwackomytest-typechain-types/node_modules/@polkadot/api/promise/Api").ApiPromise'.
typechain/query/lending_pool.ts(128,23): error TS2345: Argument of type 'import("/home/lukas/repos/abax/abacus-protocol/node_modules/@polkadot/api/promise/Api").ApiPromise' is not assignable to parameter of type 'import("/home/lukas/repos/abax/abacus-protocol/node_modules/wookashwackomytest-typechain-types/node_modules/@polkadot/api/promise/Api").ApiPromise'.
typechain/query/lending_pool.ts(147,23): error TS2345: Argument of type 'import("/home/lukas/repos/abax/abacus-protocol/node_modules/@polkadot/api/promise/Api").ApiPromise' is not assignable to parameter of type 'import("/home/lukas/repos/abax/abacus-protocol/node_modules/wookashwackomytest-typechain-types/node_modules/@polkadot/api/promise/Api").ApiPromise'.
typechain/query/lending_pool.ts(166,23): error TS2345: Argument of type 'import("/home/lukas/repos/abax/abacus-protocol/node_modules/@polkadot/api/promise/Api").ApiPromise' is not assignable to parameter of type 'import("/home/lukas/repos/abax/abacus-protocol/node_modules/wookashwackomytest-typechain-types/node_modules/@polkadot/api/promise/Api").ApiPromise'.
typechain/query/lending_pool.ts(189,23): error TS2345: Argument of type 'import("/home/lukas/repos/abax/abacus-protocol/node_modules/@polkadot/api/promise/Api").ApiPromise' is not assignable to parameter of type 'import("/home/lukas/repos/abax/abacus-protocol/node_modules/wookashwackomytest-typechain-types/node_modules/@polkadot/api/promise/Api").ApiPromise'.
typechain/query/lending_pool.ts(202,23): error TS2345: Argument of type 'import("/home/lukas/repos/abax/abacus-protocol/node_modules/@polkadot/api/promise/Api").ApiPromise' is not assignable to parameter of type 'import("/home/lukas/repos/abax/abacus-protocol/node_modules/wookashwackomytest-typechain-types/node_modules/@polkadot/api/promise/Api").ApiPromise'.
typechain/query/lending_pool.ts(215,23): error TS2345: Argument of type 'import("/home/lukas/repos/abax/abacus-protocol/node_modules/@polkadot/api/promise/Api").ApiPromise' is not assignable to parameter of type 'import("/home/lukas/repos/abax/abacus-protocol/node_modules/wookashwackomytest-typechain-types/node_modules/@polkadot/api/promise/Api").ApiPromise'.
typechain/query/lending_pool.ts(228,23): error TS2345: Argument of type 'import("/home/lukas/repos/abax/abacus-protocol/node_modules/@polkadot/api/promise/Api").ApiPromise' is not assignable to parameter of type 'import("/home/lukas/repos/abax/abacus-protocol/node_modules/wookashwackomytest-typechain-types/node_modules/@polkadot/api/promise/Api").ApiPromise'.
typechain/query/lending_pool.ts(259,23): error TS2345: Argument of type 'import("/home/lukas/repos/abax/abacus-protocol/node_modules/@polkadot/api/promise/Api").ApiPromise' is not assignable to parameter of type 'import("/home/lukas/repos/abax/abacus-protocol/node_modules/wookashwackomytest-typechain-types/node_modules/@polkadot/api/promise/Api").ApiPromise'.
typechain/query/lending_pool.ts(274,23): error TS2345: Argument of type 'import("/home/lukas/repos/abax/abacus-protocol/node_modules/@polkadot/api/promise/Api").ApiPromise' is not assignable to parameter of type 'import("/home/lukas/repos/abax/abacus-protocol/node_modules/wookashwackomytest-typechain-types/node_modules/@polkadot/api/promise/Api").ApiPromise'.
typechain/query/lending_pool.ts(289,23): error TS2345: Argument of type 'import("/home/lukas/repos/abax/abacus-protocol/node_modules/@polkadot/api/promise/Api").ApiPromise' is not assignable to parameter of type 'import("/home/lukas/repos/abax/abacus-protocol/node_modules/wookashwackomytest-typechain-types/node_modules/@polkadot/api/promise/Api").ApiPromise'.
typechain/query/lending_pool.ts(304,23): error TS2345: Argument of type 'import("/home/lukas/repos/abax/abacus-protocol/node_modules/@polkadot/api/promise/Api").ApiPromise' is not assignable to parameter of type 'import("/home/lukas/repos/abax/abacus-protocol/node_modules/wookashwackomytest-typechain-types/node_modules/@polkadot/api/promise/Api").ApiPromise'.
typechain/query/lending_pool.ts(319,23): error TS2345: Argument of type 'import("/home/lukas/repos/abax/abacus-protocol/node_modules/@polkadot/api/promise/Api").ApiPromise' is not assignable to parameter of type 'import("/home/lukas/repos/abax/abacus-protocol/node_modules/wookashwackomytest-typechain-types/node_modules/@polkadot/api/promise/Api").ApiPromise'.
typechain/query/lending_pool.ts(334,23): error TS2345: Argument of type 'import("/home/lukas/repos/abax/abacus-protocol/node_modules/@polkadot/api/promise/Api").ApiPromise' is not assignable to parameter of type 'import("/home/lukas/repos/abax/abacus-protocol/node_modules/wookashwackomytest-typechain-types/node_modules/@polkadot/api/promise/Api").ApiPromise'.
typechain/query/lending_pool.ts(347,23): error TS2345: Argument of type 'import("/home/lukas/repos/abax/abacus-protocol/node_modules/@polkadot/api/promise/Api").ApiPromise' is not assignable to parameter of type 'import("/home/lukas/repos/abax/abacus-protocol/node_modules/wookashwackomytest-typechain-types/node_modules/@polkadot/api/promise/Api").ApiPromise'.
typechain/query/lending_pool.ts(364,23): error TS2345: Argument of type 'import("/home/lukas/repos/abax/abacus-protocol/node_modules/@polkadot/api/promise/Api").ApiPromise' is not assignable to parameter of type 'import("/home/lukas/repos/abax/abacus-protocol/node_modules/wookashwackomytest-typechain-types/node_modules/@polkadot/api/promise/Api").ApiPromise'.
typechain/query/lending_pool.ts(379,23): error TS2345: Argument of type 'import("/home/lukas/repos/abax/abacus-protocol/node_modules/@polkadot/api/promise/Api").ApiPromise' is not assignable to parameter of type 'import("/home/lukas/repos/abax/abacus-protocol/node_modules/wookashwackomytest-typechain-types/node_modules/@polkadot/api/promise/Api").ApiPromise'.
typechain/query/lending_pool.ts(394,23): error TS2345: Argument of type 'import("/home/lukas/repos/abax/abacus-protocol/node_modules/@polkadot/api/promise/Api").ApiPromise' is not assignable to parameter of type 'import("/home/lukas/repos/abax/abacus-protocol/node_modules/wookashwackomytest-typechain-types/node_modules/@polkadot/api/promise/Api").ApiPromise'.
typechain/query/lending_pool.ts(405,23): error TS2345: Argument of type 'import("/home/lukas/repos/abax/abacus-protocol/node_modules/@polkadot/api/promise/Api").ApiPromise' is not assignable to parameter of type 'import("/home/lukas/repos/abax/abacus-protocol/node_modules/wookashwackomytest-typechain-types/node_modules/@polkadot/api/promise/Api").ApiPromise'.
typechain/query/lending_pool.ts(418,23): error TS2345: Argument of type 'import("/home/lukas/repos/abax/abacus-protocol/node_modules/@polkadot/api/promise/Api").ApiPromise' is not assignable to parameter of type 'import("/home/lukas/repos/abax/abacus-protocol/node_modules/wookashwackomytest-typechain-types/node_modules/@polkadot/api/promise/Api").ApiPromise'.
typechain/query/lending_pool.ts(429,23): error TS2345: Argument of type 'import("/home/lukas/repos/abax/abacus-protocol/node_modules/@polkadot/api/promise/Api").ApiPromise' is not assignable to parameter of type 'import("/home/lukas/repos/abax/abacus-protocol/node_modules/wookashwackomytest-typechain-types/node_modules/@polkadot/api/promise/Api").ApiPromise'.
typechain/query/lending_pool.ts(442,23): error TS2345: Argument of type 'import("/home/lukas/repos/abax/abacus-protocol/node_modules/@polkadot/api/promise/Api").ApiPromise' is not assignable to parameter of type 'import("/home/lukas/repos/abax/abacus-protocol/node_modules/wookashwackomytest-typechain-types/node_modules/@polkadot/api/promise/Api").ApiPromise'.
typechain/query/lending_pool.ts(455,23): error TS2345: Argument of type 'import("/home/lukas/repos/abax/abacus-protocol/node_modules/@polkadot/api/promise/Api").ApiPromise' is not assignable to parameter of type 'import("/home/lukas/repos/abax/abacus-protocol/node_modules/wookashwackomytest-typechain-types/node_modules/@polkadot/api/promise/Api").ApiPromise'.
typechain/query/lending_pool.ts(468,23): error TS2345: Argument of type 'import("/home/lukas/repos/abax/abacus-protocol/node_modules/@polkadot/api/promise/Api").ApiPromise' is not assignable to parameter of type 'import("/home/lukas/repos/abax/abacus-protocol/node_modules/wookashwackomytest-typechain-types/node_modules/@polkadot/api/promise/Api").ApiPromise'.
typechain/query/lending_pool.ts(481,23): error TS2345: Argument of type 'import("/home/lukas/repos/abax/abacus-protocol/node_modules/@polkadot/api/promise/Api").ApiPromise' is not assignable to parameter of type 'import("/home/lukas/repos/abax/abacus-protocol/node_modules/wookashwackomytest-typechain-types/node_modules/@polkadot/api/promise/Api").ApiPromise'.
typechain/query/lending_pool.ts(494,23): error TS2345: Argument of type 'import("/home/lukas/repos/abax/abacus-protocol/node_modules/@polkadot/api/promise/Api").ApiPromise' is not assignable to parameter of type 'import("/home/lukas/repos/abax/abacus-protocol/node_modules/wookashwackomytest-typechain-types/node_modules/@polkadot/api/promise/Api").ApiPromise'.
typechain/query/lending_pool.ts(507,23): error TS2345: Argument of type 'import("/home/lukas/repos/abax/abacus-protocol/node_modules/@polkadot/api/promise/Api").ApiPromise' is not assignable to parameter of type 'import("/home/lukas/repos/abax/abacus-protocol/node_modules/wookashwackomytest-typechain-types/node_modules/@polkadot/api/promise/Api").ApiPromise'.
typechain/query/lending_pool.ts(520,23): error TS2345: Argument of type 'import("/home/lukas/repos/abax/abacus-protocol/node_modules/@polkadot/api/promise/Api").ApiPromise' is not assignable to parameter of type 'import("/home/lukas/repos/abax/abacus-protocol/node_modules/wookashwackomytest-typechain-types/node_modules/@polkadot/api/promise/Api").ApiPromise'.
typechain/query/lending_pool.ts(533,23): error TS2345: Argument of type 'import("/home/lukas/repos/abax/abacus-protocol/node_modules/@polkadot/api/promise/Api").ApiPromise' is not assignable to parameter of type 'import("/home/lukas/repos/abax/abacus-protocol/node_modules/wookashwackomytest-typechain-types/node_modules/@polkadot/api/promise/Api").ApiPromise'.
typechain/query/lending_pool.ts(548,23): error TS2345: Argument of type 'import("/home/lukas/repos/abax/abacus-protocol/node_modules/@polkadot/api/promise/Api").ApiPromise' is not assignable to parameter of type 'import("/home/lukas/repos/abax/abacus-protocol/node_modules/wookashwackomytest-typechain-types/node_modules/@polkadot/api/promise/Api").ApiPromise'.
typechain/query/lending_pool.ts(563,23): error TS2345: Argument of type 'import("/home/lukas/repos/abax/abacus-protocol/node_modules/@polkadot/api/promise/Api").ApiPromise' is not assignable to parameter of type 'import("/home/lukas/repos/abax/abacus-protocol/node_modules/wookashwackomytest-typechain-types/node_modules/@polkadot/api/promise/Api").ApiPromise'.
typechain/query/lending_pool.ts(576,23): error TS2345: Argument of type 'import("/home/lukas/repos/abax/abacus-protocol/node_modules/@polkadot/api/promise/Api").ApiPromise' is not assignable to parameter of type 'import("/home/lukas/repos/abax/abacus-protocol/node_modules/wookashwackomytest-typechain-types/node_modules/@polkadot/api/promise/Api").ApiPromise'.
typechain/query/lending_pool.ts(589,23): error TS2345: Argument of type 'import("/home/lukas/repos/abax/abacus-protocol/node_modules/@polkadot/api/promise/Api").ApiPromise' is not assignable to parameter of type 'import("/home/lukas/repos/abax/abacus-protocol/node_modules/wookashwackomytest-typechain-types/node_modules/@polkadot/api/promise/Api").ApiPromise'.
typechain/query/lending_pool.ts(602,23): error TS2345: Argument of type 'import("/home/lukas/repos/abax/abacus-protocol/node_modules/@polkadot/api/promise/Api").ApiPromise' is not assignable to parameter of type 'import("/home/lukas/repos/abax/abacus-protocol/node_modules/wookashwackomytest-typechain-types/node_modules/@polkadot/api/promise/Api").ApiPromise'.
typechain/query/lending_pool.ts(615,23): error TS2345: Argument of type 'import("/home/lukas/repos/abax/abacus-protocol/node_modules/@polkadot/api/promise/Api").ApiPromise' is not assignable to parameter of type 'import("/home/lukas/repos/abax/abacus-protocol/node_modules/wookashwackomytest-typechain-types/node_modules/@polkadot/api/promise/Api").ApiPromise'.
typechain/query/lending_pool.ts(628,23): error TS2345: Argument of type 'import("/home/lukas/repos/abax/abacus-protocol/node_modules/@polkadot/api/promise/Api").ApiPromise' is not assignable to parameter of type 'import("/home/lukas/repos/abax/abacus-protocol/node_modules/wookashwackomytest-typechain-types/node_modules/@polkadot/api/promise/Api").ApiPromise'.
typechain/query/lending_pool.ts(643,23): error TS2345: Argument of type 'import("/home/lukas/repos/abax/abacus-protocol/node_modules/@polkadot/api/promise/Api").ApiPromise' is not assignable to parameter of type 'import("/home/lukas/repos/abax/abacus-protocol/node_modules/wookashwackomytest-typechain-types/node_modules/@polkadot/api/promise/Api").ApiPromise'.
typechain/query/lending_pool.ts(662,23): error TS2345: Argument of type 'import("/home/lukas/repos/abax/abacus-protocol/node_modules/@polkadot/api/promise/Api").ApiPromise' is not assignable to parameter of type 'import("/home/lukas/repos/abax/abacus-protocol/node_modules/wookashwackomytest-typechain-types/node_modules/@polkadot/api/promise/Api").ApiPromise'.
typechain/query/lending_pool.ts(675,23): error TS2345: Argument of type 'import("/home/lukas/repos/abax/abacus-protocol/node_modules/@polkadot/api/promise/Api").ApiPromise' is not assignable to parameter of type 'import("/home/lukas/repos/abax/abacus-protocol/node_modules/wookashwackomytest-typechain-types/node_modules/@polkadot/api/promise/Api").ApiPromise'.
typechain/query/lending_pool.ts(690,23): error TS2345: Argument of type 'import("/home/lukas/repos/abax/abacus-protocol/node_modules/@polkadot/api/promise/Api").ApiPromise' is not assignable to parameter of type 'import("/home/lukas/repos/abax/abacus-protocol/node_modules/wookashwackomytest-typechain-types/node_modules/@polkadot/api/promise/Api").ApiPromise'.
typechain/query/lending_pool.ts(709,23): error TS2345: Argument of type 'import("/home/lukas/repos/abax/abacus-protocol/node_modules/@polkadot/api/promise/Api").ApiPromise' is not assignable to parameter of type 'import("/home/lukas/repos/abax/abacus-protocol/node_modules/wookashwackomytest-typechain-types/node_modules/@polkadot/api/promise/Api").ApiPromise'.
typechain/query/lending_pool.ts(724,23): error TS2345: Argument of type 'import("/home/lukas/repos/abax/abacus-protocol/node_modules/@polkadot/api/promise/Api").ApiPromise' is not assignable to parameter of type 'import("/home/lukas/repos/abax/abacus-protocol/node_modules/wookashwackomytest-typechain-types/node_modules/@polkadot/api/promise/Api").ApiPromise'.
typechain/query/lending_pool.ts(737,23): error TS2345: Argument of type 'import("/home/lukas/repos/abax/abacus-protocol/node_modules/@polkadot/api/promise/Api").ApiPromise' is not assignable to parameter of type 'import("/home/lukas/repos/abax/abacus-protocol/node_modules/wookashwackomytest-typechain-types/node_modules/@polkadot/api/promise/Api").ApiPromise'.
typechain/query/lending_pool.ts(752,23): error TS2345: Argument of type 'import("/home/lukas/repos/abax/abacus-protocol/node_modules/@polkadot/api/promise/Api").ApiPromise' is not assignable to parameter of type 'import("/home/lukas/repos/abax/abacus-protocol/node_modules/wookashwackomytest-typechain-types/node_modules/@polkadot/api/promise/Api").ApiPromise'.
typechain/query/lending_pool.ts(767,23): error TS2345: Argument of type 'import("/home/lukas/repos/abax/abacus-protocol/node_modules/@polkadot/api/promise/Api").ApiPromise' is not assignable to parameter of type 'import("/home/lukas/repos/abax/abacus-protocol/node_modules/wookashwackomytest-typechain-types/node_modules/@polkadot/api/promise/Api").ApiPromise'.
typechain/query/lending_pool.ts(782,23): error TS2345: Argument of type 'import("/home/lukas/repos/abax/abacus-protocol/node_modules/@polkadot/api/promise/Api").ApiPromise' is not assignable to parameter of type 'import("/home/lukas/repos/abax/abacus-protocol/node_modules/wookashwackomytest-typechain-types/node_modules/@polkadot/api/promise/Api").ApiPromise'.
typechain/query/price_feed_provider.ts(45,23): error TS2345: Argument of type 'import("/home/lukas/repos/abax/abacus-protocol/node_modules/@polkadot/api/promise/Api").ApiPromise' is not assignable to parameter of type 'import("/home/lukas/repos/abax/abacus-protocol/node_modules/wookashwackomytest-typechain-types/node_modules/@polkadot/api/promise/Api").ApiPromise'.
typechain/query/price_feed_provider.ts(58,23): error TS2345: Argument of type 'import("/home/lukas/repos/abax/abacus-protocol/node_modules/@polkadot/api/promise/Api").ApiPromise' is not assignable to parameter of type 'import("/home/lukas/repos/abax/abacus-protocol/node_modules/wookashwackomytest-typechain-types/node_modules/@polkadot/api/promise/Api").ApiPromise'.
typechain/query/price_feed_provider.ts(71,23): error TS2345: Argument of type 'import("/home/lukas/repos/abax/abacus-protocol/node_modules/@polkadot/api/promise/Api").ApiPromise' is not assignable to parameter of type 'import("/home/lukas/repos/abax/abacus-protocol/node_modules/wookashwackomytest-typechain-types/node_modules/@polkadot/api/promise/Api").ApiPromise'.
typechain/query/price_feed_provider.ts(82,23): error TS2345: Argument of type 'import("/home/lukas/repos/abax/abacus-protocol/node_modules/@polkadot/api/promise/Api").ApiPromise' is not assignable to parameter of type 'import("/home/lukas/repos/abax/abacus-protocol/node_modules/wookashwackomytest-typechain-types/node_modules/@polkadot/api/promise/Api").ApiPromise'.
typechain/query/price_feed_provider.ts(93,23): error TS2345: Argument of type 'import("/home/lukas/repos/abax/abacus-protocol/node_modules/@polkadot/api/promise/Api").ApiPromise' is not assignable to parameter of type 'import("/home/lukas/repos/abax/abacus-protocol/node_modules/wookashwackomytest-typechain-types/node_modules/@polkadot/api/promise/Api").ApiPromise'.
typechain/query/price_feed_provider.ts(106,23): error TS2345: Argument of type 'import("/home/lukas/repos/abax/abacus-protocol/node_modules/@polkadot/api/promise/Api").ApiPromise' is not assignable to parameter of type 'import("/home/lukas/repos/abax/abacus-protocol/node_modules/wookashwackomytest-typechain-types/node_modules/@polkadot/api/promise/Api").ApiPromise'.
typechain/query/psp22_emitable.ts(41,23): error TS2345: Argument of type 'import("/home/lukas/repos/abax/abacus-protocol/node_modules/@polkadot/api/promise/Api").ApiPromise' is not assignable to parameter of type 'import("/home/lukas/repos/abax/abacus-protocol/node_modules/wookashwackomytest-typechain-types/node_modules/@polkadot/api/promise/Api").ApiPromise'.
typechain/query/psp22_emitable.ts(54,23): error TS2345: Argument of type 'import("/home/lukas/repos/abax/abacus-protocol/node_modules/@polkadot/api/promise/Api").ApiPromise' is not assignable to parameter of type 'import("/home/lukas/repos/abax/abacus-protocol/node_modules/wookashwackomytest-typechain-types/node_modules/@polkadot/api/promise/Api").ApiPromise'.
typechain/query/psp22_emitable.ts(69,23): error TS2345: Argument of type 'import("/home/lukas/repos/abax/abacus-protocol/node_modules/@polkadot/api/promise/Api").ApiPromise' is not assignable to parameter of type 'import("/home/lukas/repos/abax/abacus-protocol/node_modules/wookashwackomytest-typechain-types/node_modules/@polkadot/api/promise/Api").ApiPromise'.
typechain/query/psp22_emitable.ts(86,23): error TS2345: Argument of type 'import("/home/lukas/repos/abax/abacus-protocol/node_modules/@polkadot/api/promise/Api").ApiPromise' is not assignable to parameter of type 'import("/home/lukas/repos/abax/abacus-protocol/node_modules/wookashwackomytest-typechain-types/node_modules/@polkadot/api/promise/Api").ApiPromise'.
typechain/query/psp22_emitable.ts(105,23): error TS2345: Argument of type 'import("/home/lukas/repos/abax/abacus-protocol/node_modules/@polkadot/api/promise/Api").ApiPromise' is not assignable to parameter of type 'import("/home/lukas/repos/abax/abacus-protocol/node_modules/wookashwackomytest-typechain-types/node_modules/@polkadot/api/promise/Api").ApiPromise'.
typechain/query/psp22_emitable.ts(120,23): error TS2345: Argument of type 'import("/home/lukas/repos/abax/abacus-protocol/node_modules/@polkadot/api/promise/Api").ApiPromise' is not assignable to parameter of type 'import("/home/lukas/repos/abax/abacus-protocol/node_modules/wookashwackomytest-typechain-types/node_modules/@polkadot/api/promise/Api").ApiPromise'.
typechain/query/psp22_emitable.ts(135,23): error TS2345: Argument of type 'import("/home/lukas/repos/abax/abacus-protocol/node_modules/@polkadot/api/promise/Api").ApiPromise' is not assignable to parameter of type 'import("/home/lukas/repos/abax/abacus-protocol/node_modules/wookashwackomytest-typechain-types/node_modules/@polkadot/api/promise/Api").ApiPromise'.
typechain/query/psp22_emitable.ts(150,23): error TS2345: Argument of type 'import("/home/lukas/repos/abax/abacus-protocol/node_modules/@polkadot/api/promise/Api").ApiPromise' is not assignable to parameter of type 'import("/home/lukas/repos/abax/abacus-protocol/node_modules/wookashwackomytest-typechain-types/node_modules/@polkadot/api/promise/Api").ApiPromise'.
typechain/query/psp22_emitable.ts(161,23): error TS2345: Argument of type 'import("/home/lukas/repos/abax/abacus-protocol/node_modules/@polkadot/api/promise/Api").ApiPromise' is not assignable to parameter of type 'import("/home/lukas/repos/abax/abacus-protocol/node_modules/wookashwackomytest-typechain-types/node_modules/@polkadot/api/promise/Api").ApiPromise'.
typechain/query/psp22_emitable.ts(172,23): error TS2345: Argument of type 'import("/home/lukas/repos/abax/abacus-protocol/node_modules/@polkadot/api/promise/Api").ApiPromise' is not assignable to parameter of type 'import("/home/lukas/repos/abax/abacus-protocol/node_modules/wookashwackomytest-typechain-types/node_modules/@polkadot/api/promise/Api").ApiPromise'.
typechain/query/psp22_emitable.ts(183,23): error TS2345: Argument of type 'import("/home/lukas/repos/abax/abacus-protocol/node_modules/@polkadot/api/promise/Api").ApiPromise' is not assignable to parameter of type 'import("/home/lukas/repos/abax/abacus-protocol/node_modules/wookashwackomytest-typechain-types/node_modules/@polkadot/api/promise/Api").ApiPromise'.
typechain/query/psp22_emitable.ts(198,23): error TS2345: Argument of type 'import("/home/lukas/repos/abax/abacus-protocol/node_modules/@polkadot/api/promise/Api").ApiPromise' is not assignable to parameter of type 'import("/home/lukas/repos/abax/abacus-protocol/node_modules/wookashwackomytest-typechain-types/node_modules/@polkadot/api/promise/Api").ApiPromise'.
typechain/query/psp22_ownable.ts(41,23): error TS2345: Argument of type 'import("/home/lukas/repos/abax/abacus-protocol/node_modules/@polkadot/api/promise/Api").ApiPromise' is not assignable to parameter of type 'import("/home/lukas/repos/abax/abacus-protocol/node_modules/wookashwackomytest-typechain-types/node_modules/@polkadot/api/promise/Api").ApiPromise'.
typechain/query/psp22_ownable.ts(54,23): error TS2345: Argument of type 'import("/home/lukas/repos/abax/abacus-protocol/node_modules/@polkadot/api/promise/Api").ApiPromise' is not assignable to parameter of type 'import("/home/lukas/repos/abax/abacus-protocol/node_modules/wookashwackomytest-typechain-types/node_modules/@polkadot/api/promise/Api").ApiPromise'.
typechain/query/psp22_ownable.ts(69,23): error TS2345: Argument of type 'import("/home/lukas/repos/abax/abacus-protocol/node_modules/@polkadot/api/promise/Api").ApiPromise' is not assignable to parameter of type 'import("/home/lukas/repos/abax/abacus-protocol/node_modules/wookashwackomytest-typechain-types/node_modules/@polkadot/api/promise/Api").ApiPromise'.
typechain/query/psp22_ownable.ts(86,23): error TS2345: Argument of type 'import("/home/lukas/repos/abax/abacus-protocol/node_modules/@polkadot/api/promise/Api").ApiPromise' is not assignable to parameter of type 'import("/home/lukas/repos/abax/abacus-protocol/node_modules/wookashwackomytest-typechain-types/node_modules/@polkadot/api/promise/Api").ApiPromise'.
typechain/query/psp22_ownable.ts(105,23): error TS2345: Argument of type 'import("/home/lukas/repos/abax/abacus-protocol/node_modules/@polkadot/api/promise/Api").ApiPromise' is not assignable to parameter of type 'import("/home/lukas/repos/abax/abacus-protocol/node_modules/wookashwackomytest-typechain-types/node_modules/@polkadot/api/promise/Api").ApiPromise'.
typechain/query/psp22_ownable.ts(120,23): error TS2345: Argument of type 'import("/home/lukas/repos/abax/abacus-protocol/node_modules/@polkadot/api/promise/Api").ApiPromise' is not assignable to parameter of type 'import("/home/lukas/repos/abax/abacus-protocol/node_modules/wookashwackomytest-typechain-types/node_modules/@polkadot/api/promise/Api").ApiPromise'.
typechain/query/psp22_ownable.ts(135,23): error TS2345: Argument of type 'import("/home/lukas/repos/abax/abacus-protocol/node_modules/@polkadot/api/promise/Api").ApiPromise' is not assignable to parameter of type 'import("/home/lukas/repos/abax/abacus-protocol/node_modules/wookashwackomytest-typechain-types/node_modules/@polkadot/api/promise/Api").ApiPromise'.
typechain/query/psp22_ownable.ts(150,23): error TS2345: Argument of type 'import("/home/lukas/repos/abax/abacus-protocol/node_modules/@polkadot/api/promise/Api").ApiPromise' is not assignable to parameter of type 'import("/home/lukas/repos/abax/abacus-protocol/node_modules/wookashwackomytest-typechain-types/node_modules/@polkadot/api/promise/Api").ApiPromise'.
typechain/query/psp22_ownable.ts(165,23): error TS2345: Argument of type 'import("/home/lukas/repos/abax/abacus-protocol/node_modules/@polkadot/api/promise/Api").ApiPromise' is not assignable to parameter of type 'import("/home/lukas/repos/abax/abacus-protocol/node_modules/wookashwackomytest-typechain-types/node_modules/@polkadot/api/promise/Api").ApiPromise'.
typechain/query/psp22_ownable.ts(176,23): error TS2345: Argument of type 'import("/home/lukas/repos/abax/abacus-protocol/node_modules/@polkadot/api/promise/Api").ApiPromise' is not assignable to parameter of type 'import("/home/lukas/repos/abax/abacus-protocol/node_modules/wookashwackomytest-typechain-types/node_modules/@polkadot/api/promise/Api").ApiPromise'.
typechain/query/psp22_ownable.ts(187,23): error TS2345: Argument of type 'import("/home/lukas/repos/abax/abacus-protocol/node_modules/@polkadot/api/promise/Api").ApiPromise' is not assignable to parameter of type 'import("/home/lukas/repos/abax/abacus-protocol/node_modules/wookashwackomytest-typechain-types/node_modules/@polkadot/api/promise/Api").ApiPromise'.
typechain/query/psp22_ownable.ts(198,23): error TS2345: Argument of type 'import("/home/lukas/repos/abax/abacus-protocol/node_modules/@polkadot/api/promise/Api").ApiPromise' is not assignable to parameter of type 'import("/home/lukas/repos/abax/abacus-protocol/node_modules/wookashwackomytest-typechain-types/node_modules/@polkadot/api/promise/Api").ApiPromise'.
typechain/query/psp22_ownable.ts(209,23): error TS2345: Argument of type 'import("/home/lukas/repos/abax/abacus-protocol/node_modules/@polkadot/api/promise/Api").ApiPromise' is not assignable to parameter of type 'import("/home/lukas/repos/abax/abacus-protocol/node_modules/wookashwackomytest-typechain-types/node_modules/@polkadot/api/promise/Api").ApiPromise'.
typechain/query/psp22_ownable.ts(220,23): error TS2345: Argument of type 'import("/home/lukas/repos/abax/abacus-protocol/node_modules/@polkadot/api/promise/Api").ApiPromise' is not assignable to parameter of type 'import("/home/lukas/repos/abax/abacus-protocol/node_modules/wookashwackomytest-typechain-types/node_modules/@polkadot/api/promise/Api").ApiPromise'.
typechain/query/psp22_ownable.ts(233,23): error TS2345: Argument of type 'import("/home/lukas/repos/abax/abacus-protocol/node_modules/@polkadot/api/promise/Api").ApiPromise' is not assignable to parameter of type 'import("/home/lukas/repos/abax/abacus-protocol/node_modules/wookashwackomytest-typechain-types/node_modules/@polkadot/api/promise/Api").ApiPromise'.
typechain/query/stable_token.ts(41,23): error TS2345: Argument of type 'import("/home/lukas/repos/abax/abacus-protocol/node_modules/@polkadot/api/promise/Api").ApiPromise' is not assignable to parameter of type 'import("/home/lukas/repos/abax/abacus-protocol/node_modules/wookashwackomytest-typechain-types/node_modules/@polkadot/api/promise/Api").ApiPromise'.
typechain/query/stable_token.ts(54,23): error TS2345: Argument of type 'import("/home/lukas/repos/abax/abacus-protocol/node_modules/@polkadot/api/promise/Api").ApiPromise' is not assignable to parameter of type 'import("/home/lukas/repos/abax/abacus-protocol/node_modules/wookashwackomytest-typechain-types/node_modules/@polkadot/api/promise/Api").ApiPromise'.
typechain/query/stable_token.ts(69,23): error TS2345: Argument of type 'import("/home/lukas/repos/abax/abacus-protocol/node_modules/@polkadot/api/promise/Api").ApiPromise' is not assignable to parameter of type 'import("/home/lukas/repos/abax/abacus-protocol/node_modules/wookashwackomytest-typechain-types/node_modules/@polkadot/api/promise/Api").ApiPromise'.
typechain/query/stable_token.ts(86,23): error TS2345: Argument of type 'import("/home/lukas/repos/abax/abacus-protocol/node_modules/@polkadot/api/promise/Api").ApiPromise' is not assignable to parameter of type 'import("/home/lukas/repos/abax/abacus-protocol/node_modules/wookashwackomytest-typechain-types/node_modules/@polkadot/api/promise/Api").ApiPromise'.
typechain/query/stable_token.ts(105,23): error TS2345: Argument of type 'import("/home/lukas/repos/abax/abacus-protocol/node_modules/@polkadot/api/promise/Api").ApiPromise' is not assignable to parameter of type 'import("/home/lukas/repos/abax/abacus-protocol/node_modules/wookashwackomytest-typechain-types/node_modules/@polkadot/api/promise/Api").ApiPromise'.
typechain/query/stable_token.ts(120,23): error TS2345: Argument of type 'import("/home/lukas/repos/abax/abacus-protocol/node_modules/@polkadot/api/promise/Api").ApiPromise' is not assignable to parameter of type 'import("/home/lukas/repos/abax/abacus-protocol/node_modules/wookashwackomytest-typechain-types/node_modules/@polkadot/api/promise/Api").ApiPromise'.
typechain/query/stable_token.ts(135,23): error TS2345: Argument of type 'import("/home/lukas/repos/abax/abacus-protocol/node_modules/@polkadot/api/promise/Api").ApiPromise' is not assignable to parameter of type 'import("/home/lukas/repos/abax/abacus-protocol/node_modules/wookashwackomytest-typechain-types/node_modules/@polkadot/api/promise/Api").ApiPromise'.
typechain/query/stable_token.ts(150,23): error TS2345: Argument of type 'import("/home/lukas/repos/abax/abacus-protocol/node_modules/@polkadot/api/promise/Api").ApiPromise' is not assignable to parameter of type 'import("/home/lukas/repos/abax/abacus-protocol/node_modules/wookashwackomytest-typechain-types/node_modules/@polkadot/api/promise/Api").ApiPromise'.
typechain/query/stable_token.ts(161,23): error TS2345: Argument of type 'import("/home/lukas/repos/abax/abacus-protocol/node_modules/@polkadot/api/promise/Api").ApiPromise' is not assignable to parameter of type 'import("/home/lukas/repos/abax/abacus-protocol/node_modules/wookashwackomytest-typechain-types/node_modules/@polkadot/api/promise/Api").ApiPromise'.
typechain/query/stable_token.ts(172,23): error TS2345: Argument of type 'import("/home/lukas/repos/abax/abacus-protocol/node_modules/@polkadot/api/promise/Api").ApiPromise' is not assignable to parameter of type 'import("/home/lukas/repos/abax/abacus-protocol/node_modules/wookashwackomytest-typechain-types/node_modules/@polkadot/api/promise/Api").ApiPromise'.
typechain/query/stable_token.ts(183,23): error TS2345: Argument of type 'import("/home/lukas/repos/abax/abacus-protocol/node_modules/@polkadot/api/promise/Api").ApiPromise' is not assignable to parameter of type 'import("/home/lukas/repos/abax/abacus-protocol/node_modules/wookashwackomytest-typechain-types/node_modules/@polkadot/api/promise/Api").ApiPromise'.
typechain/query/stable_token.ts(198,23): error TS2345: Argument of type 'import("/home/lukas/repos/abax/abacus-protocol/node_modules/@polkadot/api/promise/Api").ApiPromise' is not assignable to parameter of type 'import("/home/lukas/repos/abax/abacus-protocol/node_modules/wookashwackomytest-typechain-types/node_modules/@polkadot/api/promise/Api").ApiPromise'.
typechain/query/stable_token.ts(211,23): error TS2345: Argument of type 'import("/home/lukas/repos/abax/abacus-protocol/node_modules/@polkadot/api/promise/Api").ApiPromise' is not assignable to parameter of type 'import("/home/lukas/repos/abax/abacus-protocol/node_modules/wookashwackomytest-typechain-types/node_modules/@polkadot/api/promise/Api").ApiPromise'.
typechain/query/stable_token.ts(226,23): error TS2345: Argument of type 'import("/home/lukas/repos/abax/abacus-protocol/node_modules/@polkadot/api/promise/Api").ApiPromise' is not assignable to parameter of type 'import("/home/lukas/repos/abax/abacus-protocol/node_modules/wookashwackomytest-typechain-types/node_modules/@polkadot/api/promise/Api").ApiPromise'.
typechain/query/stable_token.ts(241,23): error TS2345: Argument of type 'import("/home/lukas/repos/abax/abacus-protocol/node_modules/@polkadot/api/promise/Api").ApiPromise' is not assignable to parameter of type 'import("/home/lukas/repos/abax/abacus-protocol/node_modules/wookashwackomytest-typechain-types/node_modules/@polkadot/api/promise/Api").ApiPromise'.
typechain/query/stable_token.ts(256,23): error TS2345: Argument of type 'import("/home/lukas/repos/abax/abacus-protocol/node_modules/@polkadot/api/promise/Api").ApiPromise' is not assignable to parameter of type 'import("/home/lukas/repos/abax/abacus-protocol/node_modules/wookashwackomytest-typechain-types/node_modules/@polkadot/api/promise/Api").ApiPromise'.
typechain/query/stable_token.ts(271,23): error TS2345: Argument of type 'import("/home/lukas/repos/abax/abacus-protocol/node_modules/@polkadot/api/promise/Api").ApiPromise' is not assignable to parameter of type 'import("/home/lukas/repos/abax/abacus-protocol/node_modules/wookashwackomytest-typechain-types/node_modules/@polkadot/api/promise/Api").ApiPromise'.
typechain/query/stable_token.ts(286,23): error TS2345: Argument of type 'import("/home/lukas/repos/abax/abacus-protocol/node_modules/@polkadot/api/promise/Api").ApiPromise' is not assignable to parameter of type 'import("/home/lukas/repos/abax/abacus-protocol/node_modules/wookashwackomytest-typechain-types/node_modules/@polkadot/api/promise/Api").ApiPromise'.
typechain/query/test_reserves_minter.ts(45,23): error TS2345: Argument of type 'import("/home/lukas/repos/abax/abacus-protocol/node_modules/@polkadot/api/promise/Api").ApiPromise' is not assignable to parameter of type 'import("/home/lukas/repos/abax/abacus-protocol/node_modules/wookashwackomytest-typechain-types/node_modules/@polkadot/api/promise/Api").ApiPromise'.
typechain/query/test_reserves_minter.ts(56,23): error TS2345: Argument of type 'import("/home/lukas/repos/abax/abacus-protocol/node_modules/@polkadot/api/promise/Api").ApiPromise' is not assignable to parameter of type 'import("/home/lukas/repos/abax/abacus-protocol/node_modules/wookashwackomytest-typechain-types/node_modules/@polkadot/api/promise/Api").ApiPromise'.
typechain/query/test_reserves_minter.ts(67,23): error TS2345: Argument of type 'import("/home/lukas/repos/abax/abacus-protocol/node_modules/@polkadot/api/promise/Api").ApiPromise' is not assignable to parameter of type 'import("/home/lukas/repos/abax/abacus-protocol/node_modules/wookashwackomytest-typechain-types/node_modules/@polkadot/api/promise/Api").ApiPromise'.
typechain/query/test_reserves_minter.ts(80,23): error TS2345: Argument of type 'import("/home/lukas/repos/abax/abacus-protocol/node_modules/@polkadot/api/promise/Api").ApiPromise' is not assignable to parameter of type 'import("/home/lukas/repos/abax/abacus-protocol/node_modules/wookashwackomytest-typechain-types/node_modules/@polkadot/api/promise/Api").ApiPromise'.
typechain/query/v_token.ts(43,23): error TS2345: Argument of type 'import("/home/lukas/repos/abax/abacus-protocol/node_modules/@polkadot/api/promise/Api").ApiPromise' is not assignable to parameter of type 'import("/home/lukas/repos/abax/abacus-protocol/node_modules/wookashwackomytest-typechain-types/node_modules/@polkadot/api/promise/Api").ApiPromise'.
typechain/query/v_token.ts(62,23): error TS2345: Argument of type 'import("/home/lukas/repos/abax/abacus-protocol/node_modules/@polkadot/api/promise/Api").ApiPromise' is not assignable to parameter of type 'import("/home/lukas/repos/abax/abacus-protocol/node_modules/wookashwackomytest-typechain-types/node_modules/@polkadot/api/promise/Api").ApiPromise'.
typechain/query/v_token.ts(73,23): error TS2345: Argument of type 'import("/home/lukas/repos/abax/abacus-protocol/node_modules/@polkadot/api/promise/Api").ApiPromise' is not assignable to parameter of type 'import("/home/lukas/repos/abax/abacus-protocol/node_modules/wookashwackomytest-typechain-types/node_modules/@polkadot/api/promise/Api").ApiPromise'.
typechain/query/v_token.ts(84,23): error TS2345: Argument of type 'import("/home/lukas/repos/abax/abacus-protocol/node_modules/@polkadot/api/promise/Api").ApiPromise' is not assignable to parameter of type 'import("/home/lukas/repos/abax/abacus-protocol/node_modules/wookashwackomytest-typechain-types/node_modules/@polkadot/api/promise/Api").ApiPromise'.
typechain/query/v_token.ts(97,23): error TS2345: Argument of type 'import("/home/lukas/repos/abax/abacus-protocol/node_modules/@polkadot/api/promise/Api").ApiPromise' is not assignable to parameter of type 'import("/home/lukas/repos/abax/abacus-protocol/node_modules/wookashwackomytest-typechain-types/node_modules/@polkadot/api/promise/Api").ApiPromise'.
typechain/query/v_token.ts(112,23): error TS2345: Argument of type 'import("/home/lukas/repos/abax/abacus-protocol/node_modules/@polkadot/api/promise/Api").ApiPromise' is not assignable to parameter of type 'import("/home/lukas/repos/abax/abacus-protocol/node_modules/wookashwackomytest-typechain-types/node_modules/@polkadot/api/promise/Api").ApiPromise'.
typechain/query/v_token.ts(129,23): error TS2345: Argument of type 'import("/home/lukas/repos/abax/abacus-protocol/node_modules/@polkadot/api/promise/Api").ApiPromise' is not assignable to parameter of type 'import("/home/lukas/repos/abax/abacus-protocol/node_modules/wookashwackomytest-typechain-types/node_modules/@polkadot/api/promise/Api").ApiPromise'.
typechain/query/v_token.ts(148,23): error TS2345: Argument of type 'import("/home/lukas/repos/abax/abacus-protocol/node_modules/@polkadot/api/promise/Api").ApiPromise' is not assignable to parameter of type 'import("/home/lukas/repos/abax/abacus-protocol/node_modules/wookashwackomytest-typechain-types/node_modules/@polkadot/api/promise/Api").ApiPromise'.
typechain/query/v_token.ts(163,23): error TS2345: Argument of type 'import("/home/lukas/repos/abax/abacus-protocol/node_modules/@polkadot/api/promise/Api").ApiPromise' is not assignable to parameter of type 'import("/home/lukas/repos/abax/abacus-protocol/node_modules/wookashwackomytest-typechain-types/node_modules/@polkadot/api/promise/Api").ApiPromise'.
typechain/query/v_token.ts(178,23): error TS2345: Argument of type 'import("/home/lukas/repos/abax/abacus-protocol/node_modules/@polkadot/api/promise/Api").ApiPromise' is not assignable to parameter of type 'import("/home/lukas/repos/abax/abacus-protocol/node_modules/wookashwackomytest-typechain-types/node_modules/@polkadot/api/promise/Api").ApiPromise'.
typechain/query/v_token.ts(193,23): error TS2345: Argument of type 'import("/home/lukas/repos/abax/abacus-protocol/node_modules/@polkadot/api/promise/Api").ApiPromise' is not assignable to parameter of type 'import("/home/lukas/repos/abax/abacus-protocol/node_modules/wookashwackomytest-typechain-types/node_modules/@polkadot/api/promise/Api").ApiPromise'.
typechain/query/v_token.ts(204,23): error TS2345: Argument of type 'import("/home/lukas/repos/abax/abacus-protocol/node_modules/@polkadot/api/promise/Api").ApiPromise' is not assignable to parameter of type 'import("/home/lukas/repos/abax/abacus-protocol/node_modules/wookashwackomytest-typechain-types/node_modules/@polkadot/api/promise/Api").ApiPromise'.
typechain/query/v_token.ts(215,23): error TS2345: Argument of type 'import("/home/lukas/repos/abax/abacus-protocol/node_modules/@polkadot/api/promise/Api").ApiPromise' is not assignable to parameter of type 'import("/home/lukas/repos/abax/abacus-protocol/node_modules/wookashwackomytest-typechain-types/node_modules/@polkadot/api/promise/Api").ApiPromise'.
typechain/query/v_token.ts(226,23): error TS2345: Argument of type 'import("/home/lukas/repos/abax/abacus-protocol/node_modules/@polkadot/api/promise/Api").ApiPromise' is not assignable to parameter of type 'import("/home/lukas/repos/abax/abacus-protocol/node_modules/wookashwackomytest-typechain-types/node_modules/@polkadot/api/promise/Api").ApiPromise'.
typechain/tx-sign-and-send/a_token.ts(39,25): error TS2345: Argument of type 'import("/home/lukas/repos/abax/abacus-protocol/node_modules/@polkadot/api/promise/Api").ApiPromise' is not assignable to parameter of type 'import("/home/lukas/repos/abax/abacus-protocol/node_modules/wookashwackomytest-typechain-types/node_modules/@polkadot/api/promise/Api").ApiPromise'.
typechain/tx-sign-and-send/a_token.ts(53,25): error TS2345: Argument of type 'import("/home/lukas/repos/abax/abacus-protocol/node_modules/@polkadot/api/promise/Api").ApiPromise' is not assignable to parameter of type 'import("/home/lukas/repos/abax/abacus-protocol/node_modules/wookashwackomytest-typechain-types/node_modules/@polkadot/api/promise/Api").ApiPromise'.
typechain/tx-sign-and-send/a_token.ts(73,25): error TS2345: Argument of type 'import("/home/lukas/repos/abax/abacus-protocol/node_modules/@polkadot/api/promise/Api").ApiPromise' is not assignable to parameter of type 'import("/home/lukas/repos/abax/abacus-protocol/node_modules/wookashwackomytest-typechain-types/node_modules/@polkadot/api/promise/Api").ApiPromise'.
typechain/tx-sign-and-send/a_token.ts(85,25): error TS2345: Argument of type 'import("/home/lukas/repos/abax/abacus-protocol/node_modules/@polkadot/api/promise/Api").ApiPromise' is not assignable to parameter of type 'import("/home/lukas/repos/abax/abacus-protocol/node_modules/wookashwackomytest-typechain-types/node_modules/@polkadot/api/promise/Api").ApiPromise'.
typechain/tx-sign-and-send/a_token.ts(97,25): error TS2345: Argument of type 'import("/home/lukas/repos/abax/abacus-protocol/node_modules/@polkadot/api/promise/Api").ApiPromise' is not assignable to parameter of type 'import("/home/lukas/repos/abax/abacus-protocol/node_modules/wookashwackomytest-typechain-types/node_modules/@polkadot/api/promise/Api").ApiPromise'.
typechain/tx-sign-and-send/a_token.ts(111,25): error TS2345: Argument of type 'import("/home/lukas/repos/abax/abacus-protocol/node_modules/@polkadot/api/promise/Api").ApiPromise' is not assignable to parameter of type 'import("/home/lukas/repos/abax/abacus-protocol/node_modules/wookashwackomytest-typechain-types/node_modules/@polkadot/api/promise/Api").ApiPromise'.
typechain/tx-sign-and-send/a_token.ts(127,25): error TS2345: Argument of type 'import("/home/lukas/repos/abax/abacus-protocol/node_modules/@polkadot/api/promise/Api").ApiPromise' is not assignable to parameter of type 'import("/home/lukas/repos/abax/abacus-protocol/node_modules/wookashwackomytest-typechain-types/node_modules/@polkadot/api/promise/Api").ApiPromise'.
typechain/tx-sign-and-send/a_token.ts(145,25): error TS2345: Argument of type 'import("/home/lukas/repos/abax/abacus-protocol/node_modules/@polkadot/api/promise/Api").ApiPromise' is not assignable to parameter of type 'import("/home/lukas/repos/abax/abacus-protocol/node_modules/wookashwackomytest-typechain-types/node_modules/@polkadot/api/promise/Api").ApiPromise'.
typechain/tx-sign-and-send/a_token.ts(165,25): error TS2345: Argument of type 'import("/home/lukas/repos/abax/abacus-protocol/node_modules/@polkadot/api/promise/Api").ApiPromise' is not assignable to parameter of type 'import("/home/lukas/repos/abax/abacus-protocol/node_modules/wookashwackomytest-typechain-types/node_modules/@polkadot/api/promise/Api").ApiPromise'.
typechain/tx-sign-and-send/a_token.ts(181,25): error TS2345: Argument of type 'import("/home/lukas/repos/abax/abacus-protocol/node_modules/@polkadot/api/promise/Api").ApiPromise' is not assignable to parameter of type 'import("/home/lukas/repos/abax/abacus-protocol/node_modules/wookashwackomytest-typechain-types/node_modules/@polkadot/api/promise/Api").ApiPromise'.
typechain/tx-sign-and-send/a_token.ts(197,25): error TS2345: Argument of type 'import("/home/lukas/repos/abax/abacus-protocol/node_modules/@polkadot/api/promise/Api").ApiPromise' is not assignable to parameter of type 'import("/home/lukas/repos/abax/abacus-protocol/node_modules/wookashwackomytest-typechain-types/node_modules/@polkadot/api/promise/Api").ApiPromise'.
typechain/tx-sign-and-send/a_token.ts(213,25): error TS2345: Argument of type 'import("/home/lukas/repos/abax/abacus-protocol/node_modules/@polkadot/api/promise/Api").ApiPromise' is not assignable to parameter of type 'import("/home/lukas/repos/abax/abacus-protocol/node_modules/wookashwackomytest-typechain-types/node_modules/@polkadot/api/promise/Api").ApiPromise'.
typechain/tx-sign-and-send/a_token.ts(225,25): error TS2345: Argument of type 'import("/home/lukas/repos/abax/abacus-protocol/node_modules/@polkadot/api/promise/Api").ApiPromise' is not assignable to parameter of type 'import("/home/lukas/repos/abax/abacus-protocol/node_modules/wookashwackomytest-typechain-types/node_modules/@polkadot/api/promise/Api").ApiPromise'.
typechain/tx-sign-and-send/a_token.ts(237,25): error TS2345: Argument of type 'import("/home/lukas/repos/abax/abacus-protocol/node_modules/@polkadot/api/promise/Api").ApiPromise' is not assignable to parameter of type 'import("/home/lukas/repos/abax/abacus-protocol/node_modules/wookashwackomytest-typechain-types/node_modules/@polkadot/api/promise/Api").ApiPromise'.
typechain/tx-sign-and-send/a_token.ts(249,25): error TS2345: Argument of type 'import("/home/lukas/repos/abax/abacus-protocol/node_modules/@polkadot/api/promise/Api").ApiPromise' is not assignable to parameter of type 'import("/home/lukas/repos/abax/abacus-protocol/node_modules/wookashwackomytest-typechain-types/node_modules/@polkadot/api/promise/Api").ApiPromise'.
typechain/tx-sign-and-send/balance_viewer.ts(43,25): error TS2345: Argument of type 'import("/home/lukas/repos/abax/abacus-protocol/node_modules/@polkadot/api/promise/Api").ApiPromise' is not assignable to parameter of type 'import("/home/lukas/repos/abax/abacus-protocol/node_modules/wookashwackomytest-typechain-types/node_modules/@polkadot/api/promise/Api").ApiPromise'.
typechain/tx-sign-and-send/balance_viewer.ts(57,25): error TS2345: Argument of type 'import("/home/lukas/repos/abax/abacus-protocol/node_modules/@polkadot/api/promise/Api").ApiPromise' is not assignable to parameter of type 'import("/home/lukas/repos/abax/abacus-protocol/node_modules/wookashwackomytest-typechain-types/node_modules/@polkadot/api/promise/Api").ApiPromise'.
typechain/tx-sign-and-send/balance_viewer.ts(71,25): error TS2345: Argument of type 'import("/home/lukas/repos/abax/abacus-protocol/node_modules/@polkadot/api/promise/Api").ApiPromise' is not assignable to parameter of type 'import("/home/lukas/repos/abax/abacus-protocol/node_modules/wookashwackomytest-typechain-types/node_modules/@polkadot/api/promise/Api").ApiPromise'.
typechain/tx-sign-and-send/balance_viewer.ts(87,25): error TS2345: Argument of type 'import("/home/lukas/repos/abax/abacus-protocol/node_modules/@polkadot/api/promise/Api").ApiPromise' is not assignable to parameter of type 'import("/home/lukas/repos/abax/abacus-protocol/node_modules/wookashwackomytest-typechain-types/node_modules/@polkadot/api/promise/Api").ApiPromise'.
typechain/tx-sign-and-send/balance_viewer.ts(103,25): error TS2345: Argument of type 'import("/home/lukas/repos/abax/abacus-protocol/node_modules/@polkadot/api/promise/Api").ApiPromise' is not assignable to parameter of type 'import("/home/lukas/repos/abax/abacus-protocol/node_modules/wookashwackomytest-typechain-types/node_modules/@polkadot/api/promise/Api").ApiPromise'.
typechain/tx-sign-and-send/balance_viewer.ts(117,25): error TS2345: Argument of type 'import("/home/lukas/repos/abax/abacus-protocol/node_modules/@polkadot/api/promise/Api").ApiPromise' is not assignable to parameter of type 'import("/home/lukas/repos/abax/abacus-protocol/node_modules/wookashwackomytest-typechain-types/node_modules/@polkadot/api/promise/Api").ApiPromise'.
typechain/tx-sign-and-send/balance_viewer.ts(131,25): error TS2345: Argument of type 'import("/home/lukas/repos/abax/abacus-protocol/node_modules/@polkadot/api/promise/Api").ApiPromise' is not assignable to parameter of type 'import("/home/lukas/repos/abax/abacus-protocol/node_modules/wookashwackomytest-typechain-types/node_modules/@polkadot/api/promise/Api").ApiPromise'.
typechain/tx-sign-and-send/dia_oracle.ts(39,25): error TS2345: Argument of type 'import("/home/lukas/repos/abax/abacus-protocol/node_modules/@polkadot/api/promise/Api").ApiPromise' is not assignable to parameter of type 'import("/home/lukas/repos/abax/abacus-protocol/node_modules/wookashwackomytest-typechain-types/node_modules/@polkadot/api/promise/Api").ApiPromise'.
typechain/tx-sign-and-send/dia_oracle.ts(53,25): error TS2345: Argument of type 'import("/home/lukas/repos/abax/abacus-protocol/node_modules/@polkadot/api/promise/Api").ApiPromise' is not assignable to parameter of type 'import("/home/lukas/repos/abax/abacus-protocol/node_modules/wookashwackomytest-typechain-types/node_modules/@polkadot/api/promise/Api").ApiPromise'.
typechain/tx-sign-and-send/dia_oracle.ts(67,25): error TS2345: Argument of type 'import("/home/lukas/repos/abax/abacus-protocol/node_modules/@polkadot/api/promise/Api").ApiPromise' is not assignable to parameter of type 'import("/home/lukas/repos/abax/abacus-protocol/node_modules/wookashwackomytest-typechain-types/node_modules/@polkadot/api/promise/Api").ApiPromise'.
typechain/tx-sign-and-send/dia_oracle.ts(81,25): error TS2345: Argument of type 'import("/home/lukas/repos/abax/abacus-protocol/node_modules/@polkadot/api/promise/Api").ApiPromise' is not assignable to parameter of type 'import("/home/lukas/repos/abax/abacus-protocol/node_modules/wookashwackomytest-typechain-types/node_modules/@polkadot/api/promise/Api").ApiPromise'.
typechain/tx-sign-and-send/dia_oracle.ts(97,25): error TS2345: Argument of type 'import("/home/lukas/repos/abax/abacus-protocol/node_modules/@polkadot/api/promise/Api").ApiPromise' is not assignable to parameter of type 'import("/home/lukas/repos/abax/abacus-protocol/node_modules/wookashwackomytest-typechain-types/node_modules/@polkadot/api/promise/Api").ApiPromise'.
typechain/tx-sign-and-send/dia_oracle.ts(111,25): error TS2345: Argument of type 'import("/home/lukas/repos/abax/abacus-protocol/node_modules/@polkadot/api/promise/Api").ApiPromise' is not assignable to parameter of type 'import("/home/lukas/repos/abax/abacus-protocol/node_modules/wookashwackomytest-typechain-types/node_modules/@polkadot/api/promise/Api").ApiPromise'.
typechain/tx-sign-and-send/dia_oracle.ts(123,25): error TS2345: Argument of type 'import("/home/lukas/repos/abax/abacus-protocol/node_modules/@polkadot/api/promise/Api").ApiPromise' is not assignable to parameter of type 'import("/home/lukas/repos/abax/abacus-protocol/node_modules/wookashwackomytest-typechain-types/node_modules/@polkadot/api/promise/Api").ApiPromise'.
typechain/tx-sign-and-send/dia_oracle.ts(137,25): error TS2345: Argument of type 'import("/home/lukas/repos/abax/abacus-protocol/node_modules/@polkadot/api/promise/Api").ApiPromise' is not assignable to parameter of type 'import("/home/lukas/repos/abax/abacus-protocol/node_modules/wookashwackomytest-typechain-types/node_modules/@polkadot/api/promise/Api").ApiPromise'.
typechain/tx-sign-and-send/dia_oracle.ts(151,25): error TS2345: Argument of type 'import("/home/lukas/repos/abax/abacus-protocol/node_modules/@polkadot/api/promise/Api").ApiPromise' is not assignable to parameter of type 'import("/home/lukas/repos/abax/abacus-protocol/node_modules/wookashwackomytest-typechain-types/node_modules/@polkadot/api/promise/Api").ApiPromise'.
typechain/tx-sign-and-send/flash_loan_receiver_mock.ts(41,25): error TS2345: Argument of type 'import("/home/lukas/repos/abax/abacus-protocol/node_modules/@polkadot/api/promise/Api").ApiPromise' is not assignable to parameter of type 'import("/home/lukas/repos/abax/abacus-protocol/node_modules/wookashwackomytest-typechain-types/node_modules/@polkadot/api/promise/Api").ApiPromise'.
typechain/tx-sign-and-send/flash_loan_receiver_mock.ts(55,25): error TS2345: Argument of type 'import("/home/lukas/repos/abax/abacus-protocol/node_modules/@polkadot/api/promise/Api").ApiPromise' is not assignable to parameter of type 'import("/home/lukas/repos/abax/abacus-protocol/node_modules/wookashwackomytest-typechain-types/node_modules/@polkadot/api/promise/Api").ApiPromise'.
typechain/tx-sign-and-send/flash_loan_receiver_mock.ts(69,25): error TS2345: Argument of type 'import("/home/lukas/repos/abax/abacus-protocol/node_modules/@polkadot/api/promise/Api").ApiPromise' is not assignable to parameter of type 'import("/home/lukas/repos/abax/abacus-protocol/node_modules/wookashwackomytest-typechain-types/node_modules/@polkadot/api/promise/Api").ApiPromise'.
typechain/tx-sign-and-send/flash_loan_receiver_mock.ts(89,25): error TS2345: Argument of type 'import("/home/lukas/repos/abax/abacus-protocol/node_modules/@polkadot/api/promise/Api").ApiPromise' is not assignable to parameter of type 'import("/home/lukas/repos/abax/abacus-protocol/node_modules/wookashwackomytest-typechain-types/node_modules/@polkadot/api/promise/Api").ApiPromise'.
typechain/tx-sign-and-send/lending_pool.ts(41,25): error TS2345: Argument of type 'import("/home/lukas/repos/abax/abacus-protocol/node_modules/@polkadot/api/promise/Api").ApiPromise' is not assignable to parameter of type 'import("/home/lukas/repos/abax/abacus-protocol/node_modules/wookashwackomytest-typechain-types/node_modules/@polkadot/api/promise/Api").ApiPromise'.
typechain/tx-sign-and-send/lending_pool.ts(61,25): error TS2345: Argument of type 'import("/home/lukas/repos/abax/abacus-protocol/node_modules/@polkadot/api/promise/Api").ApiPromise' is not assignable to parameter of type 'import("/home/lukas/repos/abax/abacus-protocol/node_modules/wookashwackomytest-typechain-types/node_modules/@polkadot/api/promise/Api").ApiPromise'.
typechain/tx-sign-and-send/lending_pool.ts(81,25): error TS2345: Argument of type 'import("/home/lukas/repos/abax/abacus-protocol/node_modules/@polkadot/api/promise/Api").ApiPromise' is not assignable to parameter of type 'import("/home/lukas/repos/abax/abacus-protocol/node_modules/wookashwackomytest-typechain-types/node_modules/@polkadot/api/promise/Api").ApiPromise'.
typechain/tx-sign-and-send/lending_pool.ts(95,25): error TS2345: Argument of type 'import("/home/lukas/repos/abax/abacus-protocol/node_modules/@polkadot/api/promise/Api").ApiPromise' is not assignable to parameter of type 'import("/home/lukas/repos/abax/abacus-protocol/node_modules/wookashwackomytest-typechain-types/node_modules/@polkadot/api/promise/Api").ApiPromise'.
typechain/tx-sign-and-send/lending_pool.ts(111,25): error TS2345: Argument of type 'import("/home/lukas/repos/abax/abacus-protocol/node_modules/@polkadot/api/promise/Api").ApiPromise' is not assignable to parameter of type 'import("/home/lukas/repos/abax/abacus-protocol/node_modules/wookashwackomytest-typechain-types/node_modules/@polkadot/api/promise/Api").ApiPromise'.
typechain/tx-sign-and-send/lending_pool.ts(131,25): error TS2345: Argument of type 'import("/home/lukas/repos/abax/abacus-protocol/node_modules/@polkadot/api/promise/Api").ApiPromise' is not assignable to parameter of type 'import("/home/lukas/repos/abax/abacus-protocol/node_modules/wookashwackomytest-typechain-types/node_modules/@polkadot/api/promise/Api").ApiPromise'.
typechain/tx-sign-and-send/lending_pool.ts(151,25): error TS2345: Argument of type 'import("/home/lukas/repos/abax/abacus-protocol/node_modules/@polkadot/api/promise/Api").ApiPromise' is not assignable to parameter of type 'import("/home/lukas/repos/abax/abacus-protocol/node_modules/wookashwackomytest-typechain-types/node_modules/@polkadot/api/promise/Api").ApiPromise'.
typechain/tx-sign-and-send/lending_pool.ts(171,25): error TS2345: Argument of type 'import("/home/lukas/repos/abax/abacus-protocol/node_modules/@polkadot/api/promise/Api").ApiPromise' is not assignable to parameter of type 'import("/home/lukas/repos/abax/abacus-protocol/node_modules/wookashwackomytest-typechain-types/node_modules/@polkadot/api/promise/Api").ApiPromise'.
typechain/tx-sign-and-send/lending_pool.ts(195,25): error TS2345: Argument of type 'import("/home/lukas/repos/abax/abacus-protocol/node_modules/@polkadot/api/promise/Api").ApiPromise' is not assignable to parameter of type 'import("/home/lukas/repos/abax/abacus-protocol/node_modules/wookashwackomytest-typechain-types/node_modules/@polkadot/api/promise/Api").ApiPromise'.
typechain/tx-sign-and-send/lending_pool.ts(209,25): error TS2345: Argument of type 'import("/home/lukas/repos/abax/abacus-protocol/node_modules/@polkadot/api/promise/Api").ApiPromise' is not assignable to parameter of type 'import("/home/lukas/repos/abax/abacus-protocol/node_modules/wookashwackomytest-typechain-types/node_modules/@polkadot/api/promise/Api").ApiPromise'.
typechain/tx-sign-and-send/lending_pool.ts(223,25): error TS2345: Argument of type 'import("/home/lukas/repos/abax/abacus-protocol/node_modules/@polkadot/api/promise/Api").ApiPromise' is not assignable to parameter of type 'import("/home/lukas/repos/abax/abacus-protocol/node_modules/wookashwackomytest-typechain-types/node_modules/@polkadot/api/promise/Api").ApiPromise'.
typechain/tx-sign-and-send/lending_pool.ts(237,25): error TS2345: Argument of type 'import("/home/lukas/repos/abax/abacus-protocol/node_modules/@polkadot/api/promise/Api").ApiPromise' is not assignable to parameter of type 'import("/home/lukas/repos/abax/abacus-protocol/node_modules/wookashwackomytest-typechain-types/node_modules/@polkadot/api/promise/Api").ApiPromise'.
typechain/tx-sign-and-send/lending_pool.ts(269,25): error TS2345: Argument of type 'import("/home/lukas/repos/abax/abacus-protocol/node_modules/@polkadot/api/promise/Api").ApiPromise' is not assignable to parameter of type 'import("/home/lukas/repos/abax/abacus-protocol/node_modules/wookashwackomytest-typechain-types/node_modules/@polkadot/api/promise/Api").ApiPromise'.
typechain/tx-sign-and-send/lending_pool.ts(285,25): error TS2345: Argument of type 'import("/home/lukas/repos/abax/abacus-protocol/node_modules/@polkadot/api/promise/Api").ApiPromise' is not assignable to parameter of type 'import("/home/lukas/repos/abax/abacus-protocol/node_modules/wookashwackomytest-typechain-types/node_modules/@polkadot/api/promise/Api").ApiPromise'.
typechain/tx-sign-and-send/lending_pool.ts(301,25): error TS2345: Argument of type 'import("/home/lukas/repos/abax/abacus-protocol/node_modules/@polkadot/api/promise/Api").ApiPromise' is not assignable to parameter of type 'import("/home/lukas/repos/abax/abacus-protocol/node_modules/wookashwackomytest-typechain-types/node_modules/@polkadot/api/promise/Api").ApiPromise'.
typechain/tx-sign-and-send/lending_pool.ts(317,25): error TS2345: Argument of type 'import("/home/lukas/repos/abax/abacus-protocol/node_modules/@polkadot/api/promise/Api").ApiPromise' is not assignable to parameter of type 'import("/home/lukas/repos/abax/abacus-protocol/node_modules/wookashwackomytest-typechain-types/node_modules/@polkadot/api/promise/Api").ApiPromise'.
typechain/tx-sign-and-send/lending_pool.ts(333,25): error TS2345: Argument of type 'import("/home/lukas/repos/abax/abacus-protocol/node_modules/@polkadot/api/promise/Api").ApiPromise' is not assignable to parameter of type 'import("/home/lukas/repos/abax/abacus-protocol/node_modules/wookashwackomytest-typechain-types/node_modules/@polkadot/api/promise/Api").ApiPromise'.
typechain/tx-sign-and-send/lending_pool.ts(349,25): error TS2345: Argument of type 'import("/home/lukas/repos/abax/abacus-protocol/node_modules/@polkadot/api/promise/Api").ApiPromise' is not assignable to parameter of type 'import("/home/lukas/repos/abax/abacus-protocol/node_modules/wookashwackomytest-typechain-types/node_modules/@polkadot/api/promise/Api").ApiPromise'.
typechain/tx-sign-and-send/lending_pool.ts(363,25): error TS2345: Argument of type 'import("/home/lukas/repos/abax/abacus-protocol/node_modules/@polkadot/api/promise/Api").ApiPromise' is not assignable to parameter of type 'import("/home/lukas/repos/abax/abacus-protocol/node_modules/wookashwackomytest-typechain-types/node_modules/@polkadot/api/promise/Api").ApiPromise'.
typechain/tx-sign-and-send/lending_pool.ts(381,25): error TS2345: Argument of type 'import("/home/lukas/repos/abax/abacus-protocol/node_modules/@polkadot/api/promise/Api").ApiPromise' is not assignable to parameter of type 'import("/home/lukas/repos/abax/abacus-protocol/node_modules/wookashwackomytest-typechain-types/node_modules/@polkadot/api/promise/Api").ApiPromise'.
typechain/tx-sign-and-send/lending_pool.ts(397,25): error TS2345: Argument of type 'import("/home/lukas/repos/abax/abacus-protocol/node_modules/@polkadot/api/promise/Api").ApiPromise' is not assignable to parameter of type 'import("/home/lukas/repos/abax/abacus-protocol/node_modules/wookashwackomytest-typechain-types/node_modules/@polkadot/api/promise/Api").ApiPromise'.
typechain/tx-sign-and-send/lending_pool.ts(413,25): error TS2345: Argument of type 'import("/home/lukas/repos/abax/abacus-protocol/node_modules/@polkadot/api/promise/Api").ApiPromise' is not assignable to parameter of type 'import("/home/lukas/repos/abax/abacus-protocol/node_modules/wookashwackomytest-typechain-types/node_modules/@polkadot/api/promise/Api").ApiPromise'.
typechain/tx-sign-and-send/lending_pool.ts(425,25): error TS2345: Argument of type 'import("/home/lukas/repos/abax/abacus-protocol/node_modules/@polkadot/api/promise/Api").ApiPromise' is not assignable to parameter of type 'import("/home/lukas/repos/abax/abacus-protocol/node_modules/wookashwackomytest-typechain-types/node_modules/@polkadot/api/promise/Api").ApiPromise'.
typechain/tx-sign-and-send/lending_pool.ts(439,25): error TS2345: Argument of type 'import("/home/lukas/repos/abax/abacus-protocol/node_modules/@polkadot/api/promise/Api").ApiPromise' is not assignable to parameter of type 'import("/home/lukas/repos/abax/abacus-protocol/node_modules/wookashwackomytest-typechain-types/node_modules/@polkadot/api/promise/Api").ApiPromise'.
typechain/tx-sign-and-send/lending_pool.ts(451,25): error TS2345: Argument of type 'import("/home/lukas/repos/abax/abacus-protocol/node_modules/@polkadot/api/promise/Api").ApiPromise' is not assignable to parameter of type 'import("/home/lukas/repos/abax/abacus-protocol/node_modules/wookashwackomytest-typechain-types/node_modules/@polkadot/api/promise/Api").ApiPromise'.
typechain/tx-sign-and-send/lending_pool.ts(465,25): error TS2345: Argument of type 'import("/home/lukas/repos/abax/abacus-protocol/node_modules/@polkadot/api/promise/Api").ApiPromise' is not assignable to parameter of type 'import("/home/lukas/repos/abax/abacus-protocol/node_modules/wookashwackomytest-typechain-types/node_modules/@polkadot/api/promise/Api").ApiPromise'.
typechain/tx-sign-and-send/lending_pool.ts(479,25): error TS2345: Argument of type 'import("/home/lukas/repos/abax/abacus-protocol/node_modules/@polkadot/api/promise/Api").ApiPromise' is not assignable to parameter of type 'import("/home/lukas/repos/abax/abacus-protocol/node_modules/wookashwackomytest-typechain-types/node_modules/@polkadot/api/promise/Api").ApiPromise'.
typechain/tx-sign-and-send/lending_pool.ts(493,25): error TS2345: Argument of type 'import("/home/lukas/repos/abax/abacus-protocol/node_modules/@polkadot/api/promise/Api").ApiPromise' is not assignable to parameter of type 'import("/home/lukas/repos/abax/abacus-protocol/node_modules/wookashwackomytest-typechain-types/node_modules/@polkadot/api/promise/Api").ApiPromise'.
typechain/tx-sign-and-send/lending_pool.ts(507,25): error TS2345: Argument of type 'import("/home/lukas/repos/abax/abacus-protocol/node_modules/@polkadot/api/promise/Api").ApiPromise' is not assignable to parameter of type 'import("/home/lukas/repos/abax/abacus-protocol/node_modules/wookashwackomytest-typechain-types/node_modules/@polkadot/api/promise/Api").ApiPromise'.
typechain/tx-sign-and-send/lending_pool.ts(521,25): error TS2345: Argument of type 'import("/home/lukas/repos/abax/abacus-protocol/node_modules/@polkadot/api/promise/Api").ApiPromise' is not assignable to parameter of type 'import("/home/lukas/repos/abax/abacus-protocol/node_modules/wookashwackomytest-typechain-types/node_modules/@polkadot/api/promise/Api").ApiPromise'.
typechain/tx-sign-and-send/lending_pool.ts(535,25): error TS2345: Argument of type 'import("/home/lukas/repos/abax/abacus-protocol/node_modules/@polkadot/api/promise/Api").ApiPromise' is not assignable to parameter of type 'import("/home/lukas/repos/abax/abacus-protocol/node_modules/wookashwackomytest-typechain-types/node_modules/@polkadot/api/promise/Api").ApiPromise'.
typechain/tx-sign-and-send/lending_pool.ts(549,25): error TS2345: Argument of type 'import("/home/lukas/repos/abax/abacus-protocol/node_modules/@polkadot/api/promise/Api").ApiPromise' is not assignable to parameter of type 'import("/home/lukas/repos/abax/abacus-protocol/node_modules/wookashwackomytest-typechain-types/node_modules/@polkadot/api/promise/Api").ApiPromise'.
typechain/tx-sign-and-send/lending_pool.ts(563,25): error TS2345: Argument of type 'import("/home/lukas/repos/abax/abacus-protocol/node_modules/@polkadot/api/promise/Api").ApiPromise' is not assignable to parameter of type 'import("/home/lukas/repos/abax/abacus-protocol/node_modules/wookashwackomytest-typechain-types/node_modules/@polkadot/api/promise/Api").ApiPromise'.
typechain/tx-sign-and-send/lending_pool.ts(579,25): error TS2345: Argument of type 'import("/home/lukas/repos/abax/abacus-protocol/node_modules/@polkadot/api/promise/Api").ApiPromise' is not assignable to parameter of type 'import("/home/lukas/repos/abax/abacus-protocol/node_modules/wookashwackomytest-typechain-types/node_modules/@polkadot/api/promise/Api").ApiPromise'.
typechain/tx-sign-and-send/lending_pool.ts(595,25): error TS2345: Argument of type 'import("/home/lukas/repos/abax/abacus-protocol/node_modules/@polkadot/api/promise/Api").ApiPromise' is not assignable to parameter of type 'import("/home/lukas/repos/abax/abacus-protocol/node_modules/wookashwackomytest-typechain-types/node_modules/@polkadot/api/promise/Api").ApiPromise'.
typechain/tx-sign-and-send/lending_pool.ts(609,25): error TS2345: Argument of type 'import("/home/lukas/repos/abax/abacus-protocol/node_modules/@polkadot/api/promise/Api").ApiPromise' is not assignable to parameter of type 'import("/home/lukas/repos/abax/abacus-protocol/node_modules/wookashwackomytest-typechain-types/node_modules/@polkadot/api/promise/Api").ApiPromise'.
typechain/tx-sign-and-send/lending_pool.ts(623,25): error TS2345: Argument of type 'import("/home/lukas/repos/abax/abacus-protocol/node_modules/@polkadot/api/promise/Api").ApiPromise' is not assignable to parameter of type 'import("/home/lukas/repos/abax/abacus-protocol/node_modules/wookashwackomytest-typechain-types/node_modules/@polkadot/api/promise/Api").ApiPromise'.
typechain/tx-sign-and-send/lending_pool.ts(637,25): error TS2345: Argument of type 'import("/home/lukas/repos/abax/abacus-protocol/node_modules/@polkadot/api/promise/Api").ApiPromise' is not assignable to parameter of type 'import("/home/lukas/repos/abax/abacus-protocol/node_modules/wookashwackomytest-typechain-types/node_modules/@polkadot/api/promise/Api").ApiPromise'.
typechain/tx-sign-and-send/lending_pool.ts(651,25): error TS2345: Argument of type 'import("/home/lukas/repos/abax/abacus-protocol/node_modules/@polkadot/api/promise/Api").ApiPromise' is not assignable to parameter of type 'import("/home/lukas/repos/abax/abacus-protocol/node_modules/wookashwackomytest-typechain-types/node_modules/@polkadot/api/promise/Api").ApiPromise'.
typechain/tx-sign-and-send/lending_pool.ts(665,25): error TS2345: Argument of type 'import("/home/lukas/repos/abax/abacus-protocol/node_modules/@polkadot/api/promise/Api").ApiPromise' is not assignable to parameter of type 'import("/home/lukas/repos/abax/abacus-protocol/node_modules/wookashwackomytest-typechain-types/node_modules/@polkadot/api/promise/Api").ApiPromise'.
typechain/tx-sign-and-send/lending_pool.ts(681,25): error TS2345: Argument of type 'import("/home/lukas/repos/abax/abacus-protocol/node_modules/@polkadot/api/promise/Api").ApiPromise' is not assignable to parameter of type 'import("/home/lukas/repos/abax/abacus-protocol/node_modules/wookashwackomytest-typechain-types/node_modules/@polkadot/api/promise/Api").ApiPromise'.
typechain/tx-sign-and-send/lending_pool.ts(701,25): error TS2345: Argument of type 'import("/home/lukas/repos/abax/abacus-protocol/node_modules/@polkadot/api/promise/Api").ApiPromise' is not assignable to parameter of type 'import("/home/lukas/repos/abax/abacus-protocol/node_modules/wookashwackomytest-typechain-types/node_modules/@polkadot/api/promise/Api").ApiPromise'.
typechain/tx-sign-and-send/lending_pool.ts(715,25): error TS2345: Argument of type 'import("/home/lukas/repos/abax/abacus-protocol/node_modules/@polkadot/api/promise/Api").ApiPromise' is not assignable to parameter of type 'import("/home/lukas/repos/abax/abacus-protocol/node_modules/wookashwackomytest-typechain-types/node_modules/@polkadot/api/promise/Api").ApiPromise'.
typechain/tx-sign-and-send/lending_pool.ts(731,25): error TS2345: Argument of type 'import("/home/lukas/repos/abax/abacus-protocol/node_modules/@polkadot/api/promise/Api").ApiPromise' is not assignable to parameter of type 'import("/home/lukas/repos/abax/abacus-protocol/node_modules/wookashwackomytest-typechain-types/node_modules/@polkadot/api/promise/Api").ApiPromise'.
typechain/tx-sign-and-send/lending_pool.ts(751,25): error TS2345: Argument of type 'import("/home/lukas/repos/abax/abacus-protocol/node_modules/@polkadot/api/promise/Api").ApiPromise' is not assignable to parameter of type 'import("/home/lukas/repos/abax/abacus-protocol/node_modules/wookashwackomytest-typechain-types/node_modules/@polkadot/api/promise/Api").ApiPromise'.
typechain/tx-sign-and-send/lending_pool.ts(767,25): error TS2345: Argument of type 'import("/home/lukas/repos/abax/abacus-protocol/node_modules/@polkadot/api/promise/Api").ApiPromise' is not assignable to parameter of type 'import("/home/lukas/repos/abax/abacus-protocol/node_modules/wookashwackomytest-typechain-types/node_modules/@polkadot/api/promise/Api").ApiPromise'.
typechain/tx-sign-and-send/lending_pool.ts(781,25): error TS2345: Argument of type 'import("/home/lukas/repos/abax/abacus-protocol/node_modules/@polkadot/api/promise/Api").ApiPromise' is not assignable to parameter of type 'import("/home/lukas/repos/abax/abacus-protocol/node_modules/wookashwackomytest-typechain-types/node_modules/@polkadot/api/promise/Api").ApiPromise'.
typechain/tx-sign-and-send/lending_pool.ts(797,25): error TS2345: Argument of type 'import("/home/lukas/repos/abax/abacus-protocol/node_modules/@polkadot/api/promise/Api").ApiPromise' is not assignable to parameter of type 'import("/home/lukas/repos/abax/abacus-protocol/node_modules/wookashwackomytest-typechain-types/node_modules/@polkadot/api/promise/Api").ApiPromise'.
typechain/tx-sign-and-send/lending_pool.ts(813,25): error TS2345: Argument of type 'import("/home/lukas/repos/abax/abacus-protocol/node_modules/@polkadot/api/promise/Api").ApiPromise' is not assignable to parameter of type 'import("/home/lukas/repos/abax/abacus-protocol/node_modules/wookashwackomytest-typechain-types/node_modules/@polkadot/api/promise/Api").ApiPromise'.
typechain/tx-sign-and-send/lending_pool.ts(829,25): error TS2345: Argument of type 'import("/home/lukas/repos/abax/abacus-protocol/node_modules/@polkadot/api/promise/Api").ApiPromise' is not assignable to parameter of type 'import("/home/lukas/repos/abax/abacus-protocol/node_modules/wookashwackomytest-typechain-types/node_modules/@polkadot/api/promise/Api").ApiPromise'.
typechain/tx-sign-and-send/price_feed_provider.ts(43,25): error TS2345: Argument of type 'import("/home/lukas/repos/abax/abacus-protocol/node_modules/@polkadot/api/promise/Api").ApiPromise' is not assignable to parameter of type 'import("/home/lukas/repos/abax/abacus-protocol/node_modules/wookashwackomytest-typechain-types/node_modules/@polkadot/api/promise/Api").ApiPromise'.
typechain/tx-sign-and-send/price_feed_provider.ts(57,25): error TS2345: Argument of type 'import("/home/lukas/repos/abax/abacus-protocol/node_modules/@polkadot/api/promise/Api").ApiPromise' is not assignable to parameter of type 'import("/home/lukas/repos/abax/abacus-protocol/node_modules/wookashwackomytest-typechain-types/node_modules/@polkadot/api/promise/Api").ApiPromise'.
typechain/tx-sign-and-send/price_feed_provider.ts(71,25): error TS2345: Argument of type 'import("/home/lukas/repos/abax/abacus-protocol/node_modules/@polkadot/api/promise/Api").ApiPromise' is not assignable to parameter of type 'import("/home/lukas/repos/abax/abacus-protocol/node_modules/wookashwackomytest-typechain-types/node_modules/@polkadot/api/promise/Api").ApiPromise'.
typechain/tx-sign-and-send/price_feed_provider.ts(83,25): error TS2345: Argument of type 'import("/home/lukas/repos/abax/abacus-protocol/node_modules/@polkadot/api/promise/Api").ApiPromise' is not assignable to parameter of type 'import("/home/lukas/repos/abax/abacus-protocol/node_modules/wookashwackomytest-typechain-types/node_modules/@polkadot/api/promise/Api").ApiPromise'.
typechain/tx-sign-and-send/price_feed_provider.ts(95,25): error TS2345: Argument of type 'import("/home/lukas/repos/abax/abacus-protocol/node_modules/@polkadot/api/promise/Api").ApiPromise' is not assignable to parameter of type 'import("/home/lukas/repos/abax/abacus-protocol/node_modules/wookashwackomytest-typechain-types/node_modules/@polkadot/api/promise/Api").ApiPromise'.
typechain/tx-sign-and-send/price_feed_provider.ts(109,25): error TS2345: Argument of type 'import("/home/lukas/repos/abax/abacus-protocol/node_modules/@polkadot/api/promise/Api").ApiPromise' is not assignable to parameter of type 'import("/home/lukas/repos/abax/abacus-protocol/node_modules/wookashwackomytest-typechain-types/node_modules/@polkadot/api/promise/Api").ApiPromise'.
typechain/tx-sign-and-send/psp22_emitable.ts(39,25): error TS2345: Argument of type 'import("/home/lukas/repos/abax/abacus-protocol/node_modules/@polkadot/api/promise/Api").ApiPromise' is not assignable to parameter of type 'import("/home/lukas/repos/abax/abacus-protocol/node_modules/wookashwackomytest-typechain-types/node_modules/@polkadot/api/promise/Api").ApiPromise'.
typechain/tx-sign-and-send/psp22_emitable.ts(53,25): error TS2345: Argument of type 'import("/home/lukas/repos/abax/abacus-protocol/node_modules/@polkadot/api/promise/Api").ApiPromise' is not assignable to parameter of type 'import("/home/lukas/repos/abax/abacus-protocol/node_modules/wookashwackomytest-typechain-types/node_modules/@polkadot/api/promise/Api").ApiPromise'.
typechain/tx-sign-and-send/psp22_emitable.ts(69,25): error TS2345: Argument of type 'import("/home/lukas/repos/abax/abacus-protocol/node_modules/@polkadot/api/promise/Api").ApiPromise' is not assignable to parameter of type 'import("/home/lukas/repos/abax/abacus-protocol/node_modules/wookashwackomytest-typechain-types/node_modules/@polkadot/api/promise/Api").ApiPromise'.
typechain/tx-sign-and-send/psp22_emitable.ts(87,25): error TS2345: Argument of type 'import("/home/lukas/repos/abax/abacus-protocol/node_modules/@polkadot/api/promise/Api").ApiPromise' is not assignable to parameter of type 'import("/home/lukas/repos/abax/abacus-protocol/node_modules/wookashwackomytest-typechain-types/node_modules/@polkadot/api/promise/Api").ApiPromise'.
typechain/tx-sign-and-send/psp22_emitable.ts(107,25): error TS2345: Argument of type 'import("/home/lukas/repos/abax/abacus-protocol/node_modules/@polkadot/api/promise/Api").ApiPromise' is not assignable to parameter of type 'import("/home/lukas/repos/abax/abacus-protocol/node_modules/wookashwackomytest-typechain-types/node_modules/@polkadot/api/promise/Api").ApiPromise'.
typechain/tx-sign-and-send/psp22_emitable.ts(123,25): error TS2345: Argument of type 'import("/home/lukas/repos/abax/abacus-protocol/node_modules/@polkadot/api/promise/Api").ApiPromise' is not assignable to parameter of type 'import("/home/lukas/repos/abax/abacus-protocol/node_modules/wookashwackomytest-typechain-types/node_modules/@polkadot/api/promise/Api").ApiPromise'.
typechain/tx-sign-and-send/psp22_emitable.ts(139,25): error TS2345: Argument of type 'import("/home/lukas/repos/abax/abacus-protocol/node_modules/@polkadot/api/promise/Api").ApiPromise' is not assignable to parameter of type 'import("/home/lukas/repos/abax/abacus-protocol/node_modules/wookashwackomytest-typechain-types/node_modules/@polkadot/api/promise/Api").ApiPromise'.
typechain/tx-sign-and-send/psp22_emitable.ts(155,25): error TS2345: Argument of type 'import("/home/lukas/repos/abax/abacus-protocol/node_modules/@polkadot/api/promise/Api").ApiPromise' is not assignable to parameter of type 'import("/home/lukas/repos/abax/abacus-protocol/node_modules/wookashwackomytest-typechain-types/node_modules/@polkadot/api/promise/Api").ApiPromise'.
typechain/tx-sign-and-send/psp22_emitable.ts(167,25): error TS2345: Argument of type 'import("/home/lukas/repos/abax/abacus-protocol/node_modules/@polkadot/api/promise/Api").ApiPromise' is not assignable to parameter of type 'import("/home/lukas/repos/abax/abacus-protocol/node_modules/wookashwackomytest-typechain-types/node_modules/@polkadot/api/promise/Api").ApiPromise'.
typechain/tx-sign-and-send/psp22_emitable.ts(179,25): error TS2345: Argument of type 'import("/home/lukas/repos/abax/abacus-protocol/node_modules/@polkadot/api/promise/Api").ApiPromise' is not assignable to parameter of type 'import("/home/lukas/repos/abax/abacus-protocol/node_modules/wookashwackomytest-typechain-types/node_modules/@polkadot/api/promise/Api").ApiPromise'.
typechain/tx-sign-and-send/psp22_emitable.ts(191,25): error TS2345: Argument of type 'import("/home/lukas/repos/abax/abacus-protocol/node_modules/@polkadot/api/promise/Api").ApiPromise' is not assignable to parameter of type 'import("/home/lukas/repos/abax/abacus-protocol/node_modules/wookashwackomytest-typechain-types/node_modules/@polkadot/api/promise/Api").ApiPromise'.
typechain/tx-sign-and-send/psp22_emitable.ts(207,25): error TS2345: Argument of type 'import("/home/lukas/repos/abax/abacus-protocol/node_modules/@polkadot/api/promise/Api").ApiPromise' is not assignable to parameter of type 'import("/home/lukas/repos/abax/abacus-protocol/node_modules/wookashwackomytest-typechain-types/node_modules/@polkadot/api/promise/Api").ApiPromise'.
typechain/tx-sign-and-send/psp22_ownable.ts(39,25): error TS2345: Argument of type 'import("/home/lukas/repos/abax/abacus-protocol/node_modules/@polkadot/api/promise/Api").ApiPromise' is not assignable to parameter of type 'import("/home/lukas/repos/abax/abacus-protocol/node_modules/wookashwackomytest-typechain-types/node_modules/@polkadot/api/promise/Api").ApiPromise'.
typechain/tx-sign-and-send/psp22_ownable.ts(53,25): error TS2345: Argument of type 'import("/home/lukas/repos/abax/abacus-protocol/node_modules/@polkadot/api/promise/Api").ApiPromise' is not assignable to parameter of type 'import("/home/lukas/repos/abax/abacus-protocol/node_modules/wookashwackomytest-typechain-types/node_modules/@polkadot/api/promise/Api").ApiPromise'.
typechain/tx-sign-and-send/psp22_ownable.ts(69,25): error TS2345: Argument of type 'import("/home/lukas/repos/abax/abacus-protocol/node_modules/@polkadot/api/promise/Api").ApiPromise' is not assignable to parameter of type 'import("/home/lukas/repos/abax/abacus-protocol/node_modules/wookashwackomytest-typechain-types/node_modules/@polkadot/api/promise/Api").ApiPromise'.
typechain/tx-sign-and-send/psp22_ownable.ts(87,25): error TS2345: Argument of type 'import("/home/lukas/repos/abax/abacus-protocol/node_modules/@polkadot/api/promise/Api").ApiPromise' is not assignable to parameter of type 'import("/home/lukas/repos/abax/abacus-protocol/node_modules/wookashwackomytest-typechain-types/node_modules/@polkadot/api/promise/Api").ApiPromise'.
typechain/tx-sign-and-send/psp22_ownable.ts(107,25): error TS2345: Argument of type 'import("/home/lukas/repos/abax/abacus-protocol/node_modules/@polkadot/api/promise/Api").ApiPromise' is not assignable to parameter of type 'import("/home/lukas/repos/abax/abacus-protocol/node_modules/wookashwackomytest-typechain-types/node_modules/@polkadot/api/promise/Api").ApiPromise'.
typechain/tx-sign-and-send/psp22_ownable.ts(123,25): error TS2345: Argument of type 'import("/home/lukas/repos/abax/abacus-protocol/node_modules/@polkadot/api/promise/Api").ApiPromise' is not assignable to parameter of type 'import("/home/lukas/repos/abax/abacus-protocol/node_modules/wookashwackomytest-typechain-types/node_modules/@polkadot/api/promise/Api").ApiPromise'.
typechain/tx-sign-and-send/psp22_ownable.ts(139,25): error TS2345: Argument of type 'import("/home/lukas/repos/abax/abacus-protocol/node_modules/@polkadot/api/promise/Api").ApiPromise' is not assignable to parameter of type 'import("/home/lukas/repos/abax/abacus-protocol/node_modules/wookashwackomytest-typechain-types/node_modules/@polkadot/api/promise/Api").ApiPromise'.
typechain/tx-sign-and-send/psp22_ownable.ts(155,25): error TS2345: Argument of type 'import("/home/lukas/repos/abax/abacus-protocol/node_modules/@polkadot/api/promise/Api").ApiPromise' is not assignable to parameter of type 'import("/home/lukas/repos/abax/abacus-protocol/node_modules/wookashwackomytest-typechain-types/node_modules/@polkadot/api/promise/Api").ApiPromise'.
typechain/tx-sign-and-send/psp22_ownable.ts(171,25): error TS2345: Argument of type 'import("/home/lukas/repos/abax/abacus-protocol/node_modules/@polkadot/api/promise/Api").ApiPromise' is not assignable to parameter of type 'import("/home/lukas/repos/abax/abacus-protocol/node_modules/wookashwackomytest-typechain-types/node_modules/@polkadot/api/promise/Api").ApiPromise'.
typechain/tx-sign-and-send/psp22_ownable.ts(183,25): error TS2345: Argument of type 'import("/home/lukas/repos/abax/abacus-protocol/node_modules/@polkadot/api/promise/Api").ApiPromise' is not assignable to parameter of type 'import("/home/lukas/repos/abax/abacus-protocol/node_modules/wookashwackomytest-typechain-types/node_modules/@polkadot/api/promise/Api").ApiPromise'.
typechain/tx-sign-and-send/psp22_ownable.ts(195,25): error TS2345: Argument of type 'import("/home/lukas/repos/abax/abacus-protocol/node_modules/@polkadot/api/promise/Api").ApiPromise' is not assignable to parameter of type 'import("/home/lukas/repos/abax/abacus-protocol/node_modules/wookashwackomytest-typechain-types/node_modules/@polkadot/api/promise/Api").ApiPromise'.
typechain/tx-sign-and-send/psp22_ownable.ts(207,25): error TS2345: Argument of type 'import("/home/lukas/repos/abax/abacus-protocol/node_modules/@polkadot/api/promise/Api").ApiPromise' is not assignable to parameter of type 'import("/home/lukas/repos/abax/abacus-protocol/node_modules/wookashwackomytest-typechain-types/node_modules/@polkadot/api/promise/Api").ApiPromise'.
typechain/tx-sign-and-send/psp22_ownable.ts(219,25): error TS2345: Argument of type 'import("/home/lukas/repos/abax/abacus-protocol/node_modules/@polkadot/api/promise/Api").ApiPromise' is not assignable to parameter of type 'import("/home/lukas/repos/abax/abacus-protocol/node_modules/wookashwackomytest-typechain-types/node_modules/@polkadot/api/promise/Api").ApiPromise'.
typechain/tx-sign-and-send/psp22_ownable.ts(231,25): error TS2345: Argument of type 'import("/home/lukas/repos/abax/abacus-protocol/node_modules/@polkadot/api/promise/Api").ApiPromise' is not assignable to parameter of type 'import("/home/lukas/repos/abax/abacus-protocol/node_modules/wookashwackomytest-typechain-types/node_modules/@polkadot/api/promise/Api").ApiPromise'.
typechain/tx-sign-and-send/psp22_ownable.ts(245,25): error TS2345: Argument of type 'import("/home/lukas/repos/abax/abacus-protocol/node_modules/@polkadot/api/promise/Api").ApiPromise' is not assignable to parameter of type 'import("/home/lukas/repos/abax/abacus-protocol/node_modules/wookashwackomytest-typechain-types/node_modules/@polkadot/api/promise/Api").ApiPromise'.
typechain/tx-sign-and-send/stable_token.ts(39,25): error TS2345: Argument of type 'import("/home/lukas/repos/abax/abacus-protocol/node_modules/@polkadot/api/promise/Api").ApiPromise' is not assignable to parameter of type 'import("/home/lukas/repos/abax/abacus-protocol/node_modules/wookashwackomytest-typechain-types/node_modules/@polkadot/api/promise/Api").ApiPromise'.
typechain/tx-sign-and-send/stable_token.ts(53,25): error TS2345: Argument of type 'import("/home/lukas/repos/abax/abacus-protocol/node_modules/@polkadot/api/promise/Api").ApiPromise' is not assignable to parameter of type 'import("/home/lukas/repos/abax/abacus-protocol/node_modules/wookashwackomytest-typechain-types/node_modules/@polkadot/api/promise/Api").ApiPromise'.
typechain/tx-sign-and-send/stable_token.ts(69,25): error TS2345: Argument of type 'import("/home/lukas/repos/abax/abacus-protocol/node_modules/@polkadot/api/promise/Api").ApiPromise' is not assignable to parameter of type 'import("/home/lukas/repos/abax/abacus-protocol/node_modules/wookashwackomytest-typechain-types/node_modules/@polkadot/api/promise/Api").ApiPromise'.
typechain/tx-sign-and-send/stable_token.ts(87,25): error TS2345: Argument of type 'import("/home/lukas/repos/abax/abacus-protocol/node_modules/@polkadot/api/promise/Api").ApiPromise' is not assignable to parameter of type 'import("/home/lukas/repos/abax/abacus-protocol/node_modules/wookashwackomytest-typechain-types/node_modules/@polkadot/api/promise/Api").ApiPromise'.
typechain/tx-sign-and-send/stable_token.ts(107,25): error TS2345: Argument of type 'import("/home/lukas/repos/abax/abacus-protocol/node_modules/@polkadot/api/promise/Api").ApiPromise' is not assignable to parameter of type 'import("/home/lukas/repos/abax/abacus-protocol/node_modules/wookashwackomytest-typechain-types/node_modules/@polkadot/api/promise/Api").ApiPromise'.
typechain/tx-sign-and-send/stable_token.ts(123,25): error TS2345: Argument of type 'import("/home/lukas/repos/abax/abacus-protocol/node_modules/@polkadot/api/promise/Api").ApiPromise' is not assignable to parameter of type 'import("/home/lukas/repos/abax/abacus-protocol/node_modules/wookashwackomytest-typechain-types/node_modules/@polkadot/api/promise/Api").ApiPromise'.
typechain/tx-sign-and-send/stable_token.ts(139,25): error TS2345: Argument of type 'import("/home/lukas/repos/abax/abacus-protocol/node_modules/@polkadot/api/promise/Api").ApiPromise' is not assignable to parameter of type 'import("/home/lukas/repos/abax/abacus-protocol/node_modules/wookashwackomytest-typechain-types/node_modules/@polkadot/api/promise/Api").ApiPromise'.
typechain/tx-sign-and-send/stable_token.ts(155,25): error TS2345: Argument of type 'import("/home/lukas/repos/abax/abacus-protocol/node_modules/@polkadot/api/promise/Api").ApiPromise' is not assignable to parameter of type 'import("/home/lukas/repos/abax/abacus-protocol/node_modules/wookashwackomytest-typechain-types/node_modules/@polkadot/api/promise/Api").ApiPromise'.
typechain/tx-sign-and-send/stable_token.ts(167,25): error TS2345: Argument of type 'import("/home/lukas/repos/abax/abacus-protocol/node_modules/@polkadot/api/promise/Api").ApiPromise' is not assignable to parameter of type 'import("/home/lukas/repos/abax/abacus-protocol/node_modules/wookashwackomytest-typechain-types/node_modules/@polkadot/api/promise/Api").ApiPromise'.
typechain/tx-sign-and-send/stable_token.ts(179,25): error TS2345: Argument of type 'import("/home/lukas/repos/abax/abacus-protocol/node_modules/@polkadot/api/promise/Api").ApiPromise' is not assignable to parameter of type 'import("/home/lukas/repos/abax/abacus-protocol/node_modules/wookashwackomytest-typechain-types/node_modules/@polkadot/api/promise/Api").ApiPromise'.
typechain/tx-sign-and-send/stable_token.ts(191,25): error TS2345: Argument of type 'import("/home/lukas/repos/abax/abacus-protocol/node_modules/@polkadot/api/promise/Api").ApiPromise' is not assignable to parameter of type 'import("/home/lukas/repos/abax/abacus-protocol/node_modules/wookashwackomytest-typechain-types/node_modules/@polkadot/api/promise/Api").ApiPromise'.
typechain/tx-sign-and-send/stable_token.ts(207,25): error TS2345: Argument of type 'import("/home/lukas/repos/abax/abacus-protocol/node_modules/@polkadot/api/promise/Api").ApiPromise' is not assignable to parameter of type 'import("/home/lukas/repos/abax/abacus-protocol/node_modules/wookashwackomytest-typechain-types/node_modules/@polkadot/api/promise/Api").ApiPromise'.
typechain/tx-sign-and-send/stable_token.ts(221,25): error TS2345: Argument of type 'import("/home/lukas/repos/abax/abacus-protocol/node_modules/@polkadot/api/promise/Api").ApiPromise' is not assignable to parameter of type 'import("/home/lukas/repos/abax/abacus-protocol/node_modules/wookashwackomytest-typechain-types/node_modules/@polkadot/api/promise/Api").ApiPromise'.
typechain/tx-sign-and-send/stable_token.ts(237,25): error TS2345: Argument of type 'import("/home/lukas/repos/abax/abacus-protocol/node_modules/@polkadot/api/promise/Api").ApiPromise' is not assignable to parameter of type 'import("/home/lukas/repos/abax/abacus-protocol/node_modules/wookashwackomytest-typechain-types/node_modules/@polkadot/api/promise/Api").ApiPromise'.
typechain/tx-sign-and-send/stable_token.ts(253,25): error TS2345: Argument of type 'import("/home/lukas/repos/abax/abacus-protocol/node_modules/@polkadot/api/promise/Api").ApiPromise' is not assignable to parameter of type 'import("/home/lukas/repos/abax/abacus-protocol/node_modules/wookashwackomytest-typechain-types/node_modules/@polkadot/api/promise/Api").ApiPromise'.
typechain/tx-sign-and-send/stable_token.ts(269,25): error TS2345: Argument of type 'import("/home/lukas/repos/abax/abacus-protocol/node_modules/@polkadot/api/promise/Api").ApiPromise' is not assignable to parameter of type 'import("/home/lukas/repos/abax/abacus-protocol/node_modules/wookashwackomytest-typechain-types/node_modules/@polkadot/api/promise/Api").ApiPromise'.
typechain/tx-sign-and-send/stable_token.ts(285,25): error TS2345: Argument of type 'import("/home/lukas/repos/abax/abacus-protocol/node_modules/@polkadot/api/promise/Api").ApiPromise' is not assignable to parameter of type 'import("/home/lukas/repos/abax/abacus-protocol/node_modules/wookashwackomytest-typechain-types/node_modules/@polkadot/api/promise/Api").ApiPromise'.
typechain/tx-sign-and-send/stable_token.ts(301,25): error TS2345: Argument of type 'import("/home/lukas/repos/abax/abacus-protocol/node_modules/@polkadot/api/promise/Api").ApiPromise' is not assignable to parameter of type 'import("/home/lukas/repos/abax/abacus-protocol/node_modules/wookashwackomytest-typechain-types/node_modules/@polkadot/api/promise/Api").ApiPromise'.
typechain/tx-sign-and-send/test_reserves_minter.ts(43,25): error TS2345: Argument of type 'import("/home/lukas/repos/abax/abacus-protocol/node_modules/@polkadot/api/promise/Api").ApiPromise' is not assignable to parameter of type 'import("/home/lukas/repos/abax/abacus-protocol/node_modules/wookashwackomytest-typechain-types/node_modules/@polkadot/api/promise/Api").ApiPromise'.
typechain/tx-sign-and-send/test_reserves_minter.ts(55,25): error TS2345: Argument of type 'import("/home/lukas/repos/abax/abacus-protocol/node_modules/@polkadot/api/promise/Api").ApiPromise' is not assignable to parameter of type 'import("/home/lukas/repos/abax/abacus-protocol/node_modules/wookashwackomytest-typechain-types/node_modules/@polkadot/api/promise/Api").ApiPromise'.
typechain/tx-sign-and-send/test_reserves_minter.ts(67,25): error TS2345: Argument of type 'import("/home/lukas/repos/abax/abacus-protocol/node_modules/@polkadot/api/promise/Api").ApiPromise' is not assignable to parameter of type 'import("/home/lukas/repos/abax/abacus-protocol/node_modules/wookashwackomytest-typechain-types/node_modules/@polkadot/api/promise/Api").ApiPromise'.
typechain/tx-sign-and-send/test_reserves_minter.ts(81,25): error TS2345: Argument of type 'import("/home/lukas/repos/abax/abacus-protocol/node_modules/@polkadot/api/promise/Api").ApiPromise' is not assignable to parameter of type 'import("/home/lukas/repos/abax/abacus-protocol/node_modules/wookashwackomytest-typechain-types/node_modules/@polkadot/api/promise/Api").ApiPromise'.
typechain/tx-sign-and-send/v_token.ts(41,25): error TS2345: Argument of type 'import("/home/lukas/repos/abax/abacus-protocol/node_modules/@polkadot/api/promise/Api").ApiPromise' is not assignable to parameter of type 'import("/home/lukas/repos/abax/abacus-protocol/node_modules/wookashwackomytest-typechain-types/node_modules/@polkadot/api/promise/Api").ApiPromise'.
typechain/tx-sign-and-send/v_token.ts(61,25): error TS2345: Argument of type 'import("/home/lukas/repos/abax/abacus-protocol/node_modules/@polkadot/api/promise/Api").ApiPromise' is not assignable to parameter of type 'import("/home/lukas/repos/abax/abacus-protocol/node_modules/wookashwackomytest-typechain-types/node_modules/@polkadot/api/promise/Api").ApiPromise'.
typechain/tx-sign-and-send/v_token.ts(73,25): error TS2345: Argument of type 'import("/home/lukas/repos/abax/abacus-protocol/node_modules/@polkadot/api/promise/Api").ApiPromise' is not assignable to parameter of type 'import("/home/lukas/repos/abax/abacus-protocol/node_modules/wookashwackomytest-typechain-types/node_modules/@polkadot/api/promise/Api").ApiPromise'.
typechain/tx-sign-and-send/v_token.ts(85,25): error TS2345: Argument of type 'import("/home/lukas/repos/abax/abacus-protocol/node_modules/@polkadot/api/promise/Api").ApiPromise' is not assignable to parameter of type 'import("/home/lukas/repos/abax/abacus-protocol/node_modules/wookashwackomytest-typechain-types/node_modules/@polkadot/api/promise/Api").ApiPromise'.
typechain/tx-sign-and-send/v_token.ts(99,25): error TS2345: Argument of type 'import("/home/lukas/repos/abax/abacus-protocol/node_modules/@polkadot/api/promise/Api").ApiPromise' is not assignable to parameter of type 'import("/home/lukas/repos/abax/abacus-protocol/node_modules/wookashwackomytest-typechain-types/node_modules/@polkadot/api/promise/Api").ApiPromise'.
typechain/tx-sign-and-send/v_token.ts(115,25): error TS2345: Argument of type 'import("/home/lukas/repos/abax/abacus-protocol/node_modules/@polkadot/api/promise/Api").ApiPromise' is not assignable to parameter of type 'import("/home/lukas/repos/abax/abacus-protocol/node_modules/wookashwackomytest-typechain-types/node_modules/@polkadot/api/promise/Api").ApiPromise'.
typechain/tx-sign-and-send/v_token.ts(133,25): error TS2345: Argument of type 'import("/home/lukas/repos/abax/abacus-protocol/node_modules/@polkadot/api/promise/Api").ApiPromise' is not assignable to parameter of type 'import("/home/lukas/repos/abax/abacus-protocol/node_modules/wookashwackomytest-typechain-types/node_modules/@polkadot/api/promise/Api").ApiPromise'.
typechain/tx-sign-and-send/v_token.ts(153,25): error TS2345: Argument of type 'import("/home/lukas/repos/abax/abacus-protocol/node_modules/@polkadot/api/promise/Api").ApiPromise' is not assignable to parameter of type 'import("/home/lukas/repos/abax/abacus-protocol/node_modules/wookashwackomytest-typechain-types/node_modules/@polkadot/api/promise/Api").ApiPromise'.
typechain/tx-sign-and-send/v_token.ts(169,25): error TS2345: Argument of type 'import("/home/lukas/repos/abax/abacus-protocol/node_modules/@polkadot/api/promise/Api").ApiPromise' is not assignable to parameter of type 'import("/home/lukas/repos/abax/abacus-protocol/node_modules/wookashwackomytest-typechain-types/node_modules/@polkadot/api/promise/Api").ApiPromise'.
typechain/tx-sign-and-send/v_token.ts(185,25): error TS2345: Argument of type 'import("/home/lukas/repos/abax/abacus-protocol/node_modules/@polkadot/api/promise/Api").ApiPromise' is not assignable to parameter of type 'import("/home/lukas/repos/abax/abacus-protocol/node_modules/wookashwackomytest-typechain-types/node_modules/@polkadot/api/promise/Api").ApiPromise'.
typechain/tx-sign-and-send/v_token.ts(201,25): error TS2345: Argument of type 'import("/home/lukas/repos/abax/abacus-protocol/node_modules/@polkadot/api/promise/Api").ApiPromise' is not assignable to parameter of type 'import("/home/lukas/repos/abax/abacus-protocol/node_modules/wookashwackomytest-typechain-types/node_modules/@polkadot/api/promise/Api").ApiPromise'.
typechain/tx-sign-and-send/v_token.ts(213,25): error TS2345: Argument of type 'import("/home/lukas/repos/abax/abacus-protocol/node_modules/@polkadot/api/promise/Api").ApiPromise' is not assignable to parameter of type 'import("/home/lukas/repos/abax/abacus-protocol/node_modules/wookashwackomytest-typechain-types/node_modules/@polkadot/api/promise/Api").ApiPromise'.
typechain/tx-sign-and-send/v_token.ts(225,25): error TS2345: Argument of type 'import("/home/lukas/repos/abax/abacus-protocol/node_modules/@polkadot/api/promise/Api").ApiPromise' is not assignable to parameter of type 'import("/home/lukas/repos/abax/abacus-protocol/node_modules/wookashwackomytest-typechain-types/node_modules/@polkadot/api/promise/Api").ApiPromise'.
typechain/tx-sign-and-send/v_token.ts(237,25): error TS2345: Argument of type 'import("/home/lukas/repos/abax/abacus-protocol/node_modules/@polkadot/api/promise/Api").ApiPromise' is not assignable to parameter of type 'import("/home/lukas/repos/abax/abacus-protocol/node_modules/wookashwackomytest-typechain-types/node_modules/@polkadot/api/promise/Api").ApiPromise'.
